Archive member included to satisfy reference by file (symbol)

.\ARM_GCC_541\Debug\LucaSpenglerPSoC5Serial.a(ADC_DelSig_1.o)
                              .\ARM_GCC_541\Debug\main.o (ADC_DelSig_1_Start)
.\ARM_GCC_541\Debug\LucaSpenglerPSoC5Serial.a(ADC_DelSig_1_INT.o)
                              .\ARM_GCC_541\Debug\LucaSpenglerPSoC5Serial.a(ADC_DelSig_1.o) (ADC_DelSig_1_ISR1)
.\ARM_GCC_541\Debug\LucaSpenglerPSoC5Serial.a(UART_1.o)
                              .\ARM_GCC_541\Debug\main.o (UART_1_Start)
.\ARM_GCC_541\Debug\LucaSpenglerPSoC5Serial.a(ADC_DelSig_1_AMux.o)
                              .\ARM_GCC_541\Debug\LucaSpenglerPSoC5Serial.a(ADC_DelSig_1.o) (ADC_DelSig_1_AMux_Select)
.\ARM_GCC_541\Debug\LucaSpenglerPSoC5Serial.a(ADC_DelSig_1_Ext_CP_Clk.o)
                              .\ARM_GCC_541\Debug\LucaSpenglerPSoC5Serial.a(ADC_DelSig_1.o) (ADC_DelSig_1_Ext_CP_Clk_SetDividerRegister)
.\ARM_GCC_541\Debug\LucaSpenglerPSoC5Serial.a(ADC_DelSig_1_theACLK.o)
                              .\ARM_GCC_541\Debug\LucaSpenglerPSoC5Serial.a(ADC_DelSig_1.o) (ADC_DelSig_1_theACLK_SetDividerRegister)
.\ARM_GCC_541\Debug\LucaSpenglerPSoC5Serial.a(UART_1_IntClock.o)
                              .\ARM_GCC_541\Debug\LucaSpenglerPSoC5Serial.a(UART_1.o) (UART_1_IntClock_Start)
.\ARM_GCC_541\Debug\LucaSpenglerPSoC5Serial.a(CyLib.o)
                              .\ARM_GCC_541\Debug\Cm3Start.o (CyResetStatus)
.\ARM_GCC_541\Debug\LucaSpenglerPSoC5Serial.a(cyPm.o)
                              .\ARM_GCC_541\Debug\LucaSpenglerPSoC5Serial.a(CyLib.o) (CyPmReadStatus)
.\ARM_GCC_541\Debug\LucaSpenglerPSoC5Serial.a(I2C_1.o)
                              .\ARM_GCC_541\Debug\main.o (I2C_1_Start)
.\ARM_GCC_541\Debug\LucaSpenglerPSoC5Serial.a(I2C_1_INT.o)
                              .\ARM_GCC_541\Debug\LucaSpenglerPSoC5Serial.a(I2C_1.o) (I2C_1_ISR)
.\ARM_GCC_541\Debug\LucaSpenglerPSoC5Serial.a(I2C_1_MASTER.o)
                              .\ARM_GCC_541\Debug\LucaSpenglerPSoC5Serial.a(I2C_1.o) (I2C_1_mstrStatus)
.\ARM_GCC_541\Debug\LucaSpenglerPSoC5Serial.a(SPIM_1.o)
                              .\ARM_GCC_541\Debug\main.o (SPIM_1_ClearFIFO)
.\ARM_GCC_541\Debug\LucaSpenglerPSoC5Serial.a(SPIM_1_INT.o)
                              .\ARM_GCC_541\Debug\LucaSpenglerPSoC5Serial.a(SPIM_1.o) (SPIM_1_TX_ISR)
.\ARM_GCC_541\Debug\LucaSpenglerPSoC5Serial.a(cs_pin.o)
                              .\ARM_GCC_541\Debug\main.o (cs_pin_Write)
.\ARM_GCC_541\Debug\LucaSpenglerPSoC5Serial.a(SPIM_1_IntClock.o)
                              .\ARM_GCC_541\Debug\LucaSpenglerPSoC5Serial.a(SPIM_1.o) (SPIM_1_IntClock_Start)
.\ARM_GCC_541\Debug\LucaSpenglerPSoC5Serial.a(CyBootAsmGnu.o)
                              .\ARM_GCC_541\Debug\cyfitter_cfg.o (CyDelayCycles)
.\ARM_GCC_541\Debug\LucaSpenglerPSoC5Serial.a(CyFlash.o)
                              .\ARM_GCC_541\Debug\LucaSpenglerPSoC5Serial.a(cyPm.o) (CyFlash_SetWaitCycles)
.\ARM_GCC_541\Debug\LucaSpenglerPSoC5Serial.a(CySpc.o)
                              .\ARM_GCC_541\Debug\LucaSpenglerPSoC5Serial.a(CyFlash.o) (CySpcStart)
c:/program files (x86)/cypress/psoc creator/4.4/psoc creator/import/gnu/arm/5.4.1/bin/../lib/gcc/arm-none-eabi/5.4.1/armv7-m\libgcc.a(_arm_addsubdf3.o)
                              .\ARM_GCC_541\Debug\LucaSpenglerPSoC5Serial.a(ADC_DelSig_1.o) (__aeabi_f2d)
c:/program files (x86)/cypress/psoc creator/4.4/psoc creator/import/gnu/arm/5.4.1/bin/../lib/gcc/arm-none-eabi/5.4.1/armv7-m\libgcc.a(_arm_cmpdf2.o)
                              .\ARM_GCC_541\Debug\LucaSpenglerPSoC5Serial.a(ADC_DelSig_1.o) (__aeabi_dcmpgt)
c:/program files (x86)/cypress/psoc creator/4.4/psoc creator/import/gnu/arm/5.4.1/bin/../lib/gcc/arm-none-eabi/5.4.1/armv7-m\libgcc.a(_arm_addsubsf3.o)
                              .\ARM_GCC_541\Debug\LucaSpenglerPSoC5Serial.a(ADC_DelSig_1.o) (__aeabi_ui2f)
c:/program files (x86)/cypress/psoc creator/4.4/psoc creator/import/gnu/arm/5.4.1/bin/../lib/gcc/arm-none-eabi/5.4.1/armv7-m\libgcc.a(_arm_muldivsf3.o)
                              .\ARM_GCC_541\Debug\LucaSpenglerPSoC5Serial.a(ADC_DelSig_1.o) (__aeabi_fmul)
c:/program files (x86)/cypress/psoc creator/4.4/psoc creator/import/gnu/arm/5.4.1/bin/../lib/gcc/arm-none-eabi/5.4.1/armv7-m\libgcc.a(_arm_fixunssfsi.o)
                              .\ARM_GCC_541\Debug\LucaSpenglerPSoC5Serial.a(ADC_DelSig_1.o) (__aeabi_f2uiz)
c:/program files (x86)/cypress/psoc creator/4.4/psoc creator/import/gnu/arm/5.4.1/bin/../lib/gcc/arm-none-eabi/5.4.1/../../../../arm-none-eabi/lib/armv7-m\libg_nano.a(lib_a-errno.o)
                              .\ARM_GCC_541\Debug\Cm3Start.o (__errno)
c:/program files (x86)/cypress/psoc creator/4.4/psoc creator/import/gnu/arm/5.4.1/bin/../lib/gcc/arm-none-eabi/5.4.1/../../../../arm-none-eabi/lib/armv7-m\libg_nano.a(lib_a-exit.o)
[...]
Memory Configuration

Name             Origin             Length             Attributes
rom              0x00000000         0x00040000         xr
ram              0x1fff8000         0x00010000         xrw
*default*        0x00000000         0xffffffff

Linker script and memory map

LOAD c:/program files (x86)/cypress/psoc creator/4.4/psoc creator/import/gnu/arm/5.4.1/bin/../lib/gcc/arm-none-eabi/5.4.1/armv7-m/crti.o
LOAD c:/program files (x86)/cypress/psoc creator/4.4/psoc creator/import/gnu/arm/5.4.1/bin/../lib/gcc/arm-none-eabi/5.4.1/armv7-m/crtbegin.o
LOAD c:/program files (x86)/cypress/psoc creator/4.4/psoc creator/import/gnu/arm/5.4.1/bin/../lib/gcc/arm-none-eabi/5.4.1/../../../../arm-none-eabi/lib/armv7-m/crt0.o
START GROUP
LOAD .\ARM_GCC_541\Debug\main.o
LOAD .\ARM_GCC_541\Debug\cyfitter_cfg.o
LOAD .\ARM_GCC_541\Debug\cymetadata.o
LOAD .\ARM_GCC_541\Debug\Cm3Start.o
LOAD .\ARM_GCC_541\Debug\LucaSpenglerPSoC5Serial.a
LOAD C:\Program Files (x86)\Cypress\PSoC Creator\4.4\PSoC Creator\psoc\content\cycomponentlibrary\CyComponentLibrary.cylib\CortexM3\ARM_GCC_541\Debug\CyComponentLibrary.a
END GROUP
START GROUP
LOAD c:/program files (x86)/cypress/psoc creator/4.4/psoc creator/import/gnu/arm/5.4.1/bin/../lib/gcc/arm-none-eabi/5.4.1/armv7-m\libgcc.a
LOAD c:/program files (x86)/cypress/psoc creator/4.4/psoc creator/import/gnu/arm/5.4.1/bin/../lib/gcc/arm-none-eabi/5.4.1/../../../../arm-none-eabi/lib/armv7-m\libg_nano.a
LOAD c:/program files (x86)/cypress/psoc creator/4.4/psoc creator/import/gnu/arm/5.4.1/bin/../lib/gcc/arm-none-eabi/5.4.1/../../../../arm-none-eabi/lib/armv7-m\libc_nano.a
END GROUP
START GROUP
LOAD c:/program files (x86)/cypress/psoc creator/4.4/psoc creator/import/gnu/arm/5.4.1/bin/../lib/gcc/arm-none-eabi/5.4.1/armv7-m\libgcc.a
LOAD c:/program files (x86)/cypress/psoc creator/4.4/psoc creator/import/gnu/arm/5.4.1/bin/../lib/gcc/arm-none-eabi/5.4.1/../../../../arm-none-eabi/lib/armv7-m\libc_nano.a
END GROUP
LOAD c:/program files (x86)/cypress/psoc creator/4.4/psoc creator/import/gnu/arm/5.4.1/bin/../lib/gcc/arm-none-eabi/5.4.1/armv7-m/crtend.o
LOAD c:/program files (x86)/cypress/psoc creator/4.4/psoc creator/import/gnu/arm/5.4.1/bin/../lib/gcc/arm-none-eabi/5.4.1/armv7-m/crtn.o
START GROUP
LOAD c:/program files (x86)/cypress/psoc creator/4.4/psoc creator/import/gnu/arm/5.4.1/bin/../lib/gcc/arm-none-eabi/5.4.1/armv7-m\libgcc.a
LOAD c:/program files (x86)/cypress/psoc creator/4.4/psoc creator/import/gnu/arm/5.4.1/bin/../lib/gcc/arm-none-eabi/5.4.1/../../../../arm-none-eabi/lib/armv7-m\libc.a
LOAD c:/program files (x86)/cypress/psoc creator/4.4/psoc creator/import/gnu/arm/5.4.1/bin/../lib/gcc/arm-none-eabi/5.4.1/../../../../arm-none-eabi/lib/armv7-m\libnosys.a
END GROUP
                0x00000000                CY_APPL_ORIGIN = 0x0
                0x00000100                CY_FLASH_ROW_SIZE = 0x100
                0x00000020                CY_ECC_ROW_SIZE = 0x20
                0x00000000                CY_EE_IN_BTLDR = 0x0
                0x00000000                CY_APPL_LOADABLE = 0x0
                0x00000800                CY_EE_SIZE = 0x800
                0x00000001                CY_APPL_NUM = 0x1
                0x00000001                CY_APPL_MAX = 0x1
                0x00000040                CY_METADATA_SIZE = 0x40
                0x00000000                CY_APPL_LOADABLE = 0x0
                0x00000000                CY_CHECKSUM_EXCLUDE_SIZE = ALIGN (0x0, CY_FLASH_ROW_SIZE)
                [!provide]                PROVIDE (__cy_heap_start, _end)
                0x00000001                PROVIDE (__cy_region_num, ((__cy_regions_end - __cy_regions) / 0x10))
                0x20008000                PROVIDE (__cy_stack, (ORIGIN (ram) + LENGTH (ram)))
                [!provide]                PROVIDE (__cy_heap_end, (__cy_stack - 0x800))

.cybootloader   0x00000000        0x0
 *(.cybootloader)
                0x00000000                appl1_start = CY_APPL_ORIGIN?CY_APPL_ORIGIN:ALIGN (CY_FLASH_ROW_SIZE)
                0x0001ff00                appl2_start = (appl1_start + ALIGN ((((LENGTH (rom) - appl1_start) - (0x2 * CY_FLASH_ROW_SIZE)) / 0x2), CY_FLASH_ROW_SIZE))
                0x00000000                appl_start = (CY_APPL_NUM == 0x1)?appl1_start:appl2_start
                0x00000000                ecc_offset = ((appl_start / CY_FLASH_ROW_SIZE) * CY_ECC_ROW_SIZE)
                0x00000000                ee_offset = (CY_APPL_LOADABLE && ! (CY_EE_IN_BTLDR))?((CY_EE_SIZE / CY_APPL_MAX) * (CY_APPL_NUM - 0x1)):0x0
                0x00000800                ee_size = (CY_APPL_LOADABLE && ! (CY_EE_IN_BTLDR))?(CY_EE_SIZE / CY_APPL_MAX):CY_EE_SIZE
                [!provide]                PROVIDE (CY_ECC_OFFSET, ecc_offset)

.text           0x00000000     0x2f8c
 CREATE_OBJECT_SYMBOLS
                0x00000000                PROVIDE (__cy_interrupt_vector, RomVectors)
 *(.romvectors)
 .romvectors    0x00000000       0x10 .\ARM_GCC_541\Debug\Cm3Start.o
                0x00000000                RomVectors
                0x00000001                ASSERT ((. != __cy_interrupt_vector), No interrupt vector)
                0x00000001                ASSERT (CY_APPL_ORIGIN?(SIZEOF (.cybootloader) <= CY_APPL_ORIGIN):0x1, Wrong image location)
                0x00000010                PROVIDE (__cy_reset, Reset)
 *(.text.Reset)
 .text.Reset    0x00000010       0x18 .\ARM_GCC_541\Debug\Cm3Start.o
                0x00000010                Reset
                0x00000001                ASSERT ((. != __cy_reset), No reset code)
 *(.dma_init)
                0x00000001                ASSERT ((((appl_start + .) <= 0x10000) || 0x1), DMA Init must be within the first 64k of flash)
 *(.text .text.* .gnu.linkonce.t.*)
 .text          0x00000028       0x5c c:/program files (x86)/cypress/psoc creator/4.4/psoc creator/import/gnu/arm/5.4.1/bin/../lib/gcc/arm-none-eabi/5.4.1/armv7-m/crtbegin.o
 .text.main     0x00000084      0x318 .\ARM_GCC_541\Debug\main.o
                0x00000084                main
 .text.CYMEMZERO
                0x0000039c       0x1c .\ARM_GCC_541\Debug\cyfitter_cfg.o
 .text.CYCONFIGCPY
                0x000003b8       0x20 .\ARM_GCC_541\Debug\cyfitter_cfg.o
 .text.CyClockStartupError
                0x000003d8        0xc .\ARM_GCC_541\Debug\cyfitter_cfg.o
 .text.cfg_write_bytes32
                0x000003e4       0x74 .\ARM_GCC_541\Debug\cyfitter_cfg.o
 .text.ClockSetup
                0x00000458      0x184 .\ARM_GCC_541\Debug\cyfitter_cfg.o
 .text.AnalogSetDefault
                0x000005dc       0x58 .\ARM_GCC_541\Debug\cyfitter_cfg.o
 .text.ADC_DelSig_1_AMux_Set
                0x00000634       0x40 .\ARM_GCC_541\Debug\cyfitter_cfg.o
                0x00000634                ADC_DelSig_1_AMux_Set
 .text.ADC_DelSig_1_AMux_Unset
                0x00000674       0x44 .\ARM_GCC_541\Debug\cyfitter_cfg.o
                0x00000674                ADC_DelSig_1_AMux_Unset
 .text.cyfitter_cfg
                0x000006b8      0x19c .\ARM_GCC_541\Debug\cyfitter_cfg.o
                0x000006b8                cyfitter_cfg
 .text.IntDefaultHandler
                0x00000854       0x14 .\ARM_GCC_541\Debug\Cm3Start.o
                0x00000854                IntDefaultHandler
 .text._sbrk    0x00000868       0x50 .\ARM_GCC_541\Debug\Cm3Start.o
                0x00000868                _sbrk
 .text.Start_c  0x000008b8       0x98 .\ARM_GCC_541\Debug\Cm3Start.o
                0x000008b8                Start_c
 .text.initialize_psoc
                0x00000950       0x90 .\ARM_GCC_541\Debug\Cm3Start.o
                0x00000950                initialize_psoc
 .text.ADC_DelSig_1_Init
                0x000009e0      0x158 .\ARM_GCC_541\Debug\LucaSpenglerPSoC5Serial.a(ADC_DelSig_1.o)
                0x000009e0                ADC_DelSig_1_Init
 .text.ADC_DelSig_1_Enable
                0x00000b38      0x158 .\ARM_GCC_541\Debug\LucaSpenglerPSoC5Serial.a(ADC_DelSig_1.o)
                0x00000b38                ADC_DelSig_1_Enable
 .text.ADC_DelSig_1_Start
                0x00000c90       0x30 .\ARM_GCC_541\Debug\LucaSpenglerPSoC5Serial.a(ADC_DelSig_1.o)
                0x00000c90                ADC_DelSig_1_Start
 .text.ADC_DelSig_1_StartConvert
                0x00000cc0       0x20 .\ARM_GCC_541\Debug\LucaSpenglerPSoC5Serial.a(ADC_DelSig_1.o)
                0x00000cc0                ADC_DelSig_1_StartConvert
 .text.ADC_DelSig_1_IsEndConversion
                0x00000ce0       0x4c .\ARM_GCC_541\Debug\LucaSpenglerPSoC5Serial.a(ADC_DelSig_1.o)
                0x00000ce0                ADC_DelSig_1_IsEndConversion
 .text.ADC_DelSig_1_GetResult16
                0x00000d2c       0x7c .\ARM_GCC_541\Debug\LucaSpenglerPSoC5Serial.a(ADC_DelSig_1.o)
                0x00000d2c                ADC_DelSig_1_GetResult16
 .text.ADC_DelSig_1_CountsTo_mVolts
                0x00000da8       0x3c .\ARM_GCC_541\Debug\LucaSpenglerPSoC5Serial.a(ADC_DelSig_1.o)
                0x00000da8                ADC_DelSig_1_CountsTo_mVolts
 .text.ADC_DelSig_1_InitConfig
                0x00000de4      0x410 .\ARM_GCC_541\Debug\LucaSpenglerPSoC5Serial.a(ADC_DelSig_1.o)
 .text.ADC_DelSig_1_GainCompensation
                0x000011f4      0x170 .\ARM_GCC_541\Debug\LucaSpenglerPSoC5Serial.a(ADC_DelSig_1.o)
 .text.ADC_DelSig_1_SetDSMRef0Reg
                0x00001364       0x7c .\ARM_GCC_541\Debug\LucaSpenglerPSoC5Serial.a(ADC_DelSig_1.o)
 .text.ADC_DelSig_1_ISR1
                0x000013e0       0x18 .\ARM_GCC_541\Debug\LucaSpenglerPSoC5Serial.a(ADC_DelSig_1_INT.o)
                0x000013e0                ADC_DelSig_1_ISR1
 .text.ADC_DelSig_1_ISR2
                0x000013f8        0xc .\ARM_GCC_541\Debug\LucaSpenglerPSoC5Serial.a(ADC_DelSig_1_INT.o)
                0x000013f8                ADC_DelSig_1_ISR2
 .text.ADC_DelSig_1_ISR3
                0x00001404        0xc .\ARM_GCC_541\Debug\LucaSpenglerPSoC5Serial.a(ADC_DelSig_1_INT.o)
                0x00001404                ADC_DelSig_1_ISR3
 .text.ADC_DelSig_1_ISR4
                0x00001410        0xc .\ARM_GCC_541\Debug\LucaSpenglerPSoC5Serial.a(ADC_DelSig_1_INT.o)
                0x00001410                ADC_DelSig_1_ISR4
 .text.UART_1_Start
                0x0000141c       0x24 .\ARM_GCC_541\Debug\LucaSpenglerPSoC5Serial.a(UART_1.o)
                0x0000141c                UART_1_Start
 .text.UART_1_Init
                0x00001440       0x40 .\ARM_GCC_541\Debug\LucaSpenglerPSoC5Serial.a(UART_1.o)
                0x00001440                UART_1_Init
 .text.UART_1_Enable
                0x00001480       0x60 .\ARM_GCC_541\Debug\LucaSpenglerPSoC5Serial.a(UART_1.o)
                0x00001480                UART_1_Enable
 .text.UART_1_GetChar
                0x000014e0       0x44 .\ARM_GCC_541\Debug\LucaSpenglerPSoC5Serial.a(UART_1.o)
                0x000014e0                UART_1_GetChar
 .text.UART_1_PutChar
                0x00001524       0x34 .\ARM_GCC_541\Debug\LucaSpenglerPSoC5Serial.a(UART_1.o)
                0x00001524                UART_1_PutChar
 .text.UART_1_PutString
                0x00001558       0x44 .\ARM_GCC_541\Debug\LucaSpenglerPSoC5Serial.a(UART_1.o)
                0x00001558                UART_1_PutString
 .text.ADC_DelSig_1_AMux_Start
                0x0000159c       0x34 .\ARM_GCC_541\Debug\LucaSpenglerPSoC5Serial.a(ADC_DelSig_1_AMux.o)
                0x0000159c                ADC_DelSig_1_AMux_Start
 .text.ADC_DelSig_1_AMux_Select
                0x000015d0       0x28 .\ARM_GCC_541\Debug\LucaSpenglerPSoC5Serial.a(ADC_DelSig_1_AMux.o)
                0x000015d0                ADC_DelSig_1_AMux_Select
 .text.ADC_DelSig_1_Ext_CP_Clk_SetDividerRegister
                0x000015f8      0x164 .\ARM_GCC_541\Debug\LucaSpenglerPSoC5Serial.a(ADC_DelSig_1_Ext_CP_Clk.o)
                0x000015f8                ADC_DelSig_1_Ext_CP_Clk_SetDividerRegister
 .text.ADC_DelSig_1_Ext_CP_Clk_GetDividerRegister
                0x0000175c       0x18 .\ARM_GCC_541\Debug\LucaSpenglerPSoC5Serial.a(ADC_DelSig_1_Ext_CP_Clk.o)
                0x0000175c                ADC_DelSig_1_Ext_CP_Clk_GetDividerRegister
 .text.ADC_DelSig_1_Ext_CP_Clk_SetModeRegister
                0x00001774       0x34 .\ARM_GCC_541\Debug\LucaSpenglerPSoC5Serial.a(ADC_DelSig_1_Ext_CP_Clk.o)
                0x00001774                ADC_DelSig_1_Ext_CP_Clk_SetModeRegister
 .text.ADC_DelSig_1_Ext_CP_Clk_GetSourceRegister
                0x000017a8       0x1c .\ARM_GCC_541\Debug\LucaSpenglerPSoC5Serial.a(ADC_DelSig_1_Ext_CP_Clk.o)
                0x000017a8                ADC_DelSig_1_Ext_CP_Clk_GetSourceRegister
 .text.ADC_DelSig_1_theACLK_SetDividerRegister
                0x000017c4      0x164 .\ARM_GCC_541\Debug\LucaSpenglerPSoC5Serial.a(ADC_DelSig_1_theACLK.o)
                0x000017c4                ADC_DelSig_1_theACLK_SetDividerRegister
 .text.ADC_DelSig_1_theACLK_GetDividerRegister
                0x00001928       0x18 .\ARM_GCC_541\Debug\LucaSpenglerPSoC5Serial.a(ADC_DelSig_1_theACLK.o)
                0x00001928                ADC_DelSig_1_theACLK_GetDividerRegister
 .text.ADC_DelSig_1_theACLK_SetModeRegister
                0x00001940       0x34 .\ARM_GCC_541\Debug\LucaSpenglerPSoC5Serial.a(ADC_DelSig_1_theACLK.o)
                0x00001940                ADC_DelSig_1_theACLK_SetModeRegister
 .text.ADC_DelSig_1_theACLK_GetSourceRegister
                0x00001974       0x1c .\ARM_GCC_541\Debug\LucaSpenglerPSoC5Serial.a(ADC_DelSig_1_theACLK.o)
                0x00001974                ADC_DelSig_1_theACLK_GetSourceRegister
 .text.UART_1_IntClock_Start
                0x00001990       0x34 .\ARM_GCC_541\Debug\LucaSpenglerPSoC5Serial.a(UART_1_IntClock.o)
                0x00001990                UART_1_IntClock_Start
 .text.CyHalt   0x000019c4       0x18 .\ARM_GCC_541\Debug\LucaSpenglerPSoC5Serial.a(CyLib.o)
                0x000019c4                CyHalt
 .text.CyDelayUs
                0x000019dc       0x28 .\ARM_GCC_541\Debug\LucaSpenglerPSoC5Serial.a(CyLib.o)
                0x000019dc                CyDelayUs
 .text.CyIntSetVector
                0x00001a04       0x50 .\ARM_GCC_541\Debug\LucaSpenglerPSoC5Serial.a(CyLib.o)
                0x00001a04                CyIntSetVector
 .text.CyIntSetPriority
                0x00001a54       0x48 .\ARM_GCC_541\Debug\LucaSpenglerPSoC5Serial.a(CyLib.o)
                0x00001a54                CyIntSetPriority
 .text.I2C_1_Init
                0x00001a9c       0xa0 .\ARM_GCC_541\Debug\LucaSpenglerPSoC5Serial.a(I2C_1.o)
                0x00001a9c                I2C_1_Init
 .text.I2C_1_Enable
                0x00001b3c       0x20 .\ARM_GCC_541\Debug\LucaSpenglerPSoC5Serial.a(I2C_1.o)
                0x00001b3c                I2C_1_Enable
 .text.I2C_1_Start
                0x00001b5c       0x2c .\ARM_GCC_541\Debug\LucaSpenglerPSoC5Serial.a(I2C_1.o)
                0x00001b5c                I2C_1_Start
 .text.I2C_1_ISR
                0x00001b88      0x408 .\ARM_GCC_541\Debug\LucaSpenglerPSoC5Serial.a(I2C_1_INT.o)
                0x00001b88                I2C_1_ISR
 .text.I2C_1_MasterSendStart
                0x00001f90       0xd8 .\ARM_GCC_541\Debug\LucaSpenglerPSoC5Serial.a(I2C_1_MASTER.o)
                0x00001f90                I2C_1_MasterSendStart
 .text.I2C_1_MasterSendRestart
                0x00002068       0xbc .\ARM_GCC_541\Debug\LucaSpenglerPSoC5Serial.a(I2C_1_MASTER.o)
                0x00002068                I2C_1_MasterSendRestart
 .text.I2C_1_MasterSendStop
                0x00002124       0x70 .\ARM_GCC_541\Debug\LucaSpenglerPSoC5Serial.a(I2C_1_MASTER.o)
                0x00002124                I2C_1_MasterSendStop
 .text.I2C_1_MasterWriteByte
                0x00002194       0xa0 .\ARM_GCC_541\Debug\LucaSpenglerPSoC5Serial.a(I2C_1_MASTER.o)
                0x00002194                I2C_1_MasterWriteByte
 .text.I2C_1_MasterReadByte
                0x00002234       0xb0 .\ARM_GCC_541\Debug\LucaSpenglerPSoC5Serial.a(I2C_1_MASTER.o)
                0x00002234                I2C_1_MasterReadByte
 .text.I2C_1_MasterClearStatus
                0x000022e4       0x38 .\ARM_GCC_541\Debug\LucaSpenglerPSoC5Serial.a(I2C_1_MASTER.o)
                0x000022e4                I2C_1_MasterClearStatus
 .text.SPIM_1_Init
                0x0000231c       0x50 .\ARM_GCC_541\Debug\LucaSpenglerPSoC5Serial.a(SPIM_1.o)
                0x0000231c                SPIM_1_Init
 .text.SPIM_1_Enable
                0x0000236c       0x68 .\ARM_GCC_541\Debug\LucaSpenglerPSoC5Serial.a(SPIM_1.o)
                0x0000236c                SPIM_1_Enable
 .text.SPIM_1_Start
                0x000023d4       0x24 .\ARM_GCC_541\Debug\LucaSpenglerPSoC5Serial.a(SPIM_1.o)
                0x000023d4                SPIM_1_Start
 .text.SPIM_1_EnableTxInt
                0x000023f8       0x18 .\ARM_GCC_541\Debug\LucaSpenglerPSoC5Serial.a(SPIM_1.o)
                0x000023f8                SPIM_1_EnableTxInt
 .text.SPIM_1_EnableRxInt
                0x00002410        0xc .\ARM_GCC_541\Debug\LucaSpenglerPSoC5Serial.a(SPIM_1.o)
                0x00002410                SPIM_1_EnableRxInt
 .text.SPIM_1_ReadTxStatus
                0x0000241c       0x1c .\ARM_GCC_541\Debug\LucaSpenglerPSoC5Serial.a(SPIM_1.o)
                0x0000241c                SPIM_1_ReadTxStatus
 .text.SPIM_1_ReadRxStatus
                0x00002438       0x1c .\ARM_GCC_541\Debug\LucaSpenglerPSoC5Serial.a(SPIM_1.o)
                0x00002438                SPIM_1_ReadRxStatus
 .text.SPIM_1_WriteTxData
                0x00002454       0x34 .\ARM_GCC_541\Debug\LucaSpenglerPSoC5Serial.a(SPIM_1.o)
                0x00002454                SPIM_1_WriteTxData
 .text.SPIM_1_ReadRxData
                0x00002488       0x1c .\ARM_GCC_541\Debug\LucaSpenglerPSoC5Serial.a(SPIM_1.o)
                0x00002488                SPIM_1_ReadRxData
 .text.SPIM_1_ClearRxBuffer
                0x000024a4       0x28 .\ARM_GCC_541\Debug\LucaSpenglerPSoC5Serial.a(SPIM_1.o)
                0x000024a4                SPIM_1_ClearRxBuffer
 .text.SPIM_1_ClearTxBuffer
                0x000024cc       0x68 .\ARM_GCC_541\Debug\LucaSpenglerPSoC5Serial.a(SPIM_1.o)
                0x000024cc                SPIM_1_ClearTxBuffer
 .text.SPIM_1_PutArray
                0x00002534       0x3c .\ARM_GCC_541\Debug\LucaSpenglerPSoC5Serial.a(SPIM_1.o)
                0x00002534                SPIM_1_PutArray
 .text.SPIM_1_ClearFIFO
                0x00002570       0x84 .\ARM_GCC_541\Debug\LucaSpenglerPSoC5Serial.a(SPIM_1.o)
                0x00002570                SPIM_1_ClearFIFO
 .text.SPIM_1_TX_ISR
                0x000025f4        0xc .\ARM_GCC_541\Debug\LucaSpenglerPSoC5Serial.a(SPIM_1_INT.o)
                0x000025f4                SPIM_1_TX_ISR
 .text.cs_pin_Write
                0x00002600       0x3c .\ARM_GCC_541\Debug\LucaSpenglerPSoC5Serial.a(cs_pin.o)
                0x00002600                cs_pin_Write
 .text.SPIM_1_IntClock_Start
                0x0000263c       0x34 .\ARM_GCC_541\Debug\LucaSpenglerPSoC5Serial.a(SPIM_1_IntClock.o)
                0x0000263c                SPIM_1_IntClock_Start
 .text          0x00002670       0x54 .\ARM_GCC_541\Debug\LucaSpenglerPSoC5Serial.a(CyBootAsmGnu.o)
                0x00002670                CyDelayCycles
                0x000026ae                CyEnterCriticalSection
                0x000026b6                CyExitCriticalSection
 .text.__errno  0x000026c4        0xc c:/program files (x86)/cypress/psoc creator/4.4/psoc creator/import/gnu/arm/5.4.1/bin/../lib/gcc/arm-none-eabi/5.4.1/../../../../arm-none-eabi/lib/armv7-m\libg_nano.a(lib_a-errno.o)
                0x000026c4                __errno
 .text.__libc_init_array
                0x000026d0       0x4c c:/program files (x86)/cypress/psoc creator/4.4/psoc creator/import/gnu/arm/5.4.1/bin/../lib/gcc/arm-none-eabi/5.4.1/../../../../arm-none-eabi/lib/armv7-m\libg_nano.a(lib_a-init.o)
                0x000026d0                __libc_init_array
 .text.memcpy   0x0000271c       0x16 c:/program files (x86)/cypress/psoc creator/4.4/psoc creator/import/gnu/arm/5.4.1/bin/../lib/gcc/arm-none-eabi/5.4.1/../../../../arm-none-eabi/lib/armv7-m\libg_nano.a(lib_a-memcpy-stub.o)
                0x0000271c                memcpy
 .text.memset   0x00002732       0x10 c:/program files (x86)/cypress/psoc creator/4.4/psoc creator/import/gnu/arm/5.4.1/bin/../lib/gcc/arm-none-eabi/5.4.1/../../../../arm-none-eabi/lib/armv7-m\libg_nano.a(lib_a-memset.o)
                0x00002732                memset
 *fill*         0x00002742        0x2 
 .text.sprintf  0x00002744       0x48 c:/program files (x86)/cypress/psoc creator/4.4/psoc creator/import/gnu/arm/5.4.1/bin/../lib/gcc/arm-none-eabi/5.4.1/../../../../arm-none-eabi/lib/armv7-m\libg_nano.a(lib_a-sprintf.o)
                0x00002744                siprintf
                0x00002744                sprintf
 .text.__ssputs_r
                0x0000278c       0xb2 c:/program files (x86)/cypress/psoc creator/4.4/psoc creator/import/gnu/arm/5.4.1/bin/../lib/gcc/arm-none-eabi/5.4.1/../../../../arm-none-eabi/lib/armv7-m\libg_nano.a(lib_a-nano-svfprintf.o)
                0x0000278c                __ssputs_r
 *fill*         0x0000283e        0x2 
 .text._svfprintf_r
                0x00002840      0x1e8 c:/program files (x86)/cypress/psoc creator/4.4/psoc creator/import/gnu/arm/5.4.1/bin/../lib/gcc/arm-none-eabi/5.4.1/../../../../arm-none-eabi/lib/armv7-m\libg_nano.a(lib_a-nano-svfprintf.o)
                0x00002840                _svfiprintf_r
                0x00002840                _svfprintf_r
 .text._printf_common
                0x00002a28       0xec c:/program files (x86)/cypress/psoc creator/4.4/psoc creator/import/gnu/arm/5.4.1/bin/../lib/gcc/arm-none-eabi/5.4.1/../../../../arm-none-eabi/lib/armv7-m\libg_nano.a(lib_a-nano-vfprintf_i.o)
                0x00002a28                _printf_common
 .text._printf_i
                0x00002b14      0x24c c:/program files (x86)/cypress/psoc creator/4.4/psoc creator/import/gnu/arm/5.4.1/bin/../lib/gcc/arm-none-eabi/5.4.1/../../../../arm-none-eabi/lib/armv7-m\libg_nano.a(lib_a-nano-vfprintf_i.o)
                0x00002b14                _printf_i
 .text.memchr   0x00002d60       0x1c c:/program files (x86)/cypress/psoc creator/4.4/psoc creator/import/gnu/arm/5.4.1/bin/../lib/gcc/arm-none-eabi/5.4.1/../../../../arm-none-eabi/lib/armv7-m\libg_nano.a(lib_a-memchr-stub.o)
                0x00002d60                memchr
 .text.memmove  0x00002d7c       0x36 c:/program files (x86)/cypress/psoc creator/4.4/psoc creator/import/gnu/arm/5.4.1/bin/../lib/gcc/arm-none-eabi/5.4.1/../../../../arm-none-eabi/lib/armv7-m\libg_nano.a(lib_a-memmove.o)
                0x00002d7c                memmove
 *fill*         0x00002db2        0x2 
 .text._free_r  0x00002db4       0x98 c:/program files (x86)/cypress/psoc creator/4.4/psoc creator/import/gnu/arm/5.4.1/bin/../lib/gcc/arm-none-eabi/5.4.1/../../../../arm-none-eabi/lib/armv7-m\libg_nano.a(lib_a-nano-freer.o)
                0x00002db4                _free_r
 .text._malloc_r
                0x00002e4c       0xbc c:/program files (x86)/cypress/psoc creator/4.4/psoc creator/import/gnu/arm/5.4.1/bin/../lib/gcc/arm-none-eabi/5.4.1/../../../../arm-none-eabi/lib/armv7-m\libg_nano.a(lib_a-nano-mallocr.o)
                0x00002e4c                _malloc_r
 .text._realloc_r
                0x00002f08       0x4c c:/program files (x86)/cypress/psoc creator/4.4/psoc creator/import/gnu/arm/5.4.1/bin/../lib/gcc/arm-none-eabi/5.4.1/../../../../arm-none-eabi/lib/armv7-m\libg_nano.a(lib_a-nano-reallocr.o)
                0x00002f08                _realloc_r
 .text._sbrk_r  0x00002f54       0x20 c:/program files (x86)/cypress/psoc creator/4.4/psoc creator/import/gnu/arm/5.4.1/bin/../lib/gcc/arm-none-eabi/5.4.1/../../../../arm-none-eabi/lib/armv7-m\libg_nano.a(lib_a-sbrkr.o)
                0x00002f54                _sbrk_r
 .text.__malloc_lock
                0x00002f74        0x2 c:/program files (x86)/cypress/psoc creator/4.4/psoc creator/import/gnu/arm/5.4.1/bin/../lib/gcc/arm-none-eabi/5.4.1/../../../../arm-none-eabi/lib/armv7-m\libg_nano.a(lib_a-mlock.o)
                0x00002f74                __malloc_lock
 .text.__malloc_unlock
                0x00002f76        0x2 c:/program files (x86)/cypress/psoc creator/4.4/psoc creator/import/gnu/arm/5.4.1/bin/../lib/gcc/arm-none-eabi/5.4.1/../../../../arm-none-eabi/lib/armv7-m\libg_nano.a(lib_a-mlock.o)
                0x00002f76                __malloc_unlock
 .text._malloc_usable_size_r
                0x00002f78       0x14 c:/program files (x86)/cypress/psoc creator/4.4/psoc creator/import/gnu/arm/5.4.1/bin/../lib/gcc/arm-none-eabi/5.4.1/../../../../arm-none-eabi/lib/armv7-m\libg_nano.a(lib_a-nano-msizer.o)
                0x00002f78                _malloc_usable_size_r
 *(.plt)
 *(.gnu.warning)
 *(.glue_7t)
 .glue_7t       0x00002f8c        0x0 linker stubs
 *(.glue_7)
 .glue_7        0x00002f8c        0x0 linker stubs
 *(.vfp11_veneer)
 .vfp11_veneer  0x00002f8c        0x0 linker stubs
 *(.bootloader)
 *(.ARM.extab* .gnu.linkonce.armextab.*)
 *(.gcc_except_table)

.v4_bx          0x00002f8c        0x0
 .v4_bx         0x00002f8c        0x0 linker stubs

.iplt           0x00002f8c        0x0
 .iplt          0x00002f8c        0x0 c:/program files (x86)/cypress/psoc creator/4.4/psoc creator/import/gnu/arm/5.4.1/bin/../lib/gcc/arm-none-eabi/5.4.1/armv7-m/crtbegin.o

.eh_frame_hdr
 *(.eh_frame_hdr)

.eh_frame       0x00002f8c        0x4
 *(.eh_frame)
 .eh_frame      0x00002f8c        0x0 c:/program files (x86)/cypress/psoc creator/4.4/psoc creator/import/gnu/arm/5.4.1/bin/../lib/gcc/arm-none-eabi/5.4.1/armv7-m/crtbegin.o
 .eh_frame      0x00002f8c        0x4 c:/program files (x86)/cypress/psoc creator/4.4/psoc creator/import/gnu/arm/5.4.1/bin/../lib/gcc/arm-none-eabi/5.4.1/armv7-m/crtend.o
                [!provide]                PROVIDE (__exidx_start, .)

.ARM.exidx
 *(.ARM.exidx* .gnu.linkonce.armexidx.*)
                0x00002f90                __exidx_end = .

.rodata         0x00002f90      0x180
 *(.rodata .rodata.* .gnu.linkonce.r.*)
 .rodata        0x00002f90       0xc5 .\ARM_GCC_541\Debug\main.o
 *fill*         0x00003055        0x3 
 .rodata        0x00003058       0x4c .\ARM_GCC_541\Debug\cyfitter_cfg.o
                0x00003058                ADC_DelSig_1_AMux__addrTable
                0x00003060                ADC_DelSig_1_AMux__maskTable
 .rodata.str1.1
                0x000030a4        0x2 c:/program files (x86)/cypress/psoc creator/4.4/psoc creator/import/gnu/arm/5.4.1/bin/../lib/gcc/arm-none-eabi/5.4.1/../../../../arm-none-eabi/lib/armv7-m\libg_nano.a(lib_a-impure.o)
 .rodata.str1.1
                0x000030a6       0x11 c:/program files (x86)/cypress/psoc creator/4.4/psoc creator/import/gnu/arm/5.4.1/bin/../lib/gcc/arm-none-eabi/5.4.1/../../../../arm-none-eabi/lib/armv7-m\libg_nano.a(lib_a-nano-svfprintf.o)
 .rodata.str1.1
                0x000030b7       0x22 c:/program files (x86)/cypress/psoc creator/4.4/psoc creator/import/gnu/arm/5.4.1/bin/../lib/gcc/arm-none-eabi/5.4.1/../../../../arm-none-eabi/lib/armv7-m\libg_nano.a(lib_a-nano-vfprintf_i.o)
                0x000030dc                . = ALIGN (0x4)
 *fill*         0x000030d9        0x3 
 *(.init)
 .init          0x000030dc        0x4 c:/program files (x86)/cypress/psoc creator/4.4/psoc creator/import/gnu/arm/5.4.1/bin/../lib/gcc/arm-none-eabi/5.4.1/armv7-m/crti.o
                0x000030dc                _init
 .init          0x000030e0        0x8 c:/program files (x86)/cypress/psoc creator/4.4/psoc creator/import/gnu/arm/5.4.1/bin/../lib/gcc/arm-none-eabi/5.4.1/armv7-m/crtn.o
                0x000030e8                . = ALIGN (0x4)
                0x000030e8                __preinit_array_start = .
 *(.preinit_array)
                0x000030e8                __preinit_array_end = .
                0x000030e8                . = ALIGN (0x4)
                0x000030e8                __init_array_start = .
 *(SORT(.init_array.*))
 *(.init_array)
 .init_array    0x000030e8        0x4 c:/program files (x86)/cypress/psoc creator/4.4/psoc creator/import/gnu/arm/5.4.1/bin/../lib/gcc/arm-none-eabi/5.4.1/armv7-m/crtbegin.o
 .init_array    0x000030ec        0x4 .\ARM_GCC_541\Debug\Cm3Start.o
                0x000030f0                __init_array_end = .
                0x000030f0                . = ALIGN (0x4)
 *(.fini)
 .fini          0x000030f0        0x4 c:/program files (x86)/cypress/psoc creator/4.4/psoc creator/import/gnu/arm/5.4.1/bin/../lib/gcc/arm-none-eabi/5.4.1/armv7-m/crti.o
                0x000030f0                _fini
 .fini          0x000030f4        0x8 c:/program files (x86)/cypress/psoc creator/4.4/psoc creator/import/gnu/arm/5.4.1/bin/../lib/gcc/arm-none-eabi/5.4.1/armv7-m/crtn.o
                0x000030fc                . = ALIGN (0x4)
                0x000030fc                __fini_array_start = .
 *(.fini_array)
 .fini_array    0x000030fc        0x4 c:/program files (x86)/cypress/psoc creator/4.4/psoc creator/import/gnu/arm/5.4.1/bin/../lib/gcc/arm-none-eabi/5.4.1/armv7-m/crtbegin.o
 *(SORT(.fini_array.*))
                0x00003100                __fini_array_end = .
                0x00003100                . = ALIGN (0x4)
 *crtbegin.o(.ctors)
 *(EXCLUDE_FILE(*crtend.o) .ctors)
 *(SORT(.ctors.*))
 *crtend.o(.ctors)
                0x00003100                . = ALIGN (0x4)
 *crtbegin.o(.dtors)
 *(EXCLUDE_FILE(*crtend.o) .dtors)
 *(SORT(.dtors.*))
 *crtend.o(.dtors)
                0x00003100                . = ALIGN (0x4)
                0x00003100                __cy_regions = .
                0x00003100        0x4 LONG 0x3110 __cy_region_init_ram
                0x00003104        0x4 LONG 0x1fff80c8 __cy_region_start_data
                0x00003108        0x4 LONG 0x80 __cy_region_init_size_ram
                0x0000310c        0x4 LONG 0x68 __cy_region_zero_size_ram
                0x00003110                __cy_regions_end = .
                0x00003110                . = ALIGN (0x8)
                0x00003110                _etext = .

.cy_checksum_exclude
                0x00003110        0x0
 *(.cy_checksum_exclude)

.ramvectors     0x1fff8000       0xc0
                0x1fff8000                __cy_region_start_ram = .
 *(.ramvectors)
 .ramvectors    0x1fff8000       0xc0 .\ARM_GCC_541\Debug\Cm3Start.o
                0x1fff8000                CyRamVectors

.noinit         0x1fff80c0        0x5
 *(.noinit)
 .noinit        0x1fff80c0        0x4 .\ARM_GCC_541\Debug\Cm3Start.o
 .noinit        0x1fff80c4        0x1 .\ARM_GCC_541\Debug\LucaSpenglerPSoC5Serial.a(CyLib.o)
                0x1fff80c4                CyResetStatus

.data           0x1fff80c8       0x80 load address 0x00003110
                0x1fff80c8                __cy_region_start_data = .
 *(.jcr)
 .jcr           0x1fff80c8        0x0 c:/program files (x86)/cypress/psoc creator/4.4/psoc creator/import/gnu/arm/5.4.1/bin/../lib/gcc/arm-none-eabi/5.4.1/armv7-m/crtbegin.o
 .jcr           0x1fff80c8        0x4 c:/program files (x86)/cypress/psoc creator/4.4/psoc creator/import/gnu/arm/5.4.1/bin/../lib/gcc/arm-none-eabi/5.4.1/armv7-m/crtend.o
 *(.got.plt)
 *(.got)
 *(.shdata)
 *(.data .data.* .gnu.linkonce.d.*)
 .data          0x1fff80cc        0x4 .\ARM_GCC_541\Debug\Cm3Start.o
 .data          0x1fff80d0        0x1 .\ARM_GCC_541\Debug\LucaSpenglerPSoC5Serial.a(ADC_DelSig_1.o)
                0x1fff80d0                ADC_DelSig_1_Config
 .data          0x1fff80d1        0x1 .\ARM_GCC_541\Debug\LucaSpenglerPSoC5Serial.a(ADC_DelSig_1_AMux.o)
 *fill*         0x1fff80d2        0x2 
 .data          0x1fff80d4       0x10 .\ARM_GCC_541\Debug\LucaSpenglerPSoC5Serial.a(CyLib.o)
                0x1fff80d4                cydelay_freq_hz
                0x1fff80d8                cydelay_freq_khz
                0x1fff80dc                cydelay_freq_mhz
                0x1fff80e0                cydelay_32k_ms
 .data.impure_data
                0x1fff80e4       0x60 c:/program files (x86)/cypress/psoc creator/4.4/psoc creator/import/gnu/arm/5.4.1/bin/../lib/gcc/arm-none-eabi/5.4.1/../../../../arm-none-eabi/lib/armv7-m\libg_nano.a(lib_a-impure.o)
 .data._impure_ptr
                0x1fff8144        0x4 c:/program files (x86)/cypress/psoc creator/4.4/psoc creator/import/gnu/arm/5.4.1/bin/../lib/gcc/arm-none-eabi/5.4.1/../../../../arm-none-eabi/lib/armv7-m\libg_nano.a(lib_a-impure.o)
                0x1fff8144                _impure_ptr
                0x1fff8148                . = ALIGN (0x8)
 *(.ram)
                0x1fff8148                _edata = .

.igot.plt       0x1fff8148        0x0 load address 0x00003190
 .igot.plt      0x1fff8148        0x0 c:/program files (x86)/cypress/psoc creator/4.4/psoc creator/import/gnu/arm/5.4.1/bin/../lib/gcc/arm-none-eabi/5.4.1/armv7-m/crtbegin.o

.bss            0x1fff8148       0x68 load address 0x00003190
                0x1fff8148                PROVIDE (__bss_start__, .)
 *(.shbss)
 *(.bss .bss.* .gnu.linkonce.b.*)
 .bss           0x1fff8148       0x1c c:/program files (x86)/cypress/psoc creator/4.4/psoc creator/import/gnu/arm/5.4.1/bin/../lib/gcc/arm-none-eabi/5.4.1/armv7-m/crtbegin.o
 .bss           0x1fff8164        0x1 .\ARM_GCC_541\Debug\main.o
                0x1fff8164                gADC_ISR
 *fill*         0x1fff8165        0x3 
 .bss           0x1fff8168       0x18 .\ARM_GCC_541\Debug\LucaSpenglerPSoC5Serial.a(ADC_DelSig_1.o)
                0x1fff8168                ADC_DelSig_1_convDone
                0x1fff8169                ADC_DelSig_1_stopConversion
                0x1fff816a                ADC_DelSig_1_initVar
                0x1fff816b                ADC_DelSig_1_started
                0x1fff816c                ADC_DelSig_1_Offset
 .bss           0x1fff8180        0x2 .\ARM_GCC_541\Debug\LucaSpenglerPSoC5Serial.a(UART_1.o)
                0x1fff8180                UART_1_initVar
 .bss           0x1fff8182        0x1 .\ARM_GCC_541\Debug\LucaSpenglerPSoC5Serial.a(I2C_1.o)
                0x1fff8182                I2C_1_initVar
 .bss           0x1fff8183        0x1 .\ARM_GCC_541\Debug\LucaSpenglerPSoC5Serial.a(SPIM_1.o)
                0x1fff8183                SPIM_1_initVar
 .bss.__malloc_sbrk_start
                0x1fff8184        0x4 c:/program files (x86)/cypress/psoc creator/4.4/psoc creator/import/gnu/arm/5.4.1/bin/../lib/gcc/arm-none-eabi/5.4.1/../../../../arm-none-eabi/lib/armv7-m\libg_nano.a(lib_a-nano-mallocr.o)
                0x1fff8184                __malloc_sbrk_start
 .bss.__malloc_free_list
                0x1fff8188        0x4 c:/program files (x86)/cypress/psoc creator/4.4/psoc creator/import/gnu/arm/5.4.1/bin/../lib/gcc/arm-none-eabi/5.4.1/../../../../arm-none-eabi/lib/armv7-m\libg_nano.a(lib_a-nano-mallocr.o)
                0x1fff8188                __malloc_free_list
 *(COMMON)
 COMMON         0x1fff818c        0x4 .\ARM_GCC_541\Debug\LucaSpenglerPSoC5Serial.a(ADC_DelSig_1.o)
                0x1fff818c                ADC_DelSig_1_CountsPerVolt
 COMMON         0x1fff8190        0x1 .\ARM_GCC_541\Debug\LucaSpenglerPSoC5Serial.a(I2C_1.o)
                0x1fff8190                I2C_1_state
 *fill*         0x1fff8191        0x3 
 COMMON         0x1fff8194       0x11 .\ARM_GCC_541\Debug\LucaSpenglerPSoC5Serial.a(I2C_1_MASTER.o)
                0x1fff8194                I2C_1_mstrWrBufIndex
                0x1fff8195                I2C_1_mstrControl
                0x1fff8196                I2C_1_mstrStatus
                0x1fff8197                I2C_1_mstrWrBufSize
                0x1fff8198                I2C_1_mstrRdBufIndex
                0x1fff819c                I2C_1_mstrWrBufPtr
                0x1fff81a0                I2C_1_mstrRdBufPtr
                0x1fff81a4                I2C_1_mstrRdBufSize
 *fill*         0x1fff81a5        0x3 
 COMMON         0x1fff81a8        0x4 c:/program files (x86)/cypress/psoc creator/4.4/psoc creator/import/gnu/arm/5.4.1/bin/../lib/gcc/arm-none-eabi/5.4.1/../../../../arm-none-eabi/lib/armv7-m\libg_nano.a(lib_a-reent.o)
                0x1fff81a8                errno
                0x1fff81b0                . = ALIGN (0x8)
 *fill*         0x1fff81ac        0x4 
 *(.ram.b)
                0x1fff81b0                _end = .
                0x1fff81b0                __end = .
                0x1fff81b0                PROVIDE (end, .)
                0x1fff81b0                PROVIDE (__bss_end__, .)
                0x00003110                __cy_region_init_ram = LOADADDR (.data)
                0x00000080                __cy_region_init_size_ram = (_edata - ADDR (.data))
                0x00000068                __cy_region_zero_size_ram = (_end - _edata)

.heap           0x1fff81b0       0x80 load address 0x00003190
                0x1fff81b0                . = _end
                0x1fff8230                . = (. + 0x80)
 *fill*         0x1fff81b0       0x80 
                0x1fff8230                __cy_heap_limit = .

.stack          0x20007800      0x800
                0x20007800                __cy_stack_limit = .
                0x20008000                . = (. + 0x800)
 *fill*         0x20007800      0x800 
                0x00000001                ASSERT ((__cy_stack_limit >= __cy_heap_limit), region RAM overflowed with stack)
                0x00000000                cy_checksum_exclude_size = (CY_APPL_LOADABLE == 0x1)?SIZEOF (.cy_checksum_exclude):0x0
                0x00000001                ASSERT ((cy_checksum_exclude_size <= CY_CHECKSUM_EXCLUDE_SIZE), CY_BOOT: Section .cy_checksum_exclude size exceedes specified limit.)

.cyloadermeta
 *(.cyloadermeta)

.cyloadablemeta
 *(.cyloadablemeta)

.cyconfigecc    0x80000000      0xb54
 *(.cyconfigecc)
 .cyconfigecc   0x80000000      0xb54 .\ARM_GCC_541\Debug\cymetadata.o
                0x80000000                cy_meta_configecc

.cycustnvl      0x90000000        0x4
 *(.cycustnvl)
 .cycustnvl     0x90000000        0x4 .\ARM_GCC_541\Debug\cymetadata.o
                0x90000000                cy_meta_custnvl

.cywolatch      0x90100000        0x4
 *(.cywolatch)
 .cywolatch     0x90100000        0x4 .\ARM_GCC_541\Debug\cymetadata.o
                0x90100000                cy_meta_wonvl

.cyeeprom       0x90200000        0x0
 *(.cyeeprom)
                0x00000001                ASSERT ((. <= ((0x90200000 + ee_offset) + ee_size)), .cyeeprom data will not fit in EEPROM)

.cyflashprotect
                0x90400000      0x100
 *(.cyflashprotect)
 .cyflashprotect
                0x90400000      0x100 .\ARM_GCC_541\Debug\cymetadata.o
                0x90400000                cy_meta_flashprotect

.cymeta         0x90500000        0xc
 *(.cymeta)
 .cymeta        0x90500000        0xc .\ARM_GCC_541\Debug\cymetadata.o
                0x90500000                cy_metadata

.rel.dyn        0x00003190        0x0 load address 0x9050000c
 .rel.iplt      0x00003190        0x0 c:/program files (x86)/cypress/psoc creator/4.4/psoc creator/import/gnu/arm/5.4.1/bin/../lib/gcc/arm-none-eabi/5.4.1/armv7-m/crtbegin.o

.stab
 *(.stab)

.stabstr
 *(.stabstr)

.debug
 *(.debug)

.line
 *(.line)

.debug_srcinfo
 *(.debug_srcinfo)

.debug_sfnames
 *(.debug_sfnames)

.debug_aranges  0x00000000      0xb70
 *(.debug_aranges)
 .debug_aranges
                0x00000000       0x20 .\ARM_GCC_541\Debug\main.o
 .debug_aranges
                0x00000020       0x70 .\ARM_GCC_541\Debug\cyfitter_cfg.o
 .debug_aranges
                0x00000090       0x18 .\ARM_GCC_541\Debug\cymetadata.o
 .debug_aranges
                0x000000a8       0x48 .\ARM_GCC_541\Debug\Cm3Start.o
 .debug_aranges
                0x000000f0       0xe8 .\ARM_GCC_541\Debug\LucaSpenglerPSoC5Serial.a(ADC_DelSig_1.o)
 .debug_aranges
                0x000001d8       0x38 .\ARM_GCC_541\Debug\LucaSpenglerPSoC5Serial.a(ADC_DelSig_1_INT.o)
 .debug_aranges
                0x00000210       0xf0 .\ARM_GCC_541\Debug\LucaSpenglerPSoC5Serial.a(UART_1.o)
 .debug_aranges
                0x00000300       0x30 .\ARM_GCC_541\Debug\LucaSpenglerPSoC5Serial.a(ADC_DelSig_1_AMux.o)
 .debug_aranges
                0x00000330       0x70 .\ARM_GCC_541\Debug\LucaSpenglerPSoC5Serial.a(ADC_DelSig_1_Ext_CP_Clk.o)
 .debug_aranges
                0x000003a0       0x80 .\ARM_GCC_541\Debug\LucaSpenglerPSoC5Serial.a(ADC_DelSig_1_theACLK.o)
 .debug_aranges
                0x00000420       0x70 .\ARM_GCC_541\Debug\LucaSpenglerPSoC5Serial.a(UART_1_IntClock.o)
 .debug_aranges
                0x00000490      0x2a0 .\ARM_GCC_541\Debug\LucaSpenglerPSoC5Serial.a(CyLib.o)
 .debug_aranges
                0x00000730       0x98 .\ARM_GCC_541\Debug\LucaSpenglerPSoC5Serial.a(cyPm.o)
 .debug_aranges
                0x000007c8       0x38 .\ARM_GCC_541\Debug\LucaSpenglerPSoC5Serial.a(I2C_1.o)
 .debug_aranges
                0x00000800       0x20 .\ARM_GCC_541\Debug\LucaSpenglerPSoC5Serial.a(I2C_1_INT.o)
 .debug_aranges
                0x00000820       0x80 .\ARM_GCC_541\Debug\LucaSpenglerPSoC5Serial.a(I2C_1_MASTER.o)
 .debug_aranges
                0x000008a0       0xd8 .\ARM_GCC_541\Debug\LucaSpenglerPSoC5Serial.a(SPIM_1.o)
 .debug_aranges
                0x00000978       0x28 .\ARM_GCC_541\Debug\LucaSpenglerPSoC5Serial.a(SPIM_1_INT.o)
 .debug_aranges
                0x000009a0       0x38 .\ARM_GCC_541\Debug\LucaSpenglerPSoC5Serial.a(cs_pin.o)
 .debug_aranges
                0x000009d8       0x70 .\ARM_GCC_541\Debug\LucaSpenglerPSoC5Serial.a(SPIM_1_IntClock.o)
 .debug_aranges
                0x00000a48       0x20 .\ARM_GCC_541\Debug\LucaSpenglerPSoC5Serial.a(CyBootAsmGnu.o)
 .debug_aranges
                0x00000a68       0x88 .\ARM_GCC_541\Debug\LucaSpenglerPSoC5Serial.a(CyFlash.o)
 .debug_aranges
                0x00000af0       0x80 .\ARM_GCC_541\Debug\LucaSpenglerPSoC5Serial.a(CySpc.o)

.debug_pubnames
 *(.debug_pubnames)

.debug_info     0x00000000     0x4cfd
 *(.debug_info .gnu.linkonce.wi.*)
 .debug_info    0x00000000      0x20b .\ARM_GCC_541\Debug\main.o
 .debug_info    0x0000020b      0x500 .\ARM_GCC_541\Debug\cyfitter_cfg.o
 .debug_info    0x0000070b      0x139 .\ARM_GCC_541\Debug\cymetadata.o
 .debug_info    0x00000844      0x32b .\ARM_GCC_541\Debug\Cm3Start.o
 .debug_info    0x00000b6f      0x72c .\ARM_GCC_541\Debug\LucaSpenglerPSoC5Serial.a(ADC_DelSig_1.o)
 .debug_info    0x0000129b       0xef .\ARM_GCC_541\Debug\LucaSpenglerPSoC5Serial.a(ADC_DelSig_1_INT.o)
 .debug_info    0x0000138a      0x50a .\ARM_GCC_541\Debug\LucaSpenglerPSoC5Serial.a(UART_1.o)
 .debug_info    0x00001894      0x10a .\ARM_GCC_541\Debug\LucaSpenglerPSoC5Serial.a(ADC_DelSig_1_AMux.o)
 .debug_info    0x0000199e      0x25d .\ARM_GCC_541\Debug\LucaSpenglerPSoC5Serial.a(ADC_DelSig_1_Ext_CP_Clk.o)
 .debug_info    0x00001bfb      0x299 .\ARM_GCC_541\Debug\LucaSpenglerPSoC5Serial.a(ADC_DelSig_1_theACLK.o)
 .debug_info    0x00001e94      0x25d .\ARM_GCC_541\Debug\LucaSpenglerPSoC5Serial.a(UART_1_IntClock.o)
 .debug_info    0x000020f1      0xe51 .\ARM_GCC_541\Debug\LucaSpenglerPSoC5Serial.a(CyLib.o)
 .debug_info    0x00002f42      0x57a .\ARM_GCC_541\Debug\LucaSpenglerPSoC5Serial.a(cyPm.o)
 .debug_info    0x000034bc      0x163 .\ARM_GCC_541\Debug\LucaSpenglerPSoC5Serial.a(I2C_1.o)
 .debug_info    0x0000361f      0x156 .\ARM_GCC_541\Debug\LucaSpenglerPSoC5Serial.a(I2C_1_INT.o)
 .debug_info    0x00003775      0x3f8 .\ARM_GCC_541\Debug\LucaSpenglerPSoC5Serial.a(I2C_1_MASTER.o)
 .debug_info    0x00003b6d      0x42e .\ARM_GCC_541\Debug\LucaSpenglerPSoC5Serial.a(SPIM_1.o)
 .debug_info    0x00003f9b       0xb1 .\ARM_GCC_541\Debug\LucaSpenglerPSoC5Serial.a(SPIM_1_INT.o)
 .debug_info    0x0000404c      0x11e .\ARM_GCC_541\Debug\LucaSpenglerPSoC5Serial.a(cs_pin.o)
 .debug_info    0x0000416a      0x25d .\ARM_GCC_541\Debug\LucaSpenglerPSoC5Serial.a(SPIM_1_IntClock.o)
 .debug_info    0x000043c7       0xbd .\ARM_GCC_541\Debug\LucaSpenglerPSoC5Serial.a(CyBootAsmGnu.o)
 .debug_info    0x00004484      0x3b9 .\ARM_GCC_541\Debug\LucaSpenglerPSoC5Serial.a(CyFlash.o)
 .debug_info    0x0000483d      0x4c0 .\ARM_GCC_541\Debug\LucaSpenglerPSoC5Serial.a(CySpc.o)

.debug_abbrev   0x00000000     0x17db
 *(.debug_abbrev)
 .debug_abbrev  0x00000000       0xb7 .\ARM_GCC_541\Debug\main.o
 .debug_abbrev  0x000000b7      0x1ca .\ARM_GCC_541\Debug\cyfitter_cfg.o
 .debug_abbrev  0x00000281       0x77 .\ARM_GCC_541\Debug\cymetadata.o
 .debug_abbrev  0x000002f8      0x1d6 .\ARM_GCC_541\Debug\Cm3Start.o
 .debug_abbrev  0x000004ce      0x19d .\ARM_GCC_541\Debug\LucaSpenglerPSoC5Serial.a(ADC_DelSig_1.o)
 .debug_abbrev  0x0000066b       0x67 .\ARM_GCC_541\Debug\LucaSpenglerPSoC5Serial.a(ADC_DelSig_1_INT.o)
 .debug_abbrev  0x000006d2      0x163 .\ARM_GCC_541\Debug\LucaSpenglerPSoC5Serial.a(UART_1.o)
 .debug_abbrev  0x00000835       0x6f .\ARM_GCC_541\Debug\LucaSpenglerPSoC5Serial.a(ADC_DelSig_1_AMux.o)
 .debug_abbrev  0x000008a4      0x11d .\ARM_GCC_541\Debug\LucaSpenglerPSoC5Serial.a(ADC_DelSig_1_Ext_CP_Clk.o)
 .debug_abbrev  0x000009c1      0x11d .\ARM_GCC_541\Debug\LucaSpenglerPSoC5Serial.a(ADC_DelSig_1_theACLK.o)
 .debug_abbrev  0x00000ade      0x11d .\ARM_GCC_541\Debug\LucaSpenglerPSoC5Serial.a(UART_1_IntClock.o)
 .debug_abbrev  0x00000bfb      0x217 .\ARM_GCC_541\Debug\LucaSpenglerPSoC5Serial.a(CyLib.o)
 .debug_abbrev  0x00000e12      0x161 .\ARM_GCC_541\Debug\LucaSpenglerPSoC5Serial.a(cyPm.o)
 .debug_abbrev  0x00000f73       0xb9 .\ARM_GCC_541\Debug\LucaSpenglerPSoC5Serial.a(I2C_1.o)
 .debug_abbrev  0x0000102c       0x81 .\ARM_GCC_541\Debug\LucaSpenglerPSoC5Serial.a(I2C_1_INT.o)
 .debug_abbrev  0x000010ad      0x11e .\ARM_GCC_541\Debug\LucaSpenglerPSoC5Serial.a(I2C_1_MASTER.o)
 .debug_abbrev  0x000011cb      0x156 .\ARM_GCC_541\Debug\LucaSpenglerPSoC5Serial.a(SPIM_1.o)
 .debug_abbrev  0x00001321       0x42 .\ARM_GCC_541\Debug\LucaSpenglerPSoC5Serial.a(SPIM_1_INT.o)
 .debug_abbrev  0x00001363       0x90 .\ARM_GCC_541\Debug\LucaSpenglerPSoC5Serial.a(cs_pin.o)
 .debug_abbrev  0x000013f3      0x11d .\ARM_GCC_541\Debug\LucaSpenglerPSoC5Serial.a(SPIM_1_IntClock.o)
 .debug_abbrev  0x00001510       0x14 .\ARM_GCC_541\Debug\LucaSpenglerPSoC5Serial.a(CyBootAsmGnu.o)
 .debug_abbrev  0x00001524      0x14b .\ARM_GCC_541\Debug\LucaSpenglerPSoC5Serial.a(CyFlash.o)
 .debug_abbrev  0x0000166f      0x16c .\ARM_GCC_541\Debug\LucaSpenglerPSoC5Serial.a(CySpc.o)

.debug_line     0x00000000     0x2eaa
 *(.debug_line)
 .debug_line    0x00000000      0x1d8 .\ARM_GCC_541\Debug\main.o
 .debug_line    0x000001d8      0x24f .\ARM_GCC_541\Debug\cyfitter_cfg.o
 .debug_line    0x00000427      0x141 .\ARM_GCC_541\Debug\cymetadata.o
 .debug_line    0x00000568      0x1dc .\ARM_GCC_541\Debug\Cm3Start.o
 .debug_line    0x00000744      0x3da .\ARM_GCC_541\Debug\LucaSpenglerPSoC5Serial.a(ADC_DelSig_1.o)
 .debug_line    0x00000b1e       0xa5 .\ARM_GCC_541\Debug\LucaSpenglerPSoC5Serial.a(ADC_DelSig_1_INT.o)
 .debug_line    0x00000bc3      0x2e4 .\ARM_GCC_541\Debug\LucaSpenglerPSoC5Serial.a(UART_1.o)
 .debug_line    0x00000ea7       0xa6 .\ARM_GCC_541\Debug\LucaSpenglerPSoC5Serial.a(ADC_DelSig_1_AMux.o)
 .debug_line    0x00000f4d      0x1b6 .\ARM_GCC_541\Debug\LucaSpenglerPSoC5Serial.a(ADC_DelSig_1_Ext_CP_Clk.o)
 .debug_line    0x00001103      0x1d7 .\ARM_GCC_541\Debug\LucaSpenglerPSoC5Serial.a(ADC_DelSig_1_theACLK.o)
 .debug_line    0x000012da      0x1ae .\ARM_GCC_541\Debug\LucaSpenglerPSoC5Serial.a(UART_1_IntClock.o)
 .debug_line    0x00001488      0x883 .\ARM_GCC_541\Debug\LucaSpenglerPSoC5Serial.a(CyLib.o)
 .debug_line    0x00001d0b      0x38e .\ARM_GCC_541\Debug\LucaSpenglerPSoC5Serial.a(cyPm.o)
 .debug_line    0x00002099       0xc5 .\ARM_GCC_541\Debug\LucaSpenglerPSoC5Serial.a(I2C_1.o)
 .debug_line    0x0000215e      0x140 .\ARM_GCC_541\Debug\LucaSpenglerPSoC5Serial.a(I2C_1_INT.o)
 .debug_line    0x0000229e      0x214 .\ARM_GCC_541\Debug\LucaSpenglerPSoC5Serial.a(I2C_1_MASTER.o)
 .debug_line    0x000024b2      0x26e .\ARM_GCC_541\Debug\LucaSpenglerPSoC5Serial.a(SPIM_1.o)
 .debug_line    0x00002720       0x69 .\ARM_GCC_541\Debug\LucaSpenglerPSoC5Serial.a(SPIM_1_INT.o)
 .debug_line    0x00002789       0x96 .\ARM_GCC_541\Debug\LucaSpenglerPSoC5Serial.a(cs_pin.o)
 .debug_line    0x0000281f      0x1ae .\ARM_GCC_541\Debug\LucaSpenglerPSoC5Serial.a(SPIM_1_IntClock.o)
 .debug_line    0x000029cd       0x7d .\ARM_GCC_541\Debug\LucaSpenglerPSoC5Serial.a(CyBootAsmGnu.o)
 .debug_line    0x00002a4a      0x22f .\ARM_GCC_541\Debug\LucaSpenglerPSoC5Serial.a(CyFlash.o)
 .debug_line    0x00002c79      0x231 .\ARM_GCC_541\Debug\LucaSpenglerPSoC5Serial.a(CySpc.o)

.debug_frame    0x00000000     0x3130
 *(.debug_frame)
 .debug_frame   0x00000000       0x34 .\ARM_GCC_541\Debug\main.o
 .debug_frame   0x00000034      0x1bc .\ARM_GCC_541\Debug\cyfitter_cfg.o
 .debug_frame   0x000001f0       0xd8 .\ARM_GCC_541\Debug\Cm3Start.o
 .debug_frame   0x000002c8      0x40c .\ARM_GCC_541\Debug\LucaSpenglerPSoC5Serial.a(ADC_DelSig_1.o)
 .debug_frame   0x000006d4       0xa0 .\ARM_GCC_541\Debug\LucaSpenglerPSoC5Serial.a(ADC_DelSig_1_INT.o)
 .debug_frame   0x00000774      0x42c .\ARM_GCC_541\Debug\LucaSpenglerPSoC5Serial.a(UART_1.o)
 .debug_frame   0x00000ba0       0x88 .\ARM_GCC_541\Debug\LucaSpenglerPSoC5Serial.a(ADC_DelSig_1_AMux.o)
 .debug_frame   0x00000c28      0x1b4 .\ARM_GCC_541\Debug\LucaSpenglerPSoC5Serial.a(ADC_DelSig_1_Ext_CP_Clk.o)
 .debug_frame   0x00000ddc      0x200 .\ARM_GCC_541\Debug\LucaSpenglerPSoC5Serial.a(ADC_DelSig_1_theACLK.o)
 .debug_frame   0x00000fdc      0x1b4 .\ARM_GCC_541\Debug\LucaSpenglerPSoC5Serial.a(UART_1_IntClock.o)
 .debug_frame   0x00001190      0xc0c .\ARM_GCC_541\Debug\LucaSpenglerPSoC5Serial.a(CyLib.o)
 .debug_frame   0x00001d9c      0x234 .\ARM_GCC_541\Debug\LucaSpenglerPSoC5Serial.a(cyPm.o)
 .debug_frame   0x00001fd0       0x9c .\ARM_GCC_541\Debug\LucaSpenglerPSoC5Serial.a(I2C_1.o)
 .debug_frame   0x0000206c       0x38 .\ARM_GCC_541\Debug\LucaSpenglerPSoC5Serial.a(I2C_1_INT.o)
 .debug_frame   0x000020a4      0x208 .\ARM_GCC_541\Debug\LucaSpenglerPSoC5Serial.a(I2C_1_MASTER.o)
 .debug_frame   0x000022ac      0x38c .\ARM_GCC_541\Debug\LucaSpenglerPSoC5Serial.a(SPIM_1.o)
 .debug_frame   0x00002638       0x58 .\ARM_GCC_541\Debug\LucaSpenglerPSoC5Serial.a(SPIM_1_INT.o)
 .debug_frame   0x00002690       0xa8 .\ARM_GCC_541\Debug\LucaSpenglerPSoC5Serial.a(cs_pin.o)
 .debug_frame   0x00002738      0x1b4 .\ARM_GCC_541\Debug\LucaSpenglerPSoC5Serial.a(SPIM_1_IntClock.o)
 .debug_frame   0x000028ec      0x238 .\ARM_GCC_541\Debug\LucaSpenglerPSoC5Serial.a(CyFlash.o)
 .debug_frame   0x00002b24      0x228 .\ARM_GCC_541\Debug\LucaSpenglerPSoC5Serial.a(CySpc.o)
 .debug_frame   0x00002d4c       0x20 c:/program files (x86)/cypress/psoc creator/4.4/psoc creator/import/gnu/arm/5.4.1/bin/../lib/gcc/arm-none-eabi/5.4.1/../../../../arm-none-eabi/lib/armv7-m\libg_nano.a(lib_a-errno.o)
 .debug_frame   0x00002d6c       0x28 c:/program files (x86)/cypress/psoc creator/4.4/psoc creator/import/gnu/arm/5.4.1/bin/../lib/gcc/arm-none-eabi/5.4.1/../../../../arm-none-eabi/lib/armv7-m\libg_nano.a(lib_a-exit.o)
 .debug_frame   0x00002d94       0x2c c:/program files (x86)/cypress/psoc creator/4.4/psoc creator/import/gnu/arm/5.4.1/bin/../lib/gcc/arm-none-eabi/5.4.1/../../../../arm-none-eabi/lib/armv7-m\libg_nano.a(lib_a-init.o)
 .debug_frame   0x00002dc0       0x28 c:/program files (x86)/cypress/psoc creator/4.4/psoc creator/import/gnu/arm/5.4.1/bin/../lib/gcc/arm-none-eabi/5.4.1/../../../../arm-none-eabi/lib/armv7-m\libg_nano.a(lib_a-memcpy-stub.o)
 .debug_frame   0x00002de8       0x20 c:/program files (x86)/cypress/psoc creator/4.4/psoc creator/import/gnu/arm/5.4.1/bin/../lib/gcc/arm-none-eabi/5.4.1/../../../../arm-none-eabi/lib/armv7-m\libg_nano.a(lib_a-memset.o)
 .debug_frame   0x00002e08       0x70 c:/program files (x86)/cypress/psoc creator/4.4/psoc creator/import/gnu/arm/5.4.1/bin/../lib/gcc/arm-none-eabi/5.4.1/../../../../arm-none-eabi/lib/armv7-m\libg_nano.a(lib_a-sprintf.o)
 .debug_frame   0x00002e78       0x90 c:/program files (x86)/cypress/psoc creator/4.4/psoc creator/import/gnu/arm/5.4.1/bin/../lib/gcc/arm-none-eabi/5.4.1/../../../../arm-none-eabi/lib/armv7-m\libg_nano.a(lib_a-nano-svfprintf.o)
 .debug_frame   0x00002f08       0x60 c:/program files (x86)/cypress/psoc creator/4.4/psoc creator/import/gnu/arm/5.4.1/bin/../lib/gcc/arm-none-eabi/5.4.1/../../../../arm-none-eabi/lib/armv7-m\libg_nano.a(lib_a-nano-vfprintf_i.o)
 .debug_frame   0x00002f68       0x28 c:/program files (x86)/cypress/psoc creator/4.4/psoc creator/import/gnu/arm/5.4.1/bin/../lib/gcc/arm-none-eabi/5.4.1/../../../../arm-none-eabi/lib/armv7-m\libg_nano.a(lib_a-memchr-stub.o)
 .debug_frame   0x00002f90       0x28 c:/program files (x86)/cypress/psoc creator/4.4/psoc creator/import/gnu/arm/5.4.1/bin/../lib/gcc/arm-none-eabi/5.4.1/../../../../arm-none-eabi/lib/armv7-m\libg_nano.a(lib_a-memmove.o)
 .debug_frame   0x00002fb8       0x38 c:/program files (x86)/cypress/psoc creator/4.4/psoc creator/import/gnu/arm/5.4.1/bin/../lib/gcc/arm-none-eabi/5.4.1/../../../../arm-none-eabi/lib/armv7-m\libg_nano.a(lib_a-nano-freer.o)
 .debug_frame   0x00002ff0       0x2c c:/program files (x86)/cypress/psoc creator/4.4/psoc creator/import/gnu/arm/5.4.1/bin/../lib/gcc/arm-none-eabi/5.4.1/../../../../arm-none-eabi/lib/armv7-m\libg_nano.a(lib_a-nano-mallocr.o)
 .debug_frame   0x0000301c       0x3c c:/program files (x86)/cypress/psoc creator/4.4/psoc creator/import/gnu/arm/5.4.1/bin/../lib/gcc/arm-none-eabi/5.4.1/../../../../arm-none-eabi/lib/armv7-m\libg_nano.a(lib_a-nano-reallocr.o)
 .debug_frame   0x00003058       0x2c c:/program files (x86)/cypress/psoc creator/4.4/psoc creator/import/gnu/arm/5.4.1/bin/../lib/gcc/arm-none-eabi/5.4.1/../../../../arm-none-eabi/lib/armv7-m\libg_nano.a(lib_a-sbrkr.o)
 .debug_frame   0x00003084       0x30 c:/program files (x86)/cypress/psoc creator/4.4/psoc creator/import/gnu/arm/5.4.1/bin/../lib/gcc/arm-none-eabi/5.4.1/../../../../arm-none-eabi/lib/armv7-m\libg_nano.a(lib_a-mlock.o)
 .debug_frame   0x000030b4       0x20 c:/program files (x86)/cypress/psoc creator/4.4/psoc creator/import/gnu/arm/5.4.1/bin/../lib/gcc/arm-none-eabi/5.4.1/../../../../arm-none-eabi/lib/armv7-m\libg_nano.a(lib_a-nano-msizer.o)
 .debug_frame   0x000030d4       0x5c c:/program files (x86)/cypress/psoc creator/4.4/psoc creator/import/gnu/arm/5.4.1/bin/../lib/gcc/arm-none-eabi/5.4.1/../../../../arm-none-eabi/lib/armv7-m\libg_nano.a(lib_a-reent.o)

.debug_str      0x00000000     0x2888
 *(.debug_str)
 .debug_str     0x00000000      0x25f .\ARM_GCC_541\Debug\main.o
                                0x2bb (size before relaxing)
 .debug_str     0x0000025f      0x200 .\ARM_GCC_541\Debug\cyfitter_cfg.o
                                0x3d5 (size before relaxing)
 .debug_str     0x0000045f       0x7f .\ARM_GCC_541\Debug\cymetadata.o
                                0x211 (size before relaxing)
 .debug_str     0x000004de      0x123 .\ARM_GCC_541\Debug\Cm3Start.o
                                0x304 (size before relaxing)
 .debug_str     0x00000601      0x43e .\ARM_GCC_541\Debug\LucaSpenglerPSoC5Serial.a(ADC_DelSig_1.o)
                                0x650 (size before relaxing)
 .debug_str     0x00000a3f       0x72 .\ARM_GCC_541\Debug\LucaSpenglerPSoC5Serial.a(ADC_DelSig_1_INT.o)
                                0x229 (size before relaxing)
 .debug_str     0x00000ab1      0x2a1 .\ARM_GCC_541\Debug\LucaSpenglerPSoC5Serial.a(UART_1.o)
                                0x488 (size before relaxing)
 .debug_str     0x00000d52       0x9c .\ARM_GCC_541\Debug\LucaSpenglerPSoC5Serial.a(ADC_DelSig_1_AMux.o)
                                0x23d (size before relaxing)
 .debug_str     0x00000dee      0x21a .\ARM_GCC_541\Debug\LucaSpenglerPSoC5Serial.a(ADC_DelSig_1_Ext_CP_Clk.o)
                                0x3db (size before relaxing)
 .debug_str     0x00001008      0x208 .\ARM_GCC_541\Debug\LucaSpenglerPSoC5Serial.a(ADC_DelSig_1_theACLK.o)
                                0x40c (size before relaxing)
 .debug_str     0x00001210      0x177 .\ARM_GCC_541\Debug\LucaSpenglerPSoC5Serial.a(UART_1_IntClock.o)
                                0x37b (size before relaxing)
 .debug_str     0x00001387      0x806 .\ARM_GCC_541\Debug\LucaSpenglerPSoC5Serial.a(CyLib.o)
                                0xa17 (size before relaxing)
 .debug_str     0x00001b8d      0x371 .\ARM_GCC_541\Debug\LucaSpenglerPSoC5Serial.a(cyPm.o)
                                0x570 (size before relaxing)
 .debug_str     0x00001efe       0xa3 .\ARM_GCC_541\Debug\LucaSpenglerPSoC5Serial.a(I2C_1.o)
                                0x26c (size before relaxing)
 .debug_str     0x00001fa1       0x94 .\ARM_GCC_541\Debug\LucaSpenglerPSoC5Serial.a(I2C_1_INT.o)
                                0x29b (size before relaxing)
 .debug_str     0x00002035      0x18c .\ARM_GCC_541\Debug\LucaSpenglerPSoC5Serial.a(I2C_1_MASTER.o)
                                0x3ff (size before relaxing)
 .debug_str     0x000021c1      0x229 .\ARM_GCC_541\Debug\LucaSpenglerPSoC5Serial.a(SPIM_1.o)
                                0x437 (size before relaxing)
 .debug_str     0x000023ea       0x40 .\ARM_GCC_541\Debug\LucaSpenglerPSoC5Serial.a(SPIM_1_INT.o)
                                0x1e8 (size before relaxing)
 .debug_str     0x0000242a       0x6b .\ARM_GCC_541\Debug\LucaSpenglerPSoC5Serial.a(cs_pin.o)
                                0x214 (size before relaxing)
 .debug_str     0x00002495      0x177 .\ARM_GCC_541\Debug\LucaSpenglerPSoC5Serial.a(SPIM_1_IntClock.o)
                                0x37b (size before relaxing)
 .debug_str     0x0000260c      0x14f .\ARM_GCC_541\Debug\LucaSpenglerPSoC5Serial.a(CyFlash.o)
                                0x334 (size before relaxing)
 .debug_str     0x0000275b      0x12d .\ARM_GCC_541\Debug\LucaSpenglerPSoC5Serial.a(CySpc.o)
                                0x32e (size before relaxing)

.debug_loc
 *(.debug_loc)

.debug_macinfo
 *(.debug_macinfo)

.debug_ranges   0x00000000      0x9e8
 *(.debug_ranges)
 .debug_ranges  0x00000000       0x10 .\ARM_GCC_541\Debug\main.o
 .debug_ranges  0x00000010       0x60 .\ARM_GCC_541\Debug\cyfitter_cfg.o
 .debug_ranges  0x00000070       0x38 .\ARM_GCC_541\Debug\Cm3Start.o
 .debug_ranges  0x000000a8       0xd8 .\ARM_GCC_541\Debug\LucaSpenglerPSoC5Serial.a(ADC_DelSig_1.o)
 .debug_ranges  0x00000180       0x28 .\ARM_GCC_541\Debug\LucaSpenglerPSoC5Serial.a(ADC_DelSig_1_INT.o)
 .debug_ranges  0x000001a8       0xe0 .\ARM_GCC_541\Debug\LucaSpenglerPSoC5Serial.a(UART_1.o)
 .debug_ranges  0x00000288       0x20 .\ARM_GCC_541\Debug\LucaSpenglerPSoC5Serial.a(ADC_DelSig_1_AMux.o)
 .debug_ranges  0x000002a8       0x60 .\ARM_GCC_541\Debug\LucaSpenglerPSoC5Serial.a(ADC_DelSig_1_Ext_CP_Clk.o)
 .debug_ranges  0x00000308       0x70 .\ARM_GCC_541\Debug\LucaSpenglerPSoC5Serial.a(ADC_DelSig_1_theACLK.o)
 .debug_ranges  0x00000378       0x60 .\ARM_GCC_541\Debug\LucaSpenglerPSoC5Serial.a(UART_1_IntClock.o)
 .debug_ranges  0x000003d8      0x290 .\ARM_GCC_541\Debug\LucaSpenglerPSoC5Serial.a(CyLib.o)
 .debug_ranges  0x00000668       0x88 .\ARM_GCC_541\Debug\LucaSpenglerPSoC5Serial.a(cyPm.o)
 .debug_ranges  0x000006f0       0x28 .\ARM_GCC_541\Debug\LucaSpenglerPSoC5Serial.a(I2C_1.o)
 .debug_ranges  0x00000718       0x10 .\ARM_GCC_541\Debug\LucaSpenglerPSoC5Serial.a(I2C_1_INT.o)
 .debug_ranges  0x00000728       0x70 .\ARM_GCC_541\Debug\LucaSpenglerPSoC5Serial.a(I2C_1_MASTER.o)
 .debug_ranges  0x00000798       0xc8 .\ARM_GCC_541\Debug\LucaSpenglerPSoC5Serial.a(SPIM_1.o)
 .debug_ranges  0x00000860       0x18 .\ARM_GCC_541\Debug\LucaSpenglerPSoC5Serial.a(SPIM_1_INT.o)
 .debug_ranges  0x00000878       0x28 .\ARM_GCC_541\Debug\LucaSpenglerPSoC5Serial.a(cs_pin.o)
 .debug_ranges  0x000008a0       0x60 .\ARM_GCC_541\Debug\LucaSpenglerPSoC5Serial.a(SPIM_1_IntClock.o)
 .debug_ranges  0x00000900       0x78 .\ARM_GCC_541\Debug\LucaSpenglerPSoC5Serial.a(CyFlash.o)
 .debug_ranges  0x00000978       0x70 .\ARM_GCC_541\Debug\LucaSpenglerPSoC5Serial.a(CySpc.o)

.comment        0x00000000       0x6e
 .comment       0x00000000       0x6e .\ARM_GCC_541\Debug\main.o
                                 0x6f (size before relaxing)
 .comment       0x0000006e       0x6f .\ARM_GCC_541\Debug\cyfitter_cfg.o
 .comment       0x0000006e       0x6f .\ARM_GCC_541\Debug\cymetadata.o
 .comment       0x0000006e       0x6f .\ARM_GCC_541\Debug\Cm3Start.o
 .comment       0x0000006e       0x6f .\ARM_GCC_541\Debug\LucaSpenglerPSoC5Serial.a(ADC_DelSig_1.o)
 .comment       0x0000006e       0x6f .\ARM_GCC_541\Debug\LucaSpenglerPSoC5Serial.a(ADC_DelSig_1_INT.o)
 .comment       0x0000006e       0x6f .\ARM_GCC_541\Debug\LucaSpenglerPSoC5Serial.a(UART_1.o)
 .comment       0x0000006e       0x6f .\ARM_GCC_541\Debug\LucaSpenglerPSoC5Serial.a(ADC_DelSig_1_AMux.o)
 .comment       0x0000006e       0x6f .\ARM_GCC_541\Debug\LucaSpenglerPSoC5Serial.a(ADC_DelSig_1_Ext_CP_Clk.o)
 .comment       0x0000006e       0x6f .\ARM_GCC_541\Debug\LucaSpenglerPSoC5Serial.a(ADC_DelSig_1_theACLK.o)
 .comment       0x0000006e       0x6f .\ARM_GCC_541\Debug\LucaSpenglerPSoC5Serial.a(UART_1_IntClock.o)
 .comment       0x0000006e       0x6f .\ARM_GCC_541\Debug\LucaSpenglerPSoC5Serial.a(CyLib.o)
 .comment       0x0000006e       0x6f .\ARM_GCC_541\Debug\LucaSpenglerPSoC5Serial.a(cyPm.o)
 .comment       0x0000006e       0x6f .\ARM_GCC_541\Debug\LucaSpenglerPSoC5Serial.a(I2C_1.o)
 .comment       0x0000006e       0x6f .\ARM_GCC_541\Debug\LucaSpenglerPSoC5Serial.a(I2C_1_INT.o)
 .comment       0x0000006e       0x6f .\ARM_GCC_541\Debug\LucaSpenglerPSoC5Serial.a(I2C_1_MASTER.o)
 .comment       0x0000006e       0x6f .\ARM_GCC_541\Debug\LucaSpenglerPSoC5Serial.a(SPIM_1.o)
 .comment       0x0000006e       0x6f .\ARM_GCC_541\Debug\LucaSpenglerPSoC5Serial.a(SPIM_1_INT.o)
 .comment       0x0000006e       0x6f .\ARM_GCC_541\Debug\LucaSpenglerPSoC5Serial.a(cs_pin.o)
 .comment       0x0000006e       0x6f .\ARM_GCC_541\Debug\LucaSpenglerPSoC5Serial.a(SPIM_1_IntClock.o)
 .comment       0x0000006e       0x6f .\ARM_GCC_541\Debug\LucaSpenglerPSoC5Serial.a(CyFlash.o)
 .comment       0x0000006e       0x6f .\ARM_GCC_541\Debug\LucaSpenglerPSoC5Serial.a(CySpc.o)

.debug_weaknames
 *(.debug_weaknames)

.debug_funcnames
 *(.debug_funcnames)

.debug_typenames
 *(.debug_typenames)

.debug_varnames
 *(.debug_varnames)

.note.gnu.arm.ident
 *(.note.gnu.arm.ident)

.ARM.attributes
                0x00000000       0x29
 *(.ARM.attributes)
 .ARM.attributes
                0x00000000       0x1d c:/program files (x86)/cypress/psoc creator/4.4/psoc creator/import/gnu/arm/5.4.1/bin/../lib/gcc/arm-none-eabi/5.4.1/armv7-m/crti.o
 .ARM.attributes
                0x0000001d       0x2d c:/program files (x86)/cypress/psoc creator/4.4/psoc creator/import/gnu/arm/5.4.1/bin/../lib/gcc/arm-none-eabi/5.4.1/armv7-m/crtbegin.o
 .ARM.attributes
                0x0000004a       0x1b c:/program files (x86)/cypress/psoc creator/4.4/psoc creator/import/gnu/arm/5.4.1/bin/../lib/gcc/arm-none-eabi/5.4.1/../../../../arm-none-eabi/lib/armv7-m/crt0.o
 .ARM.attributes
                0x00000065       0x33 .\ARM_GCC_541\Debug\main.o
 .ARM.attributes
                0x00000098       0x33 .\ARM_GCC_541\Debug\cyfitter_cfg.o
 .ARM.attributes
                0x000000cb       0x33 .\ARM_GCC_541\Debug\cymetadata.o
 .ARM.attributes
                0x000000fe       0x33 .\ARM_GCC_541\Debug\Cm3Start.o
 .ARM.attributes
                0x00000131       0x33 .\ARM_GCC_541\Debug\LucaSpenglerPSoC5Serial.a(ADC_DelSig_1.o)
 .ARM.attributes
                0x00000164       0x33 .\ARM_GCC_541\Debug\LucaSpenglerPSoC5Serial.a(ADC_DelSig_1_INT.o)
 .ARM.attributes
                0x00000197       0x33 .\ARM_GCC_541\Debug\LucaSpenglerPSoC5Serial.a(UART_1.o)
 .ARM.attributes
                0x000001ca       0x33 .\ARM_GCC_541\Debug\LucaSpenglerPSoC5Serial.a(ADC_DelSig_1_AMux.o)
 .ARM.attributes
                0x000001fd       0x33 .\ARM_GCC_541\Debug\LucaSpenglerPSoC5Serial.a(ADC_DelSig_1_Ext_CP_Clk.o)
 .ARM.attributes
                0x00000230       0x33 .\ARM_GCC_541\Debug\LucaSpenglerPSoC5Serial.a(ADC_DelSig_1_theACLK.o)
 .ARM.attributes
                0x00000263       0x33 .\ARM_GCC_541\Debug\LucaSpenglerPSoC5Serial.a(UART_1_IntClock.o)
 .ARM.attributes
                0x00000296       0x33 .\ARM_GCC_541\Debug\LucaSpenglerPSoC5Serial.a(CyLib.o)
 .ARM.attributes
                0x000002c9       0x33 .\ARM_GCC_541\Debug\LucaSpenglerPSoC5Serial.a(cyPm.o)
 .ARM.attributes
                0x000002fc       0x33 .\ARM_GCC_541\Debug\LucaSpenglerPSoC5Serial.a(I2C_1.o)
 .ARM.attributes
                0x0000032f       0x33 .\ARM_GCC_541\Debug\LucaSpenglerPSoC5Serial.a(I2C_1_INT.o)
 .ARM.attributes
                0x00000362       0x33 .\ARM_GCC_541\Debug\LucaSpenglerPSoC5Serial.a(I2C_1_MASTER.o)
 .ARM.attributes
                0x00000395       0x33 .\ARM_GCC_541\Debug\LucaSpenglerPSoC5Serial.a(SPIM_1.o)
 .ARM.attributes
                0x000003c8       0x33 .\ARM_GCC_541\Debug\LucaSpenglerPSoC5Serial.a(SPIM_1_INT.o)
 .ARM.attributes
                0x000003fb       0x33 .\ARM_GCC_541\Debug\LucaSpenglerPSoC5Serial.a(cs_pin.o)
 .ARM.attributes
                0x0000042e       0x33 .\ARM_GCC_541\Debug\LucaSpenglerPSoC5Serial.a(SPIM_1_IntClock.o)
 .ARM.attributes
                0x00000461       0x21 .\ARM_GCC_541\Debug\LucaSpenglerPSoC5Serial.a(CyBootAsmGnu.o)
 .ARM.attributes
                0x00000482       0x33 .\ARM_GCC_541\Debug\LucaSpenglerPSoC5Serial.a(CyFlash.o)
 .ARM.attributes
                0x000004b5       0x33 .\ARM_GCC_541\Debug\LucaSpenglerPSoC5Serial.a(CySpc.o)
 .ARM.attributes
                0x000004e8       0x1d c:/program files (x86)/cypress/psoc creator/4.4/psoc creator/import/gnu/arm/5.4.1/bin/../lib/gcc/arm-none-eabi/5.4.1/armv7-m\libgcc.a(_arm_addsubdf3.o)
 .ARM.attributes
                0x00000505       0x1d c:/program files (x86)/cypress/psoc creator/4.4/psoc creator/import/gnu/arm/5.4.1/bin/../lib/gcc/arm-none-eabi/5.4.1/armv7-m\libgcc.a(_arm_cmpdf2.o)
 .ARM.attributes
                0x00000522       0x1d c:/program files (x86)/cypress/psoc creator/4.4/psoc creator/import/gnu/arm/5.4.1/bin/../lib/gcc/arm-none-eabi/5.4.1/armv7-m\libgcc.a(_arm_addsubsf3.o)
 .ARM.attributes
                0x0000053f       0x1d c:/program files (x86)/cypress/psoc creator/4.4/psoc creator/import/gnu/arm/5.4.1/bin/../lib/gcc/arm-none-eabi/5.4.1/armv7-m\libgcc.a(_arm_muldivsf3.o)
 .ARM.attributes
                0x0000055c       0x1d c:/program files (x86)/cypress/psoc creator/4.4/psoc creator/import/gnu/arm/5.4.1/bin/../lib/gcc/arm-none-eabi/5.4.1/armv7-m\libgcc.a(_arm_fixunssfsi.o)
 .ARM.attributes
                0x00000579       0x2d c:/program files (x86)/cypress/psoc creator/4.4/psoc creator/import/gnu/arm/5.4.1/bin/../lib/gcc/arm-none-eabi/5.4.1/../../../../arm-none-eabi/lib/armv7-m\libg_nano.a(lib_a-errno.o)
 .ARM.attributes
                0x000005a6       0x2d c:/program files (x86)/cypress/psoc creator/4.4/psoc creator/import/gnu/arm/5.4.1/bin/../lib/gcc/arm-none-eabi/5.4.1/../../../../arm-none-eabi/lib/armv7-m\libg_nano.a(lib_a-exit.o)
 .ARM.attributes
                0x000005d3       0x2d c:/program files (x86)/cypress/psoc creator/4.4/psoc creator/import/gnu/arm/5.4.1/bin/../lib/gcc/arm-none-eabi/5.4.1/../../../../arm-none-eabi/lib/armv7-m\libg_nano.a(lib_a-impure.o)
 .ARM.attributes
                0x00000600       0x2d c:/program files (x86)/cypress/psoc creator/4.4/psoc creator/import/gnu/arm/5.4.1/bin/../lib/gcc/arm-none-eabi/5.4.1/../../../../arm-none-eabi/lib/armv7-m\libg_nano.a(lib_a-init.o)
 .ARM.attributes
                0x0000062d       0x2d c:/program files (x86)/cypress/psoc creator/4.4/psoc creator/import/gnu/arm/5.4.1/bin/../lib/gcc/arm-none-eabi/5.4.1/../../../../arm-none-eabi/lib/armv7-m\libg_nano.a(lib_a-memcpy-stub.o)
 .ARM.attributes
                0x0000065a       0x2d c:/program files (x86)/cypress/psoc creator/4.4/psoc creator/import/gnu/arm/5.4.1/bin/../lib/gcc/arm-none-eabi/5.4.1/../../../../arm-none-eabi/lib/armv7-m\libg_nano.a(lib_a-memset.o)
 .ARM.attributes
                0x00000687       0x2d c:/program files (x86)/cypress/psoc creator/4.4/psoc creator/import/gnu/arm/5.4.1/bin/../lib/gcc/arm-none-eabi/5.4.1/../../../../arm-none-eabi/lib/armv7-m\libg_nano.a(lib_a-sprintf.o)
 .ARM.attributes
                0x000006b4       0x2d c:/program files (x86)/cypress/psoc creator/4.4/psoc creator/import/gnu/arm/5.4.1/bin/../lib/gcc/arm-none-eabi/5.4.1/../../../../arm-none-eabi/lib/armv7-m\libg_nano.a(lib_a-nano-svfprintf.o)
 .ARM.attributes
                0x000006e1       0x2d c:/program files (x86)/cypress/psoc creator/4.4/psoc creator/import/gnu/arm/5.4.1/bin/../lib/gcc/arm-none-eabi/5.4.1/../../../../arm-none-eabi/lib/armv7-m\libg_nano.a(lib_a-nano-vfprintf_i.o)
 .ARM.attributes
                0x0000070e       0x2d c:/program files (x86)/cypress/psoc creator/4.4/psoc creator/import/gnu/arm/5.4.1/bin/../lib/gcc/arm-none-eabi/5.4.1/../../../../arm-none-eabi/lib/armv7-m\libg_nano.a(lib_a-memchr-stub.o)
 .ARM.attributes
                0x0000073b       0x2d c:/program files (x86)/cypress/psoc creator/4.4/psoc creator/import/gnu/arm/5.4.1/bin/../lib/gcc/arm-none-eabi/5.4.1/../../../../arm-none-eabi/lib/armv7-m\libg_nano.a(lib_a-memmove.o)
 .ARM.attributes
                0x00000768       0x2d c:/program files (x86)/cypress/psoc creator/4.4/psoc creator/import/gnu/arm/5.4.1/bin/../lib/gcc/arm-none-eabi/5.4.1/../../../../arm-none-eabi/lib/armv7-m\libg_nano.a(lib_a-nano-freer.o)
 .ARM.attributes
                0x00000795       0x2d c:/program files (x86)/cypress/psoc creator/4.4/psoc creator/import/gnu/arm/5.4.1/bin/../lib/gcc/arm-none-eabi/5.4.1/../../../../arm-none-eabi/lib/armv7-m\libg_nano.a(lib_a-nano-mallocr.o)
 .ARM.attributes
                0x000007c2       0x2d c:/program files (x86)/cypress/psoc creator/4.4/psoc creator/import/gnu/arm/5.4.1/bin/../lib/gcc/arm-none-eabi/5.4.1/../../../../arm-none-eabi/lib/armv7-m\libg_nano.a(lib_a-nano-reallocr.o)
 .ARM.attributes
                0x000007ef       0x2d c:/program files (x86)/cypress/psoc creator/4.4/psoc creator/import/gnu/arm/5.4.1/bin/../lib/gcc/arm-none-eabi/5.4.1/../../../../arm-none-eabi/lib/armv7-m\libg_nano.a(lib_a-sbrkr.o)
 .ARM.attributes
                0x0000081c       0x2d c:/program files (x86)/cypress/psoc creator/4.4/psoc creator/import/gnu/arm/5.4.1/bin/../lib/gcc/arm-none-eabi/5.4.1/../../../../arm-none-eabi/lib/armv7-m\libg_nano.a(lib_a-mlock.o)
 .ARM.attributes
                0x00000849       0x2d c:/program files (x86)/cypress/psoc creator/4.4/psoc creator/import/gnu/arm/5.4.1/bin/../lib/gcc/arm-none-eabi/5.4.1/../../../../arm-none-eabi/lib/armv7-m\libg_nano.a(lib_a-nano-msizer.o)
 .ARM.attributes
                0x00000876       0x2d c:/program files (x86)/cypress/psoc creator/4.4/psoc creator/import/gnu/arm/5.4.1/bin/../lib/gcc/arm-none-eabi/5.4.1/../../../../arm-none-eabi/lib/armv7-m\libg_nano.a(lib_a-reent.o)
 .ARM.attributes
                0x000008a3       0x2d c:/program files (x86)/cypress/psoc creator/4.4/psoc creator/import/gnu/arm/5.4.1/bin/../lib/gcc/arm-none-eabi/5.4.1/armv7-m/crtend.o
 .ARM.attributes
                0x000008d0       0x1d c:/program files (x86)/cypress/psoc creator/4.4/psoc creator/import/gnu/arm/5.4.1/bin/../lib/gcc/arm-none-eabi/5.4.1/armv7-m/crtn.o

/DISCARD/
 *(.note.GNU-stack)
OUTPUT(C:\UserData\z004e6he\OneDrive - Siemens AG\Documents\PSoC Creator\PSoC\Exercise4\LucaSpenglerPSoC5Serial.cydsn\ARM_GCC_541\Debug\LucaSpenglerPSoC5Serial.elf elf32-littlearm)
