ARM GAS  C:\Users\z004e6he\AppData\Local\Temp\ccxteeFK.s 			page 1


   1              		.syntax unified
   2              		.cpu cortex-m3
   3              		.fpu softvfp
   4              		.eabi_attribute 20, 1
   5              		.eabi_attribute 21, 1
   6              		.eabi_attribute 23, 3
   7              		.eabi_attribute 24, 1
   8              		.eabi_attribute 25, 1
   9              		.eabi_attribute 26, 1
  10              		.eabi_attribute 30, 1
  11              		.eabi_attribute 34, 1
  12              		.eabi_attribute 18, 4
  13              		.thumb
  14              		.syntax unified
  15              		.file	"rx_isr.c"
  16              		.text
  17              	.Ltext0:
  18              		.cfi_sections	.debug_frame
  19              		.section	.text.rx_isr_Interrupt,"ax",%progbits
  20              		.align	2
  21              		.global	rx_isr_Interrupt
  22              		.thumb
  23              		.thumb_func
  24              		.type	rx_isr_Interrupt, %function
  25              	rx_isr_Interrupt:
  26              	.LFB3:
  27              		.file 1 "Generated_Source\\PSoC5\\rx_isr.c"
   1:Generated_Source\PSoC5/rx_isr.c **** /*******************************************************************************
   2:Generated_Source\PSoC5/rx_isr.c **** * File Name: rx_isr.c  
   3:Generated_Source\PSoC5/rx_isr.c **** * Version 1.70
   4:Generated_Source\PSoC5/rx_isr.c **** *
   5:Generated_Source\PSoC5/rx_isr.c **** *  Description:
   6:Generated_Source\PSoC5/rx_isr.c **** *   API for controlling the state of an interrupt.
   7:Generated_Source\PSoC5/rx_isr.c **** *
   8:Generated_Source\PSoC5/rx_isr.c **** *
   9:Generated_Source\PSoC5/rx_isr.c **** *  Note:
  10:Generated_Source\PSoC5/rx_isr.c **** *
  11:Generated_Source\PSoC5/rx_isr.c **** ********************************************************************************
  12:Generated_Source\PSoC5/rx_isr.c **** * Copyright 2008-2015, Cypress Semiconductor Corporation.  All rights reserved.
  13:Generated_Source\PSoC5/rx_isr.c **** * You may use this file only in accordance with the license, terms, conditions, 
  14:Generated_Source\PSoC5/rx_isr.c **** * disclaimers, and limitations in the end user license agreement accompanying 
  15:Generated_Source\PSoC5/rx_isr.c **** * the software package with which this file was provided.
  16:Generated_Source\PSoC5/rx_isr.c **** *******************************************************************************/
  17:Generated_Source\PSoC5/rx_isr.c **** 
  18:Generated_Source\PSoC5/rx_isr.c **** 
  19:Generated_Source\PSoC5/rx_isr.c **** #include <cydevice_trm.h>
  20:Generated_Source\PSoC5/rx_isr.c **** #include <CyLib.h>
  21:Generated_Source\PSoC5/rx_isr.c **** #include <rx_isr.h>
  22:Generated_Source\PSoC5/rx_isr.c **** #include "cyapicallbacks.h"
  23:Generated_Source\PSoC5/rx_isr.c **** 
  24:Generated_Source\PSoC5/rx_isr.c **** #if !defined(rx_isr__REMOVED) /* Check for removal by optimization */
  25:Generated_Source\PSoC5/rx_isr.c **** 
  26:Generated_Source\PSoC5/rx_isr.c **** /*******************************************************************************
  27:Generated_Source\PSoC5/rx_isr.c **** *  Place your includes, defines and code here 
  28:Generated_Source\PSoC5/rx_isr.c **** ********************************************************************************/
  29:Generated_Source\PSoC5/rx_isr.c **** /* `#START rx_isr_intc` */
  30:Generated_Source\PSoC5/rx_isr.c ****     #include <stdbool.h>
ARM GAS  C:\Users\z004e6he\AppData\Local\Temp\ccxteeFK.s 			page 2


  31:Generated_Source\PSoC5/rx_isr.c ****     extern bool gRX_ISR; //Track UART Receive Interrupt as external flag
  32:Generated_Source\PSoC5/rx_isr.c **** /* `#END` */
  33:Generated_Source\PSoC5/rx_isr.c **** 
  34:Generated_Source\PSoC5/rx_isr.c **** #ifndef CYINT_IRQ_BASE
  35:Generated_Source\PSoC5/rx_isr.c **** #define CYINT_IRQ_BASE      16
  36:Generated_Source\PSoC5/rx_isr.c **** #endif /* CYINT_IRQ_BASE */
  37:Generated_Source\PSoC5/rx_isr.c **** #ifndef CYINT_VECT_TABLE
  38:Generated_Source\PSoC5/rx_isr.c **** #define CYINT_VECT_TABLE    ((cyisraddress **) CYREG_NVIC_VECT_OFFSET)
  39:Generated_Source\PSoC5/rx_isr.c **** #endif /* CYINT_VECT_TABLE */
  40:Generated_Source\PSoC5/rx_isr.c **** 
  41:Generated_Source\PSoC5/rx_isr.c **** /* Declared in startup, used to set unused interrupts to. */
  42:Generated_Source\PSoC5/rx_isr.c **** CY_ISR_PROTO(IntDefaultHandler);
  43:Generated_Source\PSoC5/rx_isr.c **** 
  44:Generated_Source\PSoC5/rx_isr.c **** 
  45:Generated_Source\PSoC5/rx_isr.c **** /*******************************************************************************
  46:Generated_Source\PSoC5/rx_isr.c **** * Function Name: rx_isr_Start
  47:Generated_Source\PSoC5/rx_isr.c **** ********************************************************************************
  48:Generated_Source\PSoC5/rx_isr.c **** *
  49:Generated_Source\PSoC5/rx_isr.c **** * Summary:
  50:Generated_Source\PSoC5/rx_isr.c **** *  Set up the interrupt and enable it. This function disables the interrupt, 
  51:Generated_Source\PSoC5/rx_isr.c **** *  sets the default interrupt vector, sets the priority from the value in the
  52:Generated_Source\PSoC5/rx_isr.c **** *  Design Wide Resources Interrupt Editor, then enables the interrupt to the 
  53:Generated_Source\PSoC5/rx_isr.c **** *  interrupt controller.
  54:Generated_Source\PSoC5/rx_isr.c **** *
  55:Generated_Source\PSoC5/rx_isr.c **** * Parameters:  
  56:Generated_Source\PSoC5/rx_isr.c **** *   None
  57:Generated_Source\PSoC5/rx_isr.c **** *
  58:Generated_Source\PSoC5/rx_isr.c **** * Return:
  59:Generated_Source\PSoC5/rx_isr.c **** *   None
  60:Generated_Source\PSoC5/rx_isr.c **** *
  61:Generated_Source\PSoC5/rx_isr.c **** *******************************************************************************/
  62:Generated_Source\PSoC5/rx_isr.c **** void rx_isr_Start(void)
  63:Generated_Source\PSoC5/rx_isr.c **** {
  64:Generated_Source\PSoC5/rx_isr.c ****     /* For all we know the interrupt is active. */
  65:Generated_Source\PSoC5/rx_isr.c ****     rx_isr_Disable();
  66:Generated_Source\PSoC5/rx_isr.c **** 
  67:Generated_Source\PSoC5/rx_isr.c ****     /* Set the ISR to point to the rx_isr Interrupt. */
  68:Generated_Source\PSoC5/rx_isr.c ****     rx_isr_SetVector(&rx_isr_Interrupt);
  69:Generated_Source\PSoC5/rx_isr.c **** 
  70:Generated_Source\PSoC5/rx_isr.c ****     /* Set the priority. */
  71:Generated_Source\PSoC5/rx_isr.c ****     rx_isr_SetPriority((uint8)rx_isr_INTC_PRIOR_NUMBER);
  72:Generated_Source\PSoC5/rx_isr.c **** 
  73:Generated_Source\PSoC5/rx_isr.c ****     /* Enable it. */
  74:Generated_Source\PSoC5/rx_isr.c ****     rx_isr_Enable();
  75:Generated_Source\PSoC5/rx_isr.c **** }
  76:Generated_Source\PSoC5/rx_isr.c **** 
  77:Generated_Source\PSoC5/rx_isr.c **** 
  78:Generated_Source\PSoC5/rx_isr.c **** /*******************************************************************************
  79:Generated_Source\PSoC5/rx_isr.c **** * Function Name: rx_isr_StartEx
  80:Generated_Source\PSoC5/rx_isr.c **** ********************************************************************************
  81:Generated_Source\PSoC5/rx_isr.c **** *
  82:Generated_Source\PSoC5/rx_isr.c **** * Summary:
  83:Generated_Source\PSoC5/rx_isr.c **** *  Sets up the interrupt and enables it. This function disables the interrupt,
  84:Generated_Source\PSoC5/rx_isr.c **** *  sets the interrupt vector based on the address passed in, sets the priority 
  85:Generated_Source\PSoC5/rx_isr.c **** *  from the value in the Design Wide Resources Interrupt Editor, then enables 
  86:Generated_Source\PSoC5/rx_isr.c **** *  the interrupt to the interrupt controller.
  87:Generated_Source\PSoC5/rx_isr.c **** *  
ARM GAS  C:\Users\z004e6he\AppData\Local\Temp\ccxteeFK.s 			page 3


  88:Generated_Source\PSoC5/rx_isr.c **** *  When defining ISR functions, the CY_ISR and CY_ISR_PROTO macros should be 
  89:Generated_Source\PSoC5/rx_isr.c **** *  used to provide consistent definition across compilers:
  90:Generated_Source\PSoC5/rx_isr.c **** *  
  91:Generated_Source\PSoC5/rx_isr.c **** *  Function definition example:
  92:Generated_Source\PSoC5/rx_isr.c **** *   CY_ISR(MyISR)
  93:Generated_Source\PSoC5/rx_isr.c **** *   {
  94:Generated_Source\PSoC5/rx_isr.c **** *   }
  95:Generated_Source\PSoC5/rx_isr.c **** *   Function prototype example:
  96:Generated_Source\PSoC5/rx_isr.c **** *   CY_ISR_PROTO(MyISR);
  97:Generated_Source\PSoC5/rx_isr.c **** *
  98:Generated_Source\PSoC5/rx_isr.c **** * Parameters:  
  99:Generated_Source\PSoC5/rx_isr.c **** *   address: Address of the ISR to set in the interrupt vector table.
 100:Generated_Source\PSoC5/rx_isr.c **** *
 101:Generated_Source\PSoC5/rx_isr.c **** * Return:
 102:Generated_Source\PSoC5/rx_isr.c **** *   None
 103:Generated_Source\PSoC5/rx_isr.c **** *
 104:Generated_Source\PSoC5/rx_isr.c **** *******************************************************************************/
 105:Generated_Source\PSoC5/rx_isr.c **** void rx_isr_StartEx(cyisraddress address)
 106:Generated_Source\PSoC5/rx_isr.c **** {
 107:Generated_Source\PSoC5/rx_isr.c ****     /* For all we know the interrupt is active. */
 108:Generated_Source\PSoC5/rx_isr.c ****     rx_isr_Disable();
 109:Generated_Source\PSoC5/rx_isr.c **** 
 110:Generated_Source\PSoC5/rx_isr.c ****     /* Set the ISR to point to the rx_isr Interrupt. */
 111:Generated_Source\PSoC5/rx_isr.c ****     rx_isr_SetVector(address);
 112:Generated_Source\PSoC5/rx_isr.c **** 
 113:Generated_Source\PSoC5/rx_isr.c ****     /* Set the priority. */
 114:Generated_Source\PSoC5/rx_isr.c ****     rx_isr_SetPriority((uint8)rx_isr_INTC_PRIOR_NUMBER);
 115:Generated_Source\PSoC5/rx_isr.c **** 
 116:Generated_Source\PSoC5/rx_isr.c ****     /* Enable it. */
 117:Generated_Source\PSoC5/rx_isr.c ****     rx_isr_Enable();
 118:Generated_Source\PSoC5/rx_isr.c **** }
 119:Generated_Source\PSoC5/rx_isr.c **** 
 120:Generated_Source\PSoC5/rx_isr.c **** 
 121:Generated_Source\PSoC5/rx_isr.c **** /*******************************************************************************
 122:Generated_Source\PSoC5/rx_isr.c **** * Function Name: rx_isr_Stop
 123:Generated_Source\PSoC5/rx_isr.c **** ********************************************************************************
 124:Generated_Source\PSoC5/rx_isr.c **** *
 125:Generated_Source\PSoC5/rx_isr.c **** * Summary:
 126:Generated_Source\PSoC5/rx_isr.c **** *   Disables and removes the interrupt.
 127:Generated_Source\PSoC5/rx_isr.c **** *
 128:Generated_Source\PSoC5/rx_isr.c **** * Parameters:  
 129:Generated_Source\PSoC5/rx_isr.c **** *   None
 130:Generated_Source\PSoC5/rx_isr.c **** *
 131:Generated_Source\PSoC5/rx_isr.c **** * Return:
 132:Generated_Source\PSoC5/rx_isr.c **** *   None
 133:Generated_Source\PSoC5/rx_isr.c **** *
 134:Generated_Source\PSoC5/rx_isr.c **** *******************************************************************************/
 135:Generated_Source\PSoC5/rx_isr.c **** void rx_isr_Stop(void)
 136:Generated_Source\PSoC5/rx_isr.c **** {
 137:Generated_Source\PSoC5/rx_isr.c ****     /* Disable this interrupt. */
 138:Generated_Source\PSoC5/rx_isr.c ****     rx_isr_Disable();
 139:Generated_Source\PSoC5/rx_isr.c **** 
 140:Generated_Source\PSoC5/rx_isr.c ****     /* Set the ISR to point to the passive one. */
 141:Generated_Source\PSoC5/rx_isr.c ****     rx_isr_SetVector(&IntDefaultHandler);
 142:Generated_Source\PSoC5/rx_isr.c **** }
 143:Generated_Source\PSoC5/rx_isr.c **** 
 144:Generated_Source\PSoC5/rx_isr.c **** 
ARM GAS  C:\Users\z004e6he\AppData\Local\Temp\ccxteeFK.s 			page 4


 145:Generated_Source\PSoC5/rx_isr.c **** /*******************************************************************************
 146:Generated_Source\PSoC5/rx_isr.c **** * Function Name: rx_isr_Interrupt
 147:Generated_Source\PSoC5/rx_isr.c **** ********************************************************************************
 148:Generated_Source\PSoC5/rx_isr.c **** *
 149:Generated_Source\PSoC5/rx_isr.c **** * Summary:
 150:Generated_Source\PSoC5/rx_isr.c **** *   The default Interrupt Service Routine for rx_isr.
 151:Generated_Source\PSoC5/rx_isr.c **** *
 152:Generated_Source\PSoC5/rx_isr.c **** *   Add custom code between the coments to keep the next version of this file
 153:Generated_Source\PSoC5/rx_isr.c **** *   from over writting your code.
 154:Generated_Source\PSoC5/rx_isr.c **** *
 155:Generated_Source\PSoC5/rx_isr.c **** * Parameters:  
 156:Generated_Source\PSoC5/rx_isr.c **** *
 157:Generated_Source\PSoC5/rx_isr.c **** * Return:
 158:Generated_Source\PSoC5/rx_isr.c **** *   None
 159:Generated_Source\PSoC5/rx_isr.c **** *
 160:Generated_Source\PSoC5/rx_isr.c **** *******************************************************************************/
 161:Generated_Source\PSoC5/rx_isr.c **** CY_ISR(rx_isr_Interrupt)
 162:Generated_Source\PSoC5/rx_isr.c **** {
  28              		.loc 1 162 0
  29              		.cfi_startproc
  30              		@ args = 0, pretend = 0, frame = 0
  31              		@ frame_needed = 0, uses_anonymous_args = 0
  32              		@ link register save eliminated.
 163:Generated_Source\PSoC5/rx_isr.c ****     #ifdef rx_isr_INTERRUPT_INTERRUPT_CALLBACK
 164:Generated_Source\PSoC5/rx_isr.c ****         rx_isr_Interrupt_InterruptCallback();
 165:Generated_Source\PSoC5/rx_isr.c ****     #endif /* rx_isr_INTERRUPT_INTERRUPT_CALLBACK */ 
 166:Generated_Source\PSoC5/rx_isr.c **** 
 167:Generated_Source\PSoC5/rx_isr.c ****     /*  Place your Interrupt code here. */
 168:Generated_Source\PSoC5/rx_isr.c ****     /* `#START rx_isr_Interrupt` */
 169:Generated_Source\PSoC5/rx_isr.c ****     gRX_ISR = true; //set interrupt flag
  33              		.loc 1 169 0
  34 0000 0122     		movs	r2, #1
  35 0002 014B     		ldr	r3, .L2
  36 0004 1A70     		strb	r2, [r3]
  37 0006 7047     		bx	lr
  38              	.L3:
  39              		.align	2
  40              	.L2:
  41 0008 00000000 		.word	gRX_ISR
  42              		.cfi_endproc
  43              	.LFE3:
  44              		.size	rx_isr_Interrupt, .-rx_isr_Interrupt
  45              		.section	.text.rx_isr_SetVector,"ax",%progbits
  46              		.align	2
  47              		.global	rx_isr_SetVector
  48              		.thumb
  49              		.thumb_func
  50              		.type	rx_isr_SetVector, %function
  51              	rx_isr_SetVector:
  52              	.LFB4:
 170:Generated_Source\PSoC5/rx_isr.c ****     
 171:Generated_Source\PSoC5/rx_isr.c ****     /* `#END` */
 172:Generated_Source\PSoC5/rx_isr.c **** }
 173:Generated_Source\PSoC5/rx_isr.c **** 
 174:Generated_Source\PSoC5/rx_isr.c **** 
 175:Generated_Source\PSoC5/rx_isr.c **** /*******************************************************************************
 176:Generated_Source\PSoC5/rx_isr.c **** * Function Name: rx_isr_SetVector
ARM GAS  C:\Users\z004e6he\AppData\Local\Temp\ccxteeFK.s 			page 5


 177:Generated_Source\PSoC5/rx_isr.c **** ********************************************************************************
 178:Generated_Source\PSoC5/rx_isr.c **** *
 179:Generated_Source\PSoC5/rx_isr.c **** * Summary:
 180:Generated_Source\PSoC5/rx_isr.c **** *   Change the ISR vector for the Interrupt. Note calling rx_isr_Start
 181:Generated_Source\PSoC5/rx_isr.c **** *   will override any effect this method would have had. To set the vector 
 182:Generated_Source\PSoC5/rx_isr.c **** *   before the component has been started use rx_isr_StartEx instead.
 183:Generated_Source\PSoC5/rx_isr.c **** * 
 184:Generated_Source\PSoC5/rx_isr.c **** *   When defining ISR functions, the CY_ISR and CY_ISR_PROTO macros should be 
 185:Generated_Source\PSoC5/rx_isr.c **** *   used to provide consistent definition across compilers:
 186:Generated_Source\PSoC5/rx_isr.c **** *
 187:Generated_Source\PSoC5/rx_isr.c **** *   Function definition example:
 188:Generated_Source\PSoC5/rx_isr.c **** *   CY_ISR(MyISR)
 189:Generated_Source\PSoC5/rx_isr.c **** *   {
 190:Generated_Source\PSoC5/rx_isr.c **** *   }
 191:Generated_Source\PSoC5/rx_isr.c **** *
 192:Generated_Source\PSoC5/rx_isr.c **** *   Function prototype example:
 193:Generated_Source\PSoC5/rx_isr.c **** *     CY_ISR_PROTO(MyISR);
 194:Generated_Source\PSoC5/rx_isr.c **** *
 195:Generated_Source\PSoC5/rx_isr.c **** * Parameters:
 196:Generated_Source\PSoC5/rx_isr.c **** *   address: Address of the ISR to set in the interrupt vector table.
 197:Generated_Source\PSoC5/rx_isr.c **** *
 198:Generated_Source\PSoC5/rx_isr.c **** * Return:
 199:Generated_Source\PSoC5/rx_isr.c **** *   None
 200:Generated_Source\PSoC5/rx_isr.c **** *
 201:Generated_Source\PSoC5/rx_isr.c **** *******************************************************************************/
 202:Generated_Source\PSoC5/rx_isr.c **** void rx_isr_SetVector(cyisraddress address)
 203:Generated_Source\PSoC5/rx_isr.c **** {
  53              		.loc 1 203 0
  54              		.cfi_startproc
  55              		@ args = 0, pretend = 0, frame = 0
  56              		@ frame_needed = 0, uses_anonymous_args = 0
  57              		@ link register save eliminated.
  58              	.LVL0:
 204:Generated_Source\PSoC5/rx_isr.c ****     cyisraddress * ramVectorTable;
 205:Generated_Source\PSoC5/rx_isr.c **** 
 206:Generated_Source\PSoC5/rx_isr.c ****     ramVectorTable = (cyisraddress *) *CYINT_VECT_TABLE;
  59              		.loc 1 206 0
  60 0000 014B     		ldr	r3, .L5
  61 0002 1B68     		ldr	r3, [r3]
  62              	.LVL1:
 207:Generated_Source\PSoC5/rx_isr.c **** 
 208:Generated_Source\PSoC5/rx_isr.c ****     ramVectorTable[CYINT_IRQ_BASE + (uint32)rx_isr__INTC_NUMBER] = address;
  63              		.loc 1 208 0
  64 0004 5864     		str	r0, [r3, #68]
  65 0006 7047     		bx	lr
  66              	.L6:
  67              		.align	2
  68              	.L5:
  69 0008 08ED00E0 		.word	-536810232
  70              		.cfi_endproc
  71              	.LFE4:
  72              		.size	rx_isr_SetVector, .-rx_isr_SetVector
  73              		.section	.text.rx_isr_GetVector,"ax",%progbits
  74              		.align	2
  75              		.global	rx_isr_GetVector
  76              		.thumb
  77              		.thumb_func
ARM GAS  C:\Users\z004e6he\AppData\Local\Temp\ccxteeFK.s 			page 6


  78              		.type	rx_isr_GetVector, %function
  79              	rx_isr_GetVector:
  80              	.LFB5:
 209:Generated_Source\PSoC5/rx_isr.c **** }
 210:Generated_Source\PSoC5/rx_isr.c **** 
 211:Generated_Source\PSoC5/rx_isr.c **** 
 212:Generated_Source\PSoC5/rx_isr.c **** /*******************************************************************************
 213:Generated_Source\PSoC5/rx_isr.c **** * Function Name: rx_isr_GetVector
 214:Generated_Source\PSoC5/rx_isr.c **** ********************************************************************************
 215:Generated_Source\PSoC5/rx_isr.c **** *
 216:Generated_Source\PSoC5/rx_isr.c **** * Summary:
 217:Generated_Source\PSoC5/rx_isr.c **** *   Gets the "address" of the current ISR vector for the Interrupt.
 218:Generated_Source\PSoC5/rx_isr.c **** *
 219:Generated_Source\PSoC5/rx_isr.c **** * Parameters:
 220:Generated_Source\PSoC5/rx_isr.c **** *   None
 221:Generated_Source\PSoC5/rx_isr.c **** *
 222:Generated_Source\PSoC5/rx_isr.c **** * Return:
 223:Generated_Source\PSoC5/rx_isr.c **** *   Address of the ISR in the interrupt vector table.
 224:Generated_Source\PSoC5/rx_isr.c **** *
 225:Generated_Source\PSoC5/rx_isr.c **** *******************************************************************************/
 226:Generated_Source\PSoC5/rx_isr.c **** cyisraddress rx_isr_GetVector(void)
 227:Generated_Source\PSoC5/rx_isr.c **** {
  81              		.loc 1 227 0
  82              		.cfi_startproc
  83              		@ args = 0, pretend = 0, frame = 0
  84              		@ frame_needed = 0, uses_anonymous_args = 0
  85              		@ link register save eliminated.
 228:Generated_Source\PSoC5/rx_isr.c ****     cyisraddress * ramVectorTable;
 229:Generated_Source\PSoC5/rx_isr.c **** 
 230:Generated_Source\PSoC5/rx_isr.c ****     ramVectorTable = (cyisraddress *) *CYINT_VECT_TABLE;
  86              		.loc 1 230 0
  87 0000 014B     		ldr	r3, .L8
  88 0002 1B68     		ldr	r3, [r3]
  89              	.LVL2:
 231:Generated_Source\PSoC5/rx_isr.c **** 
 232:Generated_Source\PSoC5/rx_isr.c ****     return ramVectorTable[CYINT_IRQ_BASE + (uint32)rx_isr__INTC_NUMBER];
 233:Generated_Source\PSoC5/rx_isr.c **** }
  90              		.loc 1 233 0
  91 0004 586C     		ldr	r0, [r3, #68]
  92 0006 7047     		bx	lr
  93              	.L9:
  94              		.align	2
  95              	.L8:
  96 0008 08ED00E0 		.word	-536810232
  97              		.cfi_endproc
  98              	.LFE5:
  99              		.size	rx_isr_GetVector, .-rx_isr_GetVector
 100              		.section	.text.rx_isr_SetPriority,"ax",%progbits
 101              		.align	2
 102              		.global	rx_isr_SetPriority
 103              		.thumb
 104              		.thumb_func
 105              		.type	rx_isr_SetPriority, %function
 106              	rx_isr_SetPriority:
 107              	.LFB6:
 234:Generated_Source\PSoC5/rx_isr.c **** 
 235:Generated_Source\PSoC5/rx_isr.c **** 
ARM GAS  C:\Users\z004e6he\AppData\Local\Temp\ccxteeFK.s 			page 7


 236:Generated_Source\PSoC5/rx_isr.c **** /*******************************************************************************
 237:Generated_Source\PSoC5/rx_isr.c **** * Function Name: rx_isr_SetPriority
 238:Generated_Source\PSoC5/rx_isr.c **** ********************************************************************************
 239:Generated_Source\PSoC5/rx_isr.c **** *
 240:Generated_Source\PSoC5/rx_isr.c **** * Summary:
 241:Generated_Source\PSoC5/rx_isr.c **** *   Sets the Priority of the Interrupt. 
 242:Generated_Source\PSoC5/rx_isr.c **** *
 243:Generated_Source\PSoC5/rx_isr.c **** *   Note calling rx_isr_Start or rx_isr_StartEx will 
 244:Generated_Source\PSoC5/rx_isr.c **** *   override any effect this API would have had. This API should only be called
 245:Generated_Source\PSoC5/rx_isr.c **** *   after rx_isr_Start or rx_isr_StartEx has been called. 
 246:Generated_Source\PSoC5/rx_isr.c **** *   To set the initial priority for the component, use the Design-Wide Resources
 247:Generated_Source\PSoC5/rx_isr.c **** *   Interrupt Editor.
 248:Generated_Source\PSoC5/rx_isr.c **** *
 249:Generated_Source\PSoC5/rx_isr.c **** *   Note This API has no effect on Non-maskable interrupt NMI).
 250:Generated_Source\PSoC5/rx_isr.c **** *
 251:Generated_Source\PSoC5/rx_isr.c **** * Parameters:
 252:Generated_Source\PSoC5/rx_isr.c **** *   priority: Priority of the interrupt, 0 being the highest priority
 253:Generated_Source\PSoC5/rx_isr.c **** *             PSoC 3 and PSoC 5LP: Priority is from 0 to 7.
 254:Generated_Source\PSoC5/rx_isr.c **** *             PSoC 4: Priority is from 0 to 3.
 255:Generated_Source\PSoC5/rx_isr.c **** *
 256:Generated_Source\PSoC5/rx_isr.c **** * Return:
 257:Generated_Source\PSoC5/rx_isr.c **** *   None
 258:Generated_Source\PSoC5/rx_isr.c **** *
 259:Generated_Source\PSoC5/rx_isr.c **** *******************************************************************************/
 260:Generated_Source\PSoC5/rx_isr.c **** void rx_isr_SetPriority(uint8 priority)
 261:Generated_Source\PSoC5/rx_isr.c **** {
 108              		.loc 1 261 0
 109              		.cfi_startproc
 110              		@ args = 0, pretend = 0, frame = 0
 111              		@ frame_needed = 0, uses_anonymous_args = 0
 112              		@ link register save eliminated.
 113              	.LVL3:
 262:Generated_Source\PSoC5/rx_isr.c ****     *rx_isr_INTC_PRIOR = priority << 5;
 114              		.loc 1 262 0
 115 0000 4001     		lsls	r0, r0, #5
 116              	.LVL4:
 117 0002 C0B2     		uxtb	r0, r0
 118 0004 014B     		ldr	r3, .L11
 119 0006 1870     		strb	r0, [r3]
 120 0008 7047     		bx	lr
 121              	.L12:
 122 000a 00BF     		.align	2
 123              	.L11:
 124 000c 01E400E0 		.word	-536812543
 125              		.cfi_endproc
 126              	.LFE6:
 127              		.size	rx_isr_SetPriority, .-rx_isr_SetPriority
 128              		.section	.text.rx_isr_GetPriority,"ax",%progbits
 129              		.align	2
 130              		.global	rx_isr_GetPriority
 131              		.thumb
 132              		.thumb_func
 133              		.type	rx_isr_GetPriority, %function
 134              	rx_isr_GetPriority:
 135              	.LFB7:
 263:Generated_Source\PSoC5/rx_isr.c **** }
 264:Generated_Source\PSoC5/rx_isr.c **** 
ARM GAS  C:\Users\z004e6he\AppData\Local\Temp\ccxteeFK.s 			page 8


 265:Generated_Source\PSoC5/rx_isr.c **** 
 266:Generated_Source\PSoC5/rx_isr.c **** /*******************************************************************************
 267:Generated_Source\PSoC5/rx_isr.c **** * Function Name: rx_isr_GetPriority
 268:Generated_Source\PSoC5/rx_isr.c **** ********************************************************************************
 269:Generated_Source\PSoC5/rx_isr.c **** *
 270:Generated_Source\PSoC5/rx_isr.c **** * Summary:
 271:Generated_Source\PSoC5/rx_isr.c **** *   Gets the Priority of the Interrupt.
 272:Generated_Source\PSoC5/rx_isr.c **** *
 273:Generated_Source\PSoC5/rx_isr.c **** * Parameters:
 274:Generated_Source\PSoC5/rx_isr.c **** *   None
 275:Generated_Source\PSoC5/rx_isr.c **** *
 276:Generated_Source\PSoC5/rx_isr.c **** * Return:
 277:Generated_Source\PSoC5/rx_isr.c **** *   Priority of the interrupt, 0 being the highest priority
 278:Generated_Source\PSoC5/rx_isr.c **** *    PSoC 3 and PSoC 5LP: Priority is from 0 to 7.
 279:Generated_Source\PSoC5/rx_isr.c **** *    PSoC 4: Priority is from 0 to 3.
 280:Generated_Source\PSoC5/rx_isr.c **** *
 281:Generated_Source\PSoC5/rx_isr.c **** *******************************************************************************/
 282:Generated_Source\PSoC5/rx_isr.c **** uint8 rx_isr_GetPriority(void)
 283:Generated_Source\PSoC5/rx_isr.c **** {
 136              		.loc 1 283 0
 137              		.cfi_startproc
 138              		@ args = 0, pretend = 0, frame = 0
 139              		@ frame_needed = 0, uses_anonymous_args = 0
 140              		@ link register save eliminated.
 284:Generated_Source\PSoC5/rx_isr.c ****     uint8 priority;
 285:Generated_Source\PSoC5/rx_isr.c **** 
 286:Generated_Source\PSoC5/rx_isr.c **** 
 287:Generated_Source\PSoC5/rx_isr.c ****     priority = *rx_isr_INTC_PRIOR >> 5;
 141              		.loc 1 287 0
 142 0000 014B     		ldr	r3, .L14
 143 0002 1878     		ldrb	r0, [r3]	@ zero_extendqisi2
 144              	.LVL5:
 288:Generated_Source\PSoC5/rx_isr.c **** 
 289:Generated_Source\PSoC5/rx_isr.c ****     return priority;
 290:Generated_Source\PSoC5/rx_isr.c **** }
 145              		.loc 1 290 0
 146 0004 4009     		lsrs	r0, r0, #5
 147              	.LVL6:
 148 0006 7047     		bx	lr
 149              	.L15:
 150              		.align	2
 151              	.L14:
 152 0008 01E400E0 		.word	-536812543
 153              		.cfi_endproc
 154              	.LFE7:
 155              		.size	rx_isr_GetPriority, .-rx_isr_GetPriority
 156              		.section	.text.rx_isr_Enable,"ax",%progbits
 157              		.align	2
 158              		.global	rx_isr_Enable
 159              		.thumb
 160              		.thumb_func
 161              		.type	rx_isr_Enable, %function
 162              	rx_isr_Enable:
 163              	.LFB8:
 291:Generated_Source\PSoC5/rx_isr.c **** 
 292:Generated_Source\PSoC5/rx_isr.c **** 
 293:Generated_Source\PSoC5/rx_isr.c **** /*******************************************************************************
ARM GAS  C:\Users\z004e6he\AppData\Local\Temp\ccxteeFK.s 			page 9


 294:Generated_Source\PSoC5/rx_isr.c **** * Function Name: rx_isr_Enable
 295:Generated_Source\PSoC5/rx_isr.c **** ********************************************************************************
 296:Generated_Source\PSoC5/rx_isr.c **** *
 297:Generated_Source\PSoC5/rx_isr.c **** * Summary:
 298:Generated_Source\PSoC5/rx_isr.c **** *   Enables the interrupt to the interrupt controller. Do not call this function
 299:Generated_Source\PSoC5/rx_isr.c **** *   unless ISR_Start() has been called or the functionality of the ISR_Start() 
 300:Generated_Source\PSoC5/rx_isr.c **** *   function, which sets the vector and the priority, has been called.
 301:Generated_Source\PSoC5/rx_isr.c **** *
 302:Generated_Source\PSoC5/rx_isr.c **** * Parameters:
 303:Generated_Source\PSoC5/rx_isr.c **** *   None
 304:Generated_Source\PSoC5/rx_isr.c **** *
 305:Generated_Source\PSoC5/rx_isr.c **** * Return:
 306:Generated_Source\PSoC5/rx_isr.c **** *   None
 307:Generated_Source\PSoC5/rx_isr.c **** *
 308:Generated_Source\PSoC5/rx_isr.c **** *******************************************************************************/
 309:Generated_Source\PSoC5/rx_isr.c **** void rx_isr_Enable(void)
 310:Generated_Source\PSoC5/rx_isr.c **** {
 164              		.loc 1 310 0
 165              		.cfi_startproc
 166              		@ args = 0, pretend = 0, frame = 0
 167              		@ frame_needed = 0, uses_anonymous_args = 0
 168              		@ link register save eliminated.
 311:Generated_Source\PSoC5/rx_isr.c ****     /* Enable the general interrupt. */
 312:Generated_Source\PSoC5/rx_isr.c ****     *rx_isr_INTC_SET_EN = rx_isr__INTC_MASK;
 169              		.loc 1 312 0
 170 0000 0222     		movs	r2, #2
 171 0002 014B     		ldr	r3, .L17
 172 0004 1A60     		str	r2, [r3]
 173 0006 7047     		bx	lr
 174              	.L18:
 175              		.align	2
 176              	.L17:
 177 0008 00E100E0 		.word	-536813312
 178              		.cfi_endproc
 179              	.LFE8:
 180              		.size	rx_isr_Enable, .-rx_isr_Enable
 181              		.section	.text.rx_isr_GetState,"ax",%progbits
 182              		.align	2
 183              		.global	rx_isr_GetState
 184              		.thumb
 185              		.thumb_func
 186              		.type	rx_isr_GetState, %function
 187              	rx_isr_GetState:
 188              	.LFB9:
 313:Generated_Source\PSoC5/rx_isr.c **** }
 314:Generated_Source\PSoC5/rx_isr.c **** 
 315:Generated_Source\PSoC5/rx_isr.c **** 
 316:Generated_Source\PSoC5/rx_isr.c **** /*******************************************************************************
 317:Generated_Source\PSoC5/rx_isr.c **** * Function Name: rx_isr_GetState
 318:Generated_Source\PSoC5/rx_isr.c **** ********************************************************************************
 319:Generated_Source\PSoC5/rx_isr.c **** *
 320:Generated_Source\PSoC5/rx_isr.c **** * Summary:
 321:Generated_Source\PSoC5/rx_isr.c **** *   Gets the state (enabled, disabled) of the Interrupt.
 322:Generated_Source\PSoC5/rx_isr.c **** *
 323:Generated_Source\PSoC5/rx_isr.c **** * Parameters:
 324:Generated_Source\PSoC5/rx_isr.c **** *   None
 325:Generated_Source\PSoC5/rx_isr.c **** *
ARM GAS  C:\Users\z004e6he\AppData\Local\Temp\ccxteeFK.s 			page 10


 326:Generated_Source\PSoC5/rx_isr.c **** * Return:
 327:Generated_Source\PSoC5/rx_isr.c **** *   1 if enabled, 0 if disabled.
 328:Generated_Source\PSoC5/rx_isr.c **** *
 329:Generated_Source\PSoC5/rx_isr.c **** *******************************************************************************/
 330:Generated_Source\PSoC5/rx_isr.c **** uint8 rx_isr_GetState(void)
 331:Generated_Source\PSoC5/rx_isr.c **** {
 189              		.loc 1 331 0
 190              		.cfi_startproc
 191              		@ args = 0, pretend = 0, frame = 0
 192              		@ frame_needed = 0, uses_anonymous_args = 0
 193              		@ link register save eliminated.
 332:Generated_Source\PSoC5/rx_isr.c ****     /* Get the state of the general interrupt. */
 333:Generated_Source\PSoC5/rx_isr.c ****     return ((*rx_isr_INTC_SET_EN & (uint32)rx_isr__INTC_MASK) != 0u) ? 1u:0u;
 194              		.loc 1 333 0
 195 0000 044B     		ldr	r3, .L22
 196 0002 1B68     		ldr	r3, [r3]
 197 0004 13F0020F 		tst	r3, #2
 198 0008 01D0     		beq	.L21
 199 000a 0120     		movs	r0, #1
 200 000c 7047     		bx	lr
 201              	.L21:
 202 000e 0020     		movs	r0, #0
 334:Generated_Source\PSoC5/rx_isr.c **** }
 203              		.loc 1 334 0
 204 0010 7047     		bx	lr
 205              	.L23:
 206 0012 00BF     		.align	2
 207              	.L22:
 208 0014 00E100E0 		.word	-536813312
 209              		.cfi_endproc
 210              	.LFE9:
 211              		.size	rx_isr_GetState, .-rx_isr_GetState
 212              		.section	.text.rx_isr_Disable,"ax",%progbits
 213              		.align	2
 214              		.global	rx_isr_Disable
 215              		.thumb
 216              		.thumb_func
 217              		.type	rx_isr_Disable, %function
 218              	rx_isr_Disable:
 219              	.LFB10:
 335:Generated_Source\PSoC5/rx_isr.c **** 
 336:Generated_Source\PSoC5/rx_isr.c **** 
 337:Generated_Source\PSoC5/rx_isr.c **** /*******************************************************************************
 338:Generated_Source\PSoC5/rx_isr.c **** * Function Name: rx_isr_Disable
 339:Generated_Source\PSoC5/rx_isr.c **** ********************************************************************************
 340:Generated_Source\PSoC5/rx_isr.c **** *
 341:Generated_Source\PSoC5/rx_isr.c **** * Summary:
 342:Generated_Source\PSoC5/rx_isr.c **** *   Disables the Interrupt in the interrupt controller.
 343:Generated_Source\PSoC5/rx_isr.c **** *
 344:Generated_Source\PSoC5/rx_isr.c **** * Parameters:
 345:Generated_Source\PSoC5/rx_isr.c **** *   None
 346:Generated_Source\PSoC5/rx_isr.c **** *
 347:Generated_Source\PSoC5/rx_isr.c **** * Return:
 348:Generated_Source\PSoC5/rx_isr.c **** *   None
 349:Generated_Source\PSoC5/rx_isr.c **** *
 350:Generated_Source\PSoC5/rx_isr.c **** *******************************************************************************/
 351:Generated_Source\PSoC5/rx_isr.c **** void rx_isr_Disable(void)
ARM GAS  C:\Users\z004e6he\AppData\Local\Temp\ccxteeFK.s 			page 11


 352:Generated_Source\PSoC5/rx_isr.c **** {
 220              		.loc 1 352 0
 221              		.cfi_startproc
 222              		@ args = 0, pretend = 0, frame = 0
 223              		@ frame_needed = 0, uses_anonymous_args = 0
 224              		@ link register save eliminated.
 353:Generated_Source\PSoC5/rx_isr.c ****     /* Disable the general interrupt. */
 354:Generated_Source\PSoC5/rx_isr.c ****     *rx_isr_INTC_CLR_EN = rx_isr__INTC_MASK;
 225              		.loc 1 354 0
 226 0000 0222     		movs	r2, #2
 227 0002 014B     		ldr	r3, .L25
 228 0004 1A60     		str	r2, [r3]
 229 0006 7047     		bx	lr
 230              	.L26:
 231              		.align	2
 232              	.L25:
 233 0008 80E100E0 		.word	-536813184
 234              		.cfi_endproc
 235              	.LFE10:
 236              		.size	rx_isr_Disable, .-rx_isr_Disable
 237              		.section	.text.rx_isr_Start,"ax",%progbits
 238              		.align	2
 239              		.global	rx_isr_Start
 240              		.thumb
 241              		.thumb_func
 242              		.type	rx_isr_Start, %function
 243              	rx_isr_Start:
 244              	.LFB0:
  63:Generated_Source\PSoC5/rx_isr.c ****     /* For all we know the interrupt is active. */
 245              		.loc 1 63 0
 246              		.cfi_startproc
 247              		@ args = 0, pretend = 0, frame = 0
 248              		@ frame_needed = 0, uses_anonymous_args = 0
 249 0000 08B5     		push	{r3, lr}
 250              		.cfi_def_cfa_offset 8
 251              		.cfi_offset 3, -8
 252              		.cfi_offset 14, -4
  65:Generated_Source\PSoC5/rx_isr.c **** 
 253              		.loc 1 65 0
 254 0002 FFF7FEFF 		bl	rx_isr_Disable
 255              	.LVL7:
  68:Generated_Source\PSoC5/rx_isr.c **** 
 256              		.loc 1 68 0
 257 0006 0448     		ldr	r0, .L29
 258 0008 FFF7FEFF 		bl	rx_isr_SetVector
 259              	.LVL8:
  71:Generated_Source\PSoC5/rx_isr.c **** 
 260              		.loc 1 71 0
 261 000c 0720     		movs	r0, #7
 262 000e FFF7FEFF 		bl	rx_isr_SetPriority
 263              	.LVL9:
  74:Generated_Source\PSoC5/rx_isr.c **** }
 264              		.loc 1 74 0
 265 0012 FFF7FEFF 		bl	rx_isr_Enable
 266              	.LVL10:
 267 0016 08BD     		pop	{r3, pc}
 268              	.L30:
ARM GAS  C:\Users\z004e6he\AppData\Local\Temp\ccxteeFK.s 			page 12


 269              		.align	2
 270              	.L29:
 271 0018 00000000 		.word	rx_isr_Interrupt
 272              		.cfi_endproc
 273              	.LFE0:
 274              		.size	rx_isr_Start, .-rx_isr_Start
 275              		.section	.text.rx_isr_StartEx,"ax",%progbits
 276              		.align	2
 277              		.global	rx_isr_StartEx
 278              		.thumb
 279              		.thumb_func
 280              		.type	rx_isr_StartEx, %function
 281              	rx_isr_StartEx:
 282              	.LFB1:
 106:Generated_Source\PSoC5/rx_isr.c ****     /* For all we know the interrupt is active. */
 283              		.loc 1 106 0
 284              		.cfi_startproc
 285              		@ args = 0, pretend = 0, frame = 0
 286              		@ frame_needed = 0, uses_anonymous_args = 0
 287              	.LVL11:
 288 0000 10B5     		push	{r4, lr}
 289              		.cfi_def_cfa_offset 8
 290              		.cfi_offset 4, -8
 291              		.cfi_offset 14, -4
 292 0002 0446     		mov	r4, r0
 108:Generated_Source\PSoC5/rx_isr.c **** 
 293              		.loc 1 108 0
 294 0004 FFF7FEFF 		bl	rx_isr_Disable
 295              	.LVL12:
 111:Generated_Source\PSoC5/rx_isr.c **** 
 296              		.loc 1 111 0
 297 0008 2046     		mov	r0, r4
 298 000a FFF7FEFF 		bl	rx_isr_SetVector
 299              	.LVL13:
 114:Generated_Source\PSoC5/rx_isr.c **** 
 300              		.loc 1 114 0
 301 000e 0720     		movs	r0, #7
 302 0010 FFF7FEFF 		bl	rx_isr_SetPriority
 303              	.LVL14:
 117:Generated_Source\PSoC5/rx_isr.c **** }
 304              		.loc 1 117 0
 305 0014 FFF7FEFF 		bl	rx_isr_Enable
 306              	.LVL15:
 307 0018 10BD     		pop	{r4, pc}
 308              		.cfi_endproc
 309              	.LFE1:
 310              		.size	rx_isr_StartEx, .-rx_isr_StartEx
 311 001a 00BF     		.section	.text.rx_isr_Stop,"ax",%progbits
 312              		.align	2
 313              		.global	rx_isr_Stop
 314              		.thumb
 315              		.thumb_func
 316              		.type	rx_isr_Stop, %function
 317              	rx_isr_Stop:
 318              	.LFB2:
 136:Generated_Source\PSoC5/rx_isr.c ****     /* Disable this interrupt. */
 319              		.loc 1 136 0
ARM GAS  C:\Users\z004e6he\AppData\Local\Temp\ccxteeFK.s 			page 13


 320              		.cfi_startproc
 321              		@ args = 0, pretend = 0, frame = 0
 322              		@ frame_needed = 0, uses_anonymous_args = 0
 323 0000 08B5     		push	{r3, lr}
 324              		.cfi_def_cfa_offset 8
 325              		.cfi_offset 3, -8
 326              		.cfi_offset 14, -4
 138:Generated_Source\PSoC5/rx_isr.c **** 
 327              		.loc 1 138 0
 328 0002 FFF7FEFF 		bl	rx_isr_Disable
 329              	.LVL16:
 141:Generated_Source\PSoC5/rx_isr.c **** }
 330              		.loc 1 141 0
 331 0006 0248     		ldr	r0, .L35
 332 0008 FFF7FEFF 		bl	rx_isr_SetVector
 333              	.LVL17:
 334 000c 08BD     		pop	{r3, pc}
 335              	.L36:
 336 000e 00BF     		.align	2
 337              	.L35:
 338 0010 00000000 		.word	IntDefaultHandler
 339              		.cfi_endproc
 340              	.LFE2:
 341              		.size	rx_isr_Stop, .-rx_isr_Stop
 342              		.section	.text.rx_isr_SetPending,"ax",%progbits
 343              		.align	2
 344              		.global	rx_isr_SetPending
 345              		.thumb
 346              		.thumb_func
 347              		.type	rx_isr_SetPending, %function
 348              	rx_isr_SetPending:
 349              	.LFB11:
 355:Generated_Source\PSoC5/rx_isr.c **** }
 356:Generated_Source\PSoC5/rx_isr.c **** 
 357:Generated_Source\PSoC5/rx_isr.c **** 
 358:Generated_Source\PSoC5/rx_isr.c **** /*******************************************************************************
 359:Generated_Source\PSoC5/rx_isr.c **** * Function Name: rx_isr_SetPending
 360:Generated_Source\PSoC5/rx_isr.c **** ********************************************************************************
 361:Generated_Source\PSoC5/rx_isr.c **** *
 362:Generated_Source\PSoC5/rx_isr.c **** * Summary:
 363:Generated_Source\PSoC5/rx_isr.c **** *   Causes the Interrupt to enter the pending state, a software method of
 364:Generated_Source\PSoC5/rx_isr.c **** *   generating the interrupt.
 365:Generated_Source\PSoC5/rx_isr.c **** *
 366:Generated_Source\PSoC5/rx_isr.c **** * Parameters:
 367:Generated_Source\PSoC5/rx_isr.c **** *   None
 368:Generated_Source\PSoC5/rx_isr.c **** *
 369:Generated_Source\PSoC5/rx_isr.c **** * Return:
 370:Generated_Source\PSoC5/rx_isr.c **** *   None
 371:Generated_Source\PSoC5/rx_isr.c **** *
 372:Generated_Source\PSoC5/rx_isr.c **** * Side Effects:
 373:Generated_Source\PSoC5/rx_isr.c **** *   If interrupts are enabled and the interrupt is set up properly, the ISR is
 374:Generated_Source\PSoC5/rx_isr.c **** *   entered (depending on the priority of this interrupt and other pending 
 375:Generated_Source\PSoC5/rx_isr.c **** *   interrupts).
 376:Generated_Source\PSoC5/rx_isr.c **** *
 377:Generated_Source\PSoC5/rx_isr.c **** *******************************************************************************/
 378:Generated_Source\PSoC5/rx_isr.c **** void rx_isr_SetPending(void)
 379:Generated_Source\PSoC5/rx_isr.c **** {
ARM GAS  C:\Users\z004e6he\AppData\Local\Temp\ccxteeFK.s 			page 14


 350              		.loc 1 379 0
 351              		.cfi_startproc
 352              		@ args = 0, pretend = 0, frame = 0
 353              		@ frame_needed = 0, uses_anonymous_args = 0
 354              		@ link register save eliminated.
 380:Generated_Source\PSoC5/rx_isr.c ****     *rx_isr_INTC_SET_PD = rx_isr__INTC_MASK;
 355              		.loc 1 380 0
 356 0000 0222     		movs	r2, #2
 357 0002 014B     		ldr	r3, .L38
 358 0004 1A60     		str	r2, [r3]
 359 0006 7047     		bx	lr
 360              	.L39:
 361              		.align	2
 362              	.L38:
 363 0008 00E200E0 		.word	-536813056
 364              		.cfi_endproc
 365              	.LFE11:
 366              		.size	rx_isr_SetPending, .-rx_isr_SetPending
 367              		.section	.text.rx_isr_ClearPending,"ax",%progbits
 368              		.align	2
 369              		.global	rx_isr_ClearPending
 370              		.thumb
 371              		.thumb_func
 372              		.type	rx_isr_ClearPending, %function
 373              	rx_isr_ClearPending:
 374              	.LFB12:
 381:Generated_Source\PSoC5/rx_isr.c **** }
 382:Generated_Source\PSoC5/rx_isr.c **** 
 383:Generated_Source\PSoC5/rx_isr.c **** 
 384:Generated_Source\PSoC5/rx_isr.c **** /*******************************************************************************
 385:Generated_Source\PSoC5/rx_isr.c **** * Function Name: rx_isr_ClearPending
 386:Generated_Source\PSoC5/rx_isr.c **** ********************************************************************************
 387:Generated_Source\PSoC5/rx_isr.c **** *
 388:Generated_Source\PSoC5/rx_isr.c **** * Summary:
 389:Generated_Source\PSoC5/rx_isr.c **** *   Clears a pending interrupt in the interrupt controller.
 390:Generated_Source\PSoC5/rx_isr.c **** *
 391:Generated_Source\PSoC5/rx_isr.c **** *   Note Some interrupt sources are clear-on-read and require the block 
 392:Generated_Source\PSoC5/rx_isr.c **** *   interrupt/status register to be read/cleared with the appropriate block API 
 393:Generated_Source\PSoC5/rx_isr.c **** *   (GPIO, UART, and so on). Otherwise the ISR will continue to remain in 
 394:Generated_Source\PSoC5/rx_isr.c **** *   pending state even though the interrupt itself is cleared using this API.
 395:Generated_Source\PSoC5/rx_isr.c **** *
 396:Generated_Source\PSoC5/rx_isr.c **** * Parameters:
 397:Generated_Source\PSoC5/rx_isr.c **** *   None
 398:Generated_Source\PSoC5/rx_isr.c **** *
 399:Generated_Source\PSoC5/rx_isr.c **** * Return:
 400:Generated_Source\PSoC5/rx_isr.c **** *   None
 401:Generated_Source\PSoC5/rx_isr.c **** *
 402:Generated_Source\PSoC5/rx_isr.c **** *******************************************************************************/
 403:Generated_Source\PSoC5/rx_isr.c **** void rx_isr_ClearPending(void)
 404:Generated_Source\PSoC5/rx_isr.c **** {
 375              		.loc 1 404 0
 376              		.cfi_startproc
 377              		@ args = 0, pretend = 0, frame = 0
 378              		@ frame_needed = 0, uses_anonymous_args = 0
 379              		@ link register save eliminated.
 405:Generated_Source\PSoC5/rx_isr.c ****     *rx_isr_INTC_CLR_PD = rx_isr__INTC_MASK;
 380              		.loc 1 405 0
ARM GAS  C:\Users\z004e6he\AppData\Local\Temp\ccxteeFK.s 			page 15


 381 0000 0222     		movs	r2, #2
 382 0002 014B     		ldr	r3, .L41
 383 0004 1A60     		str	r2, [r3]
 384 0006 7047     		bx	lr
 385              	.L42:
 386              		.align	2
 387              	.L41:
 388 0008 80E200E0 		.word	-536812928
 389              		.cfi_endproc
 390              	.LFE12:
 391              		.size	rx_isr_ClearPending, .-rx_isr_ClearPending
 392              		.text
 393              	.Letext0:
 394              		.file 2 "Generated_Source\\PSoC5/cytypes.h"
 395              		.section	.debug_info,"",%progbits
 396              	.Ldebug_info0:
 397 0000 E0020000 		.4byte	0x2e0
 398 0004 0400     		.2byte	0x4
 399 0006 00000000 		.4byte	.Ldebug_abbrev0
 400 000a 04       		.byte	0x4
 401 000b 01       		.uleb128 0x1
 402 000c 8B000000 		.4byte	.LASF35
 403 0010 0C       		.byte	0xc
 404 0011 3F020000 		.4byte	.LASF36
 405 0015 3F010000 		.4byte	.LASF37
 406 0019 00000000 		.4byte	.Ldebug_ranges0+0
 407 001d 00000000 		.4byte	0
 408 0021 00000000 		.4byte	.Ldebug_line0
 409 0025 02       		.uleb128 0x2
 410 0026 04       		.byte	0x4
 411 0027 05       		.byte	0x5
 412 0028 696E7400 		.ascii	"int\000"
 413 002c 03       		.uleb128 0x3
 414 002d 04       		.byte	0x4
 415 002e 07       		.byte	0x7
 416 002f CA010000 		.4byte	.LASF0
 417 0033 03       		.uleb128 0x3
 418 0034 08       		.byte	0x8
 419 0035 05       		.byte	0x5
 420 0036 31020000 		.4byte	.LASF1
 421 003a 03       		.uleb128 0x3
 422 003b 08       		.byte	0x8
 423 003c 04       		.byte	0x4
 424 003d A6020000 		.4byte	.LASF2
 425 0041 03       		.uleb128 0x3
 426 0042 01       		.byte	0x1
 427 0043 06       		.byte	0x6
 428 0044 B2020000 		.4byte	.LASF3
 429 0048 03       		.uleb128 0x3
 430 0049 01       		.byte	0x1
 431 004a 08       		.byte	0x8
 432 004b 7D000000 		.4byte	.LASF4
 433 004f 03       		.uleb128 0x3
 434 0050 02       		.byte	0x2
 435 0051 05       		.byte	0x5
 436 0052 73020000 		.4byte	.LASF5
 437 0056 03       		.uleb128 0x3
ARM GAS  C:\Users\z004e6he\AppData\Local\Temp\ccxteeFK.s 			page 16


 438 0057 02       		.byte	0x2
 439 0058 07       		.byte	0x7
 440 0059 42000000 		.4byte	.LASF6
 441 005d 03       		.uleb128 0x3
 442 005e 04       		.byte	0x4
 443 005f 05       		.byte	0x5
 444 0060 9D020000 		.4byte	.LASF7
 445 0064 03       		.uleb128 0x3
 446 0065 04       		.byte	0x4
 447 0066 07       		.byte	0x7
 448 0067 1E010000 		.4byte	.LASF8
 449 006b 03       		.uleb128 0x3
 450 006c 08       		.byte	0x8
 451 006d 07       		.byte	0x7
 452 006e DF010000 		.4byte	.LASF9
 453 0072 03       		.uleb128 0x3
 454 0073 04       		.byte	0x4
 455 0074 07       		.byte	0x7
 456 0075 15020000 		.4byte	.LASF10
 457 0079 03       		.uleb128 0x3
 458 007a 01       		.byte	0x1
 459 007b 08       		.byte	0x8
 460 007c 5F020000 		.4byte	.LASF11
 461 0080 04       		.uleb128 0x4
 462 0081 04       		.byte	0x4
 463 0082 86000000 		.4byte	0x86
 464 0086 05       		.uleb128 0x5
 465 0087 06       		.uleb128 0x6
 466 0088 30010000 		.4byte	.LASF12
 467 008c 02       		.byte	0x2
 468 008d E801     		.2byte	0x1e8
 469 008f 48000000 		.4byte	0x48
 470 0093 06       		.uleb128 0x6
 471 0094 B5010000 		.4byte	.LASF13
 472 0098 02       		.byte	0x2
 473 0099 EA01     		.2byte	0x1ea
 474 009b 64000000 		.4byte	0x64
 475 009f 03       		.uleb128 0x3
 476 00a0 04       		.byte	0x4
 477 00a1 04       		.byte	0x4
 478 00a2 77000000 		.4byte	.LASF14
 479 00a6 03       		.uleb128 0x3
 480 00a7 08       		.byte	0x8
 481 00a8 04       		.byte	0x4
 482 00a9 9E010000 		.4byte	.LASF15
 483 00ad 06       		.uleb128 0x6
 484 00ae 19010000 		.4byte	.LASF16
 485 00b2 02       		.byte	0x2
 486 00b3 9202     		.2byte	0x292
 487 00b5 B9000000 		.4byte	0xb9
 488 00b9 07       		.uleb128 0x7
 489 00ba 87000000 		.4byte	0x87
 490 00be 06       		.uleb128 0x6
 491 00bf 0C000000 		.4byte	.LASF17
 492 00c3 02       		.byte	0x2
 493 00c4 9402     		.2byte	0x294
 494 00c6 CA000000 		.4byte	0xca
ARM GAS  C:\Users\z004e6he\AppData\Local\Temp\ccxteeFK.s 			page 17


 495 00ca 07       		.uleb128 0x7
 496 00cb 93000000 		.4byte	0x93
 497 00cf 06       		.uleb128 0x6
 498 00d0 F6010000 		.4byte	.LASF18
 499 00d4 02       		.byte	0x2
 500 00d5 A402     		.2byte	0x2a4
 501 00d7 80000000 		.4byte	0x80
 502 00db 08       		.uleb128 0x8
 503 00dc 66000000 		.4byte	.LASF26
 504 00e0 01       		.byte	0x1
 505 00e1 A1       		.byte	0xa1
 506 00e2 00000000 		.4byte	.LFB3
 507 00e6 0C000000 		.4byte	.LFE3-.LFB3
 508 00ea 01       		.uleb128 0x1
 509 00eb 9C       		.byte	0x9c
 510 00ec 09       		.uleb128 0x9
 511 00ed 8C020000 		.4byte	.LASF20
 512 00f1 01       		.byte	0x1
 513 00f2 CA       		.byte	0xca
 514 00f3 00000000 		.4byte	.LFB4
 515 00f7 0C000000 		.4byte	.LFE4-.LFB4
 516 00fb 01       		.uleb128 0x1
 517 00fc 9C       		.byte	0x9c
 518 00fd 1C010000 		.4byte	0x11c
 519 0101 0A       		.uleb128 0xa
 520 0102 D7010000 		.4byte	.LASF22
 521 0106 01       		.byte	0x1
 522 0107 CA       		.byte	0xca
 523 0108 CF000000 		.4byte	0xcf
 524 010c 01       		.uleb128 0x1
 525 010d 50       		.byte	0x50
 526 010e 0B       		.uleb128 0xb
 527 010f 64020000 		.4byte	.LASF19
 528 0113 01       		.byte	0x1
 529 0114 CC       		.byte	0xcc
 530 0115 1C010000 		.4byte	0x11c
 531 0119 01       		.uleb128 0x1
 532 011a 53       		.byte	0x53
 533 011b 00       		.byte	0
 534 011c 04       		.uleb128 0x4
 535 011d 04       		.byte	0x4
 536 011e CF000000 		.4byte	0xcf
 537 0122 0C       		.uleb128 0xc
 538 0123 55000000 		.4byte	.LASF24
 539 0127 01       		.byte	0x1
 540 0128 E2       		.byte	0xe2
 541 0129 CF000000 		.4byte	0xcf
 542 012d 00000000 		.4byte	.LFB5
 543 0131 0C000000 		.4byte	.LFE5-.LFB5
 544 0135 01       		.uleb128 0x1
 545 0136 9C       		.byte	0x9c
 546 0137 49010000 		.4byte	0x149
 547 013b 0B       		.uleb128 0xb
 548 013c 64020000 		.4byte	.LASF19
 549 0140 01       		.byte	0x1
 550 0141 E4       		.byte	0xe4
 551 0142 1C010000 		.4byte	0x11c
ARM GAS  C:\Users\z004e6he\AppData\Local\Temp\ccxteeFK.s 			page 18


 552 0146 01       		.uleb128 0x1
 553 0147 53       		.byte	0x53
 554 0148 00       		.byte	0
 555 0149 0D       		.uleb128 0xd
 556 014a C4020000 		.4byte	.LASF21
 557 014e 01       		.byte	0x1
 558 014f 0401     		.2byte	0x104
 559 0151 00000000 		.4byte	.LFB6
 560 0155 10000000 		.4byte	.LFE6-.LFB6
 561 0159 01       		.uleb128 0x1
 562 015a 9C       		.byte	0x9c
 563 015b 70010000 		.4byte	0x170
 564 015f 0E       		.uleb128 0xe
 565 0160 36010000 		.4byte	.LASF23
 566 0164 01       		.byte	0x1
 567 0165 0401     		.2byte	0x104
 568 0167 87000000 		.4byte	0x87
 569 016b 00000000 		.4byte	.LLST0
 570 016f 00       		.byte	0
 571 0170 0F       		.uleb128 0xf
 572 0171 1E020000 		.4byte	.LASF25
 573 0175 01       		.byte	0x1
 574 0176 1A01     		.2byte	0x11a
 575 0178 87000000 		.4byte	0x87
 576 017c 00000000 		.4byte	.LFB7
 577 0180 0C000000 		.4byte	.LFE7-.LFB7
 578 0184 01       		.uleb128 0x1
 579 0185 9C       		.byte	0x9c
 580 0186 9B010000 		.4byte	0x19b
 581 018a 10       		.uleb128 0x10
 582 018b 36010000 		.4byte	.LASF23
 583 018f 01       		.byte	0x1
 584 0190 1C01     		.2byte	0x11c
 585 0192 87000000 		.4byte	0x87
 586 0196 21000000 		.4byte	.LLST1
 587 019a 00       		.byte	0
 588 019b 11       		.uleb128 0x11
 589 019c BC010000 		.4byte	.LASF27
 590 01a0 01       		.byte	0x1
 591 01a1 3501     		.2byte	0x135
 592 01a3 00000000 		.4byte	.LFB8
 593 01a7 0C000000 		.4byte	.LFE8-.LFB8
 594 01ab 01       		.uleb128 0x1
 595 01ac 9C       		.byte	0x9c
 596 01ad 12       		.uleb128 0x12
 597 01ae A5010000 		.4byte	.LASF38
 598 01b2 01       		.byte	0x1
 599 01b3 4A01     		.2byte	0x14a
 600 01b5 87000000 		.4byte	0x87
 601 01b9 00000000 		.4byte	.LFB9
 602 01bd 18000000 		.4byte	.LFE9-.LFB9
 603 01c1 01       		.uleb128 0x1
 604 01c2 9C       		.byte	0x9c
 605 01c3 11       		.uleb128 0x11
 606 01c4 33000000 		.4byte	.LASF28
 607 01c8 01       		.byte	0x1
 608 01c9 5F01     		.2byte	0x15f
ARM GAS  C:\Users\z004e6he\AppData\Local\Temp\ccxteeFK.s 			page 19


 609 01cb 00000000 		.4byte	.LFB10
 610 01cf 0C000000 		.4byte	.LFE10-.LFB10
 611 01d3 01       		.uleb128 0x1
 612 01d4 9C       		.byte	0x9c
 613 01d5 09       		.uleb128 0x9
 614 01d6 26000000 		.4byte	.LASF29
 615 01da 01       		.byte	0x1
 616 01db 3E       		.byte	0x3e
 617 01dc 00000000 		.4byte	.LFB0
 618 01e0 1C000000 		.4byte	.LFE0-.LFB0
 619 01e4 01       		.uleb128 0x1
 620 01e5 9C       		.byte	0x9c
 621 01e6 27020000 		.4byte	0x227
 622 01ea 13       		.uleb128 0x13
 623 01eb 06000000 		.4byte	.LVL7
 624 01ef C3010000 		.4byte	0x1c3
 625 01f3 14       		.uleb128 0x14
 626 01f4 0C000000 		.4byte	.LVL8
 627 01f8 EC000000 		.4byte	0xec
 628 01fc 0A020000 		.4byte	0x20a
 629 0200 15       		.uleb128 0x15
 630 0201 01       		.uleb128 0x1
 631 0202 50       		.byte	0x50
 632 0203 05       		.uleb128 0x5
 633 0204 03       		.byte	0x3
 634 0205 00000000 		.4byte	rx_isr_Interrupt
 635 0209 00       		.byte	0
 636 020a 14       		.uleb128 0x14
 637 020b 12000000 		.4byte	.LVL9
 638 020f 49010000 		.4byte	0x149
 639 0213 1D020000 		.4byte	0x21d
 640 0217 15       		.uleb128 0x15
 641 0218 01       		.uleb128 0x1
 642 0219 50       		.byte	0x50
 643 021a 01       		.uleb128 0x1
 644 021b 37       		.byte	0x37
 645 021c 00       		.byte	0
 646 021d 13       		.uleb128 0x13
 647 021e 16000000 		.4byte	.LVL10
 648 0222 9B010000 		.4byte	0x19b
 649 0226 00       		.byte	0
 650 0227 09       		.uleb128 0x9
 651 0228 7D020000 		.4byte	.LASF30
 652 022c 01       		.byte	0x1
 653 022d 69       		.byte	0x69
 654 022e 00000000 		.4byte	.LFB1
 655 0232 1A000000 		.4byte	.LFE1-.LFB1
 656 0236 01       		.uleb128 0x1
 657 0237 9C       		.byte	0x9c
 658 0238 85020000 		.4byte	0x285
 659 023c 16       		.uleb128 0x16
 660 023d D7010000 		.4byte	.LASF22
 661 0241 01       		.byte	0x1
 662 0242 69       		.byte	0x69
 663 0243 CF000000 		.4byte	0xcf
 664 0247 38000000 		.4byte	.LLST2
 665 024b 13       		.uleb128 0x13
ARM GAS  C:\Users\z004e6he\AppData\Local\Temp\ccxteeFK.s 			page 20


 666 024c 08000000 		.4byte	.LVL12
 667 0250 C3010000 		.4byte	0x1c3
 668 0254 14       		.uleb128 0x14
 669 0255 0E000000 		.4byte	.LVL13
 670 0259 EC000000 		.4byte	0xec
 671 025d 68020000 		.4byte	0x268
 672 0261 15       		.uleb128 0x15
 673 0262 01       		.uleb128 0x1
 674 0263 50       		.byte	0x50
 675 0264 02       		.uleb128 0x2
 676 0265 74       		.byte	0x74
 677 0266 00       		.sleb128 0
 678 0267 00       		.byte	0
 679 0268 14       		.uleb128 0x14
 680 0269 14000000 		.4byte	.LVL14
 681 026d 49010000 		.4byte	0x149
 682 0271 7B020000 		.4byte	0x27b
 683 0275 15       		.uleb128 0x15
 684 0276 01       		.uleb128 0x1
 685 0277 50       		.byte	0x50
 686 0278 01       		.uleb128 0x1
 687 0279 37       		.byte	0x37
 688 027a 00       		.byte	0
 689 027b 13       		.uleb128 0x13
 690 027c 18000000 		.4byte	.LVL15
 691 0280 9B010000 		.4byte	0x19b
 692 0284 00       		.byte	0
 693 0285 09       		.uleb128 0x9
 694 0286 00000000 		.4byte	.LASF31
 695 028a 01       		.byte	0x1
 696 028b 87       		.byte	0x87
 697 028c 00000000 		.4byte	.LFB2
 698 0290 14000000 		.4byte	.LFE2-.LFB2
 699 0294 01       		.uleb128 0x1
 700 0295 9C       		.byte	0x9c
 701 0296 AD020000 		.4byte	0x2ad
 702 029a 13       		.uleb128 0x13
 703 029b 06000000 		.4byte	.LVL16
 704 029f C3010000 		.4byte	0x1c3
 705 02a3 13       		.uleb128 0x13
 706 02a4 0C000000 		.4byte	.LVL17
 707 02a8 EC000000 		.4byte	0xec
 708 02ac 00       		.byte	0
 709 02ad 11       		.uleb128 0x11
 710 02ae 03020000 		.4byte	.LASF32
 711 02b2 01       		.byte	0x1
 712 02b3 7A01     		.2byte	0x17a
 713 02b5 00000000 		.4byte	.LFB11
 714 02b9 0C000000 		.4byte	.LFE11-.LFB11
 715 02bd 01       		.uleb128 0x1
 716 02be 9C       		.byte	0x9c
 717 02bf 11       		.uleb128 0x11
 718 02c0 12000000 		.4byte	.LASF33
 719 02c4 01       		.byte	0x1
 720 02c5 9301     		.2byte	0x193
 721 02c7 00000000 		.4byte	.LFB12
 722 02cb 0C000000 		.4byte	.LFE12-.LFB12
ARM GAS  C:\Users\z004e6he\AppData\Local\Temp\ccxteeFK.s 			page 21


 723 02cf 01       		.uleb128 0x1
 724 02d0 9C       		.byte	0x9c
 725 02d1 17       		.uleb128 0x17
 726 02d2 D7020000 		.4byte	.LASF39
 727 02d6 01       		.byte	0x1
 728 02d7 1F       		.byte	0x1f
 729 02d8 DC020000 		.4byte	0x2dc
 730 02dc 03       		.uleb128 0x3
 731 02dd 01       		.byte	0x1
 732 02de 02       		.byte	0x2
 733 02df BE020000 		.4byte	.LASF34
 734 02e3 00       		.byte	0
 735              		.section	.debug_abbrev,"",%progbits
 736              	.Ldebug_abbrev0:
 737 0000 01       		.uleb128 0x1
 738 0001 11       		.uleb128 0x11
 739 0002 01       		.byte	0x1
 740 0003 25       		.uleb128 0x25
 741 0004 0E       		.uleb128 0xe
 742 0005 13       		.uleb128 0x13
 743 0006 0B       		.uleb128 0xb
 744 0007 03       		.uleb128 0x3
 745 0008 0E       		.uleb128 0xe
 746 0009 1B       		.uleb128 0x1b
 747 000a 0E       		.uleb128 0xe
 748 000b 55       		.uleb128 0x55
 749 000c 17       		.uleb128 0x17
 750 000d 11       		.uleb128 0x11
 751 000e 01       		.uleb128 0x1
 752 000f 10       		.uleb128 0x10
 753 0010 17       		.uleb128 0x17
 754 0011 00       		.byte	0
 755 0012 00       		.byte	0
 756 0013 02       		.uleb128 0x2
 757 0014 24       		.uleb128 0x24
 758 0015 00       		.byte	0
 759 0016 0B       		.uleb128 0xb
 760 0017 0B       		.uleb128 0xb
 761 0018 3E       		.uleb128 0x3e
 762 0019 0B       		.uleb128 0xb
 763 001a 03       		.uleb128 0x3
 764 001b 08       		.uleb128 0x8
 765 001c 00       		.byte	0
 766 001d 00       		.byte	0
 767 001e 03       		.uleb128 0x3
 768 001f 24       		.uleb128 0x24
 769 0020 00       		.byte	0
 770 0021 0B       		.uleb128 0xb
 771 0022 0B       		.uleb128 0xb
 772 0023 3E       		.uleb128 0x3e
 773 0024 0B       		.uleb128 0xb
 774 0025 03       		.uleb128 0x3
 775 0026 0E       		.uleb128 0xe
 776 0027 00       		.byte	0
 777 0028 00       		.byte	0
 778 0029 04       		.uleb128 0x4
 779 002a 0F       		.uleb128 0xf
ARM GAS  C:\Users\z004e6he\AppData\Local\Temp\ccxteeFK.s 			page 22


 780 002b 00       		.byte	0
 781 002c 0B       		.uleb128 0xb
 782 002d 0B       		.uleb128 0xb
 783 002e 49       		.uleb128 0x49
 784 002f 13       		.uleb128 0x13
 785 0030 00       		.byte	0
 786 0031 00       		.byte	0
 787 0032 05       		.uleb128 0x5
 788 0033 15       		.uleb128 0x15
 789 0034 00       		.byte	0
 790 0035 27       		.uleb128 0x27
 791 0036 19       		.uleb128 0x19
 792 0037 00       		.byte	0
 793 0038 00       		.byte	0
 794 0039 06       		.uleb128 0x6
 795 003a 16       		.uleb128 0x16
 796 003b 00       		.byte	0
 797 003c 03       		.uleb128 0x3
 798 003d 0E       		.uleb128 0xe
 799 003e 3A       		.uleb128 0x3a
 800 003f 0B       		.uleb128 0xb
 801 0040 3B       		.uleb128 0x3b
 802 0041 05       		.uleb128 0x5
 803 0042 49       		.uleb128 0x49
 804 0043 13       		.uleb128 0x13
 805 0044 00       		.byte	0
 806 0045 00       		.byte	0
 807 0046 07       		.uleb128 0x7
 808 0047 35       		.uleb128 0x35
 809 0048 00       		.byte	0
 810 0049 49       		.uleb128 0x49
 811 004a 13       		.uleb128 0x13
 812 004b 00       		.byte	0
 813 004c 00       		.byte	0
 814 004d 08       		.uleb128 0x8
 815 004e 2E       		.uleb128 0x2e
 816 004f 00       		.byte	0
 817 0050 3F       		.uleb128 0x3f
 818 0051 19       		.uleb128 0x19
 819 0052 03       		.uleb128 0x3
 820 0053 0E       		.uleb128 0xe
 821 0054 3A       		.uleb128 0x3a
 822 0055 0B       		.uleb128 0xb
 823 0056 3B       		.uleb128 0x3b
 824 0057 0B       		.uleb128 0xb
 825 0058 27       		.uleb128 0x27
 826 0059 19       		.uleb128 0x19
 827 005a 11       		.uleb128 0x11
 828 005b 01       		.uleb128 0x1
 829 005c 12       		.uleb128 0x12
 830 005d 06       		.uleb128 0x6
 831 005e 40       		.uleb128 0x40
 832 005f 18       		.uleb128 0x18
 833 0060 9742     		.uleb128 0x2117
 834 0062 19       		.uleb128 0x19
 835 0063 00       		.byte	0
 836 0064 00       		.byte	0
ARM GAS  C:\Users\z004e6he\AppData\Local\Temp\ccxteeFK.s 			page 23


 837 0065 09       		.uleb128 0x9
 838 0066 2E       		.uleb128 0x2e
 839 0067 01       		.byte	0x1
 840 0068 3F       		.uleb128 0x3f
 841 0069 19       		.uleb128 0x19
 842 006a 03       		.uleb128 0x3
 843 006b 0E       		.uleb128 0xe
 844 006c 3A       		.uleb128 0x3a
 845 006d 0B       		.uleb128 0xb
 846 006e 3B       		.uleb128 0x3b
 847 006f 0B       		.uleb128 0xb
 848 0070 27       		.uleb128 0x27
 849 0071 19       		.uleb128 0x19
 850 0072 11       		.uleb128 0x11
 851 0073 01       		.uleb128 0x1
 852 0074 12       		.uleb128 0x12
 853 0075 06       		.uleb128 0x6
 854 0076 40       		.uleb128 0x40
 855 0077 18       		.uleb128 0x18
 856 0078 9742     		.uleb128 0x2117
 857 007a 19       		.uleb128 0x19
 858 007b 01       		.uleb128 0x1
 859 007c 13       		.uleb128 0x13
 860 007d 00       		.byte	0
 861 007e 00       		.byte	0
 862 007f 0A       		.uleb128 0xa
 863 0080 05       		.uleb128 0x5
 864 0081 00       		.byte	0
 865 0082 03       		.uleb128 0x3
 866 0083 0E       		.uleb128 0xe
 867 0084 3A       		.uleb128 0x3a
 868 0085 0B       		.uleb128 0xb
 869 0086 3B       		.uleb128 0x3b
 870 0087 0B       		.uleb128 0xb
 871 0088 49       		.uleb128 0x49
 872 0089 13       		.uleb128 0x13
 873 008a 02       		.uleb128 0x2
 874 008b 18       		.uleb128 0x18
 875 008c 00       		.byte	0
 876 008d 00       		.byte	0
 877 008e 0B       		.uleb128 0xb
 878 008f 34       		.uleb128 0x34
 879 0090 00       		.byte	0
 880 0091 03       		.uleb128 0x3
 881 0092 0E       		.uleb128 0xe
 882 0093 3A       		.uleb128 0x3a
 883 0094 0B       		.uleb128 0xb
 884 0095 3B       		.uleb128 0x3b
 885 0096 0B       		.uleb128 0xb
 886 0097 49       		.uleb128 0x49
 887 0098 13       		.uleb128 0x13
 888 0099 02       		.uleb128 0x2
 889 009a 18       		.uleb128 0x18
 890 009b 00       		.byte	0
 891 009c 00       		.byte	0
 892 009d 0C       		.uleb128 0xc
 893 009e 2E       		.uleb128 0x2e
ARM GAS  C:\Users\z004e6he\AppData\Local\Temp\ccxteeFK.s 			page 24


 894 009f 01       		.byte	0x1
 895 00a0 3F       		.uleb128 0x3f
 896 00a1 19       		.uleb128 0x19
 897 00a2 03       		.uleb128 0x3
 898 00a3 0E       		.uleb128 0xe
 899 00a4 3A       		.uleb128 0x3a
 900 00a5 0B       		.uleb128 0xb
 901 00a6 3B       		.uleb128 0x3b
 902 00a7 0B       		.uleb128 0xb
 903 00a8 27       		.uleb128 0x27
 904 00a9 19       		.uleb128 0x19
 905 00aa 49       		.uleb128 0x49
 906 00ab 13       		.uleb128 0x13
 907 00ac 11       		.uleb128 0x11
 908 00ad 01       		.uleb128 0x1
 909 00ae 12       		.uleb128 0x12
 910 00af 06       		.uleb128 0x6
 911 00b0 40       		.uleb128 0x40
 912 00b1 18       		.uleb128 0x18
 913 00b2 9742     		.uleb128 0x2117
 914 00b4 19       		.uleb128 0x19
 915 00b5 01       		.uleb128 0x1
 916 00b6 13       		.uleb128 0x13
 917 00b7 00       		.byte	0
 918 00b8 00       		.byte	0
 919 00b9 0D       		.uleb128 0xd
 920 00ba 2E       		.uleb128 0x2e
 921 00bb 01       		.byte	0x1
 922 00bc 3F       		.uleb128 0x3f
 923 00bd 19       		.uleb128 0x19
 924 00be 03       		.uleb128 0x3
 925 00bf 0E       		.uleb128 0xe
 926 00c0 3A       		.uleb128 0x3a
 927 00c1 0B       		.uleb128 0xb
 928 00c2 3B       		.uleb128 0x3b
 929 00c3 05       		.uleb128 0x5
 930 00c4 27       		.uleb128 0x27
 931 00c5 19       		.uleb128 0x19
 932 00c6 11       		.uleb128 0x11
 933 00c7 01       		.uleb128 0x1
 934 00c8 12       		.uleb128 0x12
 935 00c9 06       		.uleb128 0x6
 936 00ca 40       		.uleb128 0x40
 937 00cb 18       		.uleb128 0x18
 938 00cc 9742     		.uleb128 0x2117
 939 00ce 19       		.uleb128 0x19
 940 00cf 01       		.uleb128 0x1
 941 00d0 13       		.uleb128 0x13
 942 00d1 00       		.byte	0
 943 00d2 00       		.byte	0
 944 00d3 0E       		.uleb128 0xe
 945 00d4 05       		.uleb128 0x5
 946 00d5 00       		.byte	0
 947 00d6 03       		.uleb128 0x3
 948 00d7 0E       		.uleb128 0xe
 949 00d8 3A       		.uleb128 0x3a
 950 00d9 0B       		.uleb128 0xb
ARM GAS  C:\Users\z004e6he\AppData\Local\Temp\ccxteeFK.s 			page 25


 951 00da 3B       		.uleb128 0x3b
 952 00db 05       		.uleb128 0x5
 953 00dc 49       		.uleb128 0x49
 954 00dd 13       		.uleb128 0x13
 955 00de 02       		.uleb128 0x2
 956 00df 17       		.uleb128 0x17
 957 00e0 00       		.byte	0
 958 00e1 00       		.byte	0
 959 00e2 0F       		.uleb128 0xf
 960 00e3 2E       		.uleb128 0x2e
 961 00e4 01       		.byte	0x1
 962 00e5 3F       		.uleb128 0x3f
 963 00e6 19       		.uleb128 0x19
 964 00e7 03       		.uleb128 0x3
 965 00e8 0E       		.uleb128 0xe
 966 00e9 3A       		.uleb128 0x3a
 967 00ea 0B       		.uleb128 0xb
 968 00eb 3B       		.uleb128 0x3b
 969 00ec 05       		.uleb128 0x5
 970 00ed 27       		.uleb128 0x27
 971 00ee 19       		.uleb128 0x19
 972 00ef 49       		.uleb128 0x49
 973 00f0 13       		.uleb128 0x13
 974 00f1 11       		.uleb128 0x11
 975 00f2 01       		.uleb128 0x1
 976 00f3 12       		.uleb128 0x12
 977 00f4 06       		.uleb128 0x6
 978 00f5 40       		.uleb128 0x40
 979 00f6 18       		.uleb128 0x18
 980 00f7 9742     		.uleb128 0x2117
 981 00f9 19       		.uleb128 0x19
 982 00fa 01       		.uleb128 0x1
 983 00fb 13       		.uleb128 0x13
 984 00fc 00       		.byte	0
 985 00fd 00       		.byte	0
 986 00fe 10       		.uleb128 0x10
 987 00ff 34       		.uleb128 0x34
 988 0100 00       		.byte	0
 989 0101 03       		.uleb128 0x3
 990 0102 0E       		.uleb128 0xe
 991 0103 3A       		.uleb128 0x3a
 992 0104 0B       		.uleb128 0xb
 993 0105 3B       		.uleb128 0x3b
 994 0106 05       		.uleb128 0x5
 995 0107 49       		.uleb128 0x49
 996 0108 13       		.uleb128 0x13
 997 0109 02       		.uleb128 0x2
 998 010a 17       		.uleb128 0x17
 999 010b 00       		.byte	0
 1000 010c 00       		.byte	0
 1001 010d 11       		.uleb128 0x11
 1002 010e 2E       		.uleb128 0x2e
 1003 010f 00       		.byte	0
 1004 0110 3F       		.uleb128 0x3f
 1005 0111 19       		.uleb128 0x19
 1006 0112 03       		.uleb128 0x3
 1007 0113 0E       		.uleb128 0xe
ARM GAS  C:\Users\z004e6he\AppData\Local\Temp\ccxteeFK.s 			page 26


 1008 0114 3A       		.uleb128 0x3a
 1009 0115 0B       		.uleb128 0xb
 1010 0116 3B       		.uleb128 0x3b
 1011 0117 05       		.uleb128 0x5
 1012 0118 27       		.uleb128 0x27
 1013 0119 19       		.uleb128 0x19
 1014 011a 11       		.uleb128 0x11
 1015 011b 01       		.uleb128 0x1
 1016 011c 12       		.uleb128 0x12
 1017 011d 06       		.uleb128 0x6
 1018 011e 40       		.uleb128 0x40
 1019 011f 18       		.uleb128 0x18
 1020 0120 9742     		.uleb128 0x2117
 1021 0122 19       		.uleb128 0x19
 1022 0123 00       		.byte	0
 1023 0124 00       		.byte	0
 1024 0125 12       		.uleb128 0x12
 1025 0126 2E       		.uleb128 0x2e
 1026 0127 00       		.byte	0
 1027 0128 3F       		.uleb128 0x3f
 1028 0129 19       		.uleb128 0x19
 1029 012a 03       		.uleb128 0x3
 1030 012b 0E       		.uleb128 0xe
 1031 012c 3A       		.uleb128 0x3a
 1032 012d 0B       		.uleb128 0xb
 1033 012e 3B       		.uleb128 0x3b
 1034 012f 05       		.uleb128 0x5
 1035 0130 27       		.uleb128 0x27
 1036 0131 19       		.uleb128 0x19
 1037 0132 49       		.uleb128 0x49
 1038 0133 13       		.uleb128 0x13
 1039 0134 11       		.uleb128 0x11
 1040 0135 01       		.uleb128 0x1
 1041 0136 12       		.uleb128 0x12
 1042 0137 06       		.uleb128 0x6
 1043 0138 40       		.uleb128 0x40
 1044 0139 18       		.uleb128 0x18
 1045 013a 9742     		.uleb128 0x2117
 1046 013c 19       		.uleb128 0x19
 1047 013d 00       		.byte	0
 1048 013e 00       		.byte	0
 1049 013f 13       		.uleb128 0x13
 1050 0140 898201   		.uleb128 0x4109
 1051 0143 00       		.byte	0
 1052 0144 11       		.uleb128 0x11
 1053 0145 01       		.uleb128 0x1
 1054 0146 31       		.uleb128 0x31
 1055 0147 13       		.uleb128 0x13
 1056 0148 00       		.byte	0
 1057 0149 00       		.byte	0
 1058 014a 14       		.uleb128 0x14
 1059 014b 898201   		.uleb128 0x4109
 1060 014e 01       		.byte	0x1
 1061 014f 11       		.uleb128 0x11
 1062 0150 01       		.uleb128 0x1
 1063 0151 31       		.uleb128 0x31
 1064 0152 13       		.uleb128 0x13
ARM GAS  C:\Users\z004e6he\AppData\Local\Temp\ccxteeFK.s 			page 27


 1065 0153 01       		.uleb128 0x1
 1066 0154 13       		.uleb128 0x13
 1067 0155 00       		.byte	0
 1068 0156 00       		.byte	0
 1069 0157 15       		.uleb128 0x15
 1070 0158 8A8201   		.uleb128 0x410a
 1071 015b 00       		.byte	0
 1072 015c 02       		.uleb128 0x2
 1073 015d 18       		.uleb128 0x18
 1074 015e 9142     		.uleb128 0x2111
 1075 0160 18       		.uleb128 0x18
 1076 0161 00       		.byte	0
 1077 0162 00       		.byte	0
 1078 0163 16       		.uleb128 0x16
 1079 0164 05       		.uleb128 0x5
 1080 0165 00       		.byte	0
 1081 0166 03       		.uleb128 0x3
 1082 0167 0E       		.uleb128 0xe
 1083 0168 3A       		.uleb128 0x3a
 1084 0169 0B       		.uleb128 0xb
 1085 016a 3B       		.uleb128 0x3b
 1086 016b 0B       		.uleb128 0xb
 1087 016c 49       		.uleb128 0x49
 1088 016d 13       		.uleb128 0x13
 1089 016e 02       		.uleb128 0x2
 1090 016f 17       		.uleb128 0x17
 1091 0170 00       		.byte	0
 1092 0171 00       		.byte	0
 1093 0172 17       		.uleb128 0x17
 1094 0173 34       		.uleb128 0x34
 1095 0174 00       		.byte	0
 1096 0175 03       		.uleb128 0x3
 1097 0176 0E       		.uleb128 0xe
 1098 0177 3A       		.uleb128 0x3a
 1099 0178 0B       		.uleb128 0xb
 1100 0179 3B       		.uleb128 0x3b
 1101 017a 0B       		.uleb128 0xb
 1102 017b 49       		.uleb128 0x49
 1103 017c 13       		.uleb128 0x13
 1104 017d 3F       		.uleb128 0x3f
 1105 017e 19       		.uleb128 0x19
 1106 017f 3C       		.uleb128 0x3c
 1107 0180 19       		.uleb128 0x19
 1108 0181 00       		.byte	0
 1109 0182 00       		.byte	0
 1110 0183 00       		.byte	0
 1111              		.section	.debug_loc,"",%progbits
 1112              	.Ldebug_loc0:
 1113              	.LLST0:
 1114 0000 00000000 		.4byte	.LVL3
 1115 0004 02000000 		.4byte	.LVL4
 1116 0008 0100     		.2byte	0x1
 1117 000a 50       		.byte	0x50
 1118 000b 02000000 		.4byte	.LVL4
 1119 000f 10000000 		.4byte	.LFE6
 1120 0013 0400     		.2byte	0x4
 1121 0015 F3       		.byte	0xf3
ARM GAS  C:\Users\z004e6he\AppData\Local\Temp\ccxteeFK.s 			page 28


 1122 0016 01       		.uleb128 0x1
 1123 0017 50       		.byte	0x50
 1124 0018 9F       		.byte	0x9f
 1125 0019 00000000 		.4byte	0
 1126 001d 00000000 		.4byte	0
 1127              	.LLST1:
 1128 0021 04000000 		.4byte	.LVL5
 1129 0025 06000000 		.4byte	.LVL6
 1130 0029 0500     		.2byte	0x5
 1131 002b 70       		.byte	0x70
 1132 002c 00       		.sleb128 0
 1133 002d 35       		.byte	0x35
 1134 002e 25       		.byte	0x25
 1135 002f 9F       		.byte	0x9f
 1136 0030 00000000 		.4byte	0
 1137 0034 00000000 		.4byte	0
 1138              	.LLST2:
 1139 0038 00000000 		.4byte	.LVL11
 1140 003c 07000000 		.4byte	.LVL12-1
 1141 0040 0100     		.2byte	0x1
 1142 0042 50       		.byte	0x50
 1143 0043 07000000 		.4byte	.LVL12-1
 1144 0047 1A000000 		.4byte	.LFE1
 1145 004b 0100     		.2byte	0x1
 1146 004d 54       		.byte	0x54
 1147 004e 00000000 		.4byte	0
 1148 0052 00000000 		.4byte	0
 1149              		.section	.debug_aranges,"",%progbits
 1150 0000 7C000000 		.4byte	0x7c
 1151 0004 0200     		.2byte	0x2
 1152 0006 00000000 		.4byte	.Ldebug_info0
 1153 000a 04       		.byte	0x4
 1154 000b 00       		.byte	0
 1155 000c 0000     		.2byte	0
 1156 000e 0000     		.2byte	0
 1157 0010 00000000 		.4byte	.LFB3
 1158 0014 0C000000 		.4byte	.LFE3-.LFB3
 1159 0018 00000000 		.4byte	.LFB4
 1160 001c 0C000000 		.4byte	.LFE4-.LFB4
 1161 0020 00000000 		.4byte	.LFB5
 1162 0024 0C000000 		.4byte	.LFE5-.LFB5
 1163 0028 00000000 		.4byte	.LFB6
 1164 002c 10000000 		.4byte	.LFE6-.LFB6
 1165 0030 00000000 		.4byte	.LFB7
 1166 0034 0C000000 		.4byte	.LFE7-.LFB7
 1167 0038 00000000 		.4byte	.LFB8
 1168 003c 0C000000 		.4byte	.LFE8-.LFB8
 1169 0040 00000000 		.4byte	.LFB9
 1170 0044 18000000 		.4byte	.LFE9-.LFB9
 1171 0048 00000000 		.4byte	.LFB10
 1172 004c 0C000000 		.4byte	.LFE10-.LFB10
 1173 0050 00000000 		.4byte	.LFB0
 1174 0054 1C000000 		.4byte	.LFE0-.LFB0
 1175 0058 00000000 		.4byte	.LFB1
 1176 005c 1A000000 		.4byte	.LFE1-.LFB1
 1177 0060 00000000 		.4byte	.LFB2
 1178 0064 14000000 		.4byte	.LFE2-.LFB2
ARM GAS  C:\Users\z004e6he\AppData\Local\Temp\ccxteeFK.s 			page 29


 1179 0068 00000000 		.4byte	.LFB11
 1180 006c 0C000000 		.4byte	.LFE11-.LFB11
 1181 0070 00000000 		.4byte	.LFB12
 1182 0074 0C000000 		.4byte	.LFE12-.LFB12
 1183 0078 00000000 		.4byte	0
 1184 007c 00000000 		.4byte	0
 1185              		.section	.debug_ranges,"",%progbits
 1186              	.Ldebug_ranges0:
 1187 0000 00000000 		.4byte	.LFB3
 1188 0004 0C000000 		.4byte	.LFE3
 1189 0008 00000000 		.4byte	.LFB4
 1190 000c 0C000000 		.4byte	.LFE4
 1191 0010 00000000 		.4byte	.LFB5
 1192 0014 0C000000 		.4byte	.LFE5
 1193 0018 00000000 		.4byte	.LFB6
 1194 001c 10000000 		.4byte	.LFE6
 1195 0020 00000000 		.4byte	.LFB7
 1196 0024 0C000000 		.4byte	.LFE7
 1197 0028 00000000 		.4byte	.LFB8
 1198 002c 0C000000 		.4byte	.LFE8
 1199 0030 00000000 		.4byte	.LFB9
 1200 0034 18000000 		.4byte	.LFE9
 1201 0038 00000000 		.4byte	.LFB10
 1202 003c 0C000000 		.4byte	.LFE10
 1203 0040 00000000 		.4byte	.LFB0
 1204 0044 1C000000 		.4byte	.LFE0
 1205 0048 00000000 		.4byte	.LFB1
 1206 004c 1A000000 		.4byte	.LFE1
 1207 0050 00000000 		.4byte	.LFB2
 1208 0054 14000000 		.4byte	.LFE2
 1209 0058 00000000 		.4byte	.LFB11
 1210 005c 0C000000 		.4byte	.LFE11
 1211 0060 00000000 		.4byte	.LFB12
 1212 0064 0C000000 		.4byte	.LFE12
 1213 0068 00000000 		.4byte	0
 1214 006c 00000000 		.4byte	0
 1215              		.section	.debug_line,"",%progbits
 1216              	.Ldebug_line0:
 1217 0000 30010000 		.section	.debug_str,"MS",%progbits,1
 1217      02004300 
 1217      00000201 
 1217      FB0E0D00 
 1217      01010101 
 1218              	.LASF31:
 1219 0000 72785F69 		.ascii	"rx_isr_Stop\000"
 1219      73725F53 
 1219      746F7000 
 1220              	.LASF17:
 1221 000c 72656733 		.ascii	"reg32\000"
 1221      3200
 1222              	.LASF33:
 1223 0012 72785F69 		.ascii	"rx_isr_ClearPending\000"
 1223      73725F43 
 1223      6C656172 
 1223      50656E64 
 1223      696E6700 
 1224              	.LASF29:
ARM GAS  C:\Users\z004e6he\AppData\Local\Temp\ccxteeFK.s 			page 30


 1225 0026 72785F69 		.ascii	"rx_isr_Start\000"
 1225      73725F53 
 1225      74617274 
 1225      00
 1226              	.LASF28:
 1227 0033 72785F69 		.ascii	"rx_isr_Disable\000"
 1227      73725F44 
 1227      69736162 
 1227      6C6500
 1228              	.LASF6:
 1229 0042 73686F72 		.ascii	"short unsigned int\000"
 1229      7420756E 
 1229      7369676E 
 1229      65642069 
 1229      6E7400
 1230              	.LASF24:
 1231 0055 72785F69 		.ascii	"rx_isr_GetVector\000"
 1231      73725F47 
 1231      65745665 
 1231      63746F72 
 1231      00
 1232              	.LASF26:
 1233 0066 72785F69 		.ascii	"rx_isr_Interrupt\000"
 1233      73725F49 
 1233      6E746572 
 1233      72757074 
 1233      00
 1234              	.LASF14:
 1235 0077 666C6F61 		.ascii	"float\000"
 1235      7400
 1236              	.LASF4:
 1237 007d 756E7369 		.ascii	"unsigned char\000"
 1237      676E6564 
 1237      20636861 
 1237      7200
 1238              	.LASF35:
 1239 008b 474E5520 		.ascii	"GNU C11 5.4.1 20160609 (release) [ARM/embedded-5-br"
 1239      43313120 
 1239      352E342E 
 1239      31203230 
 1239      31363036 
 1240 00be 616E6368 		.ascii	"anch revision 237715] -mcpu=cortex-m3 -mthumb -g -O"
 1240      20726576 
 1240      6973696F 
 1240      6E203233 
 1240      37373135 
 1241 00f1 67202D66 		.ascii	"g -ffunction-sections -ffat-lto-objects\000"
 1241      66756E63 
 1241      74696F6E 
 1241      2D736563 
 1241      74696F6E 
 1242              	.LASF16:
 1243 0119 72656738 		.ascii	"reg8\000"
 1243      00
 1244              	.LASF8:
 1245 011e 6C6F6E67 		.ascii	"long unsigned int\000"
 1245      20756E73 
ARM GAS  C:\Users\z004e6he\AppData\Local\Temp\ccxteeFK.s 			page 31


 1245      69676E65 
 1245      6420696E 
 1245      7400
 1246              	.LASF12:
 1247 0130 75696E74 		.ascii	"uint8\000"
 1247      3800
 1248              	.LASF23:
 1249 0136 7072696F 		.ascii	"priority\000"
 1249      72697479 
 1249      00
 1250              	.LASF37:
 1251 013f 433A5C55 		.ascii	"C:\\UserData\\z004e6he\\OneDrive - Siemens AG\\Docu"
 1251      73657244 
 1251      6174615C 
 1251      7A303034 
 1251      65366865 
 1252 016e 6D656E74 		.ascii	"ments\\PSoC Creator\\PSoC\\Exercise2\\Design2.cydsn"
 1252      735C5053 
 1252      6F432043 
 1252      72656174 
 1252      6F725C50 
 1253 019d 00       		.ascii	"\000"
 1254              	.LASF15:
 1255 019e 646F7562 		.ascii	"double\000"
 1255      6C6500
 1256              	.LASF38:
 1257 01a5 72785F69 		.ascii	"rx_isr_GetState\000"
 1257      73725F47 
 1257      65745374 
 1257      61746500 
 1258              	.LASF13:
 1259 01b5 75696E74 		.ascii	"uint32\000"
 1259      333200
 1260              	.LASF27:
 1261 01bc 72785F69 		.ascii	"rx_isr_Enable\000"
 1261      73725F45 
 1261      6E61626C 
 1261      6500
 1262              	.LASF0:
 1263 01ca 756E7369 		.ascii	"unsigned int\000"
 1263      676E6564 
 1263      20696E74 
 1263      00
 1264              	.LASF22:
 1265 01d7 61646472 		.ascii	"address\000"
 1265      65737300 
 1266              	.LASF9:
 1267 01df 6C6F6E67 		.ascii	"long long unsigned int\000"
 1267      206C6F6E 
 1267      6720756E 
 1267      7369676E 
 1267      65642069 
 1268              	.LASF18:
 1269 01f6 63796973 		.ascii	"cyisraddress\000"
 1269      72616464 
 1269      72657373 
 1269      00
ARM GAS  C:\Users\z004e6he\AppData\Local\Temp\ccxteeFK.s 			page 32


 1270              	.LASF32:
 1271 0203 72785F69 		.ascii	"rx_isr_SetPending\000"
 1271      73725F53 
 1271      65745065 
 1271      6E64696E 
 1271      6700
 1272              	.LASF10:
 1273 0215 73697A65 		.ascii	"sizetype\000"
 1273      74797065 
 1273      00
 1274              	.LASF25:
 1275 021e 72785F69 		.ascii	"rx_isr_GetPriority\000"
 1275      73725F47 
 1275      65745072 
 1275      696F7269 
 1275      747900
 1276              	.LASF1:
 1277 0231 6C6F6E67 		.ascii	"long long int\000"
 1277      206C6F6E 
 1277      6720696E 
 1277      7400
 1278              	.LASF36:
 1279 023f 47656E65 		.ascii	"Generated_Source\\PSoC5\\rx_isr.c\000"
 1279      72617465 
 1279      645F536F 
 1279      75726365 
 1279      5C50536F 
 1280              	.LASF11:
 1281 025f 63686172 		.ascii	"char\000"
 1281      00
 1282              	.LASF19:
 1283 0264 72616D56 		.ascii	"ramVectorTable\000"
 1283      6563746F 
 1283      72546162 
 1283      6C6500
 1284              	.LASF5:
 1285 0273 73686F72 		.ascii	"short int\000"
 1285      7420696E 
 1285      7400
 1286              	.LASF30:
 1287 027d 72785F69 		.ascii	"rx_isr_StartEx\000"
 1287      73725F53 
 1287      74617274 
 1287      457800
 1288              	.LASF20:
 1289 028c 72785F69 		.ascii	"rx_isr_SetVector\000"
 1289      73725F53 
 1289      65745665 
 1289      63746F72 
 1289      00
 1290              	.LASF7:
 1291 029d 6C6F6E67 		.ascii	"long int\000"
 1291      20696E74 
 1291      00
 1292              	.LASF2:
 1293 02a6 6C6F6E67 		.ascii	"long double\000"
 1293      20646F75 
ARM GAS  C:\Users\z004e6he\AppData\Local\Temp\ccxteeFK.s 			page 33


 1293      626C6500 
 1294              	.LASF3:
 1295 02b2 7369676E 		.ascii	"signed char\000"
 1295      65642063 
 1295      68617200 
 1296              	.LASF34:
 1297 02be 5F426F6F 		.ascii	"_Bool\000"
 1297      6C00
 1298              	.LASF21:
 1299 02c4 72785F69 		.ascii	"rx_isr_SetPriority\000"
 1299      73725F53 
 1299      65745072 
 1299      696F7269 
 1299      747900
 1300              	.LASF39:
 1301 02d7 6752585F 		.ascii	"gRX_ISR\000"
 1301      49535200 
 1302              		.ident	"GCC: (GNU Tools for ARM Embedded Processors) 5.4.1 20160609 (release) [ARM/embedded-5-bran
