Archive member included to satisfy reference by file (symbol)

.\ARM_GCC_541\Debug\LucaSpenglerPSoC5OneWire.a(ADC_DelSig_1.o)
                              .\ARM_GCC_541\Debug\main.o (ADC_DelSig_1_Start)
.\ARM_GCC_541\Debug\LucaSpenglerPSoC5OneWire.a(ADC_DelSig_1_INT.o)
                              .\ARM_GCC_541\Debug\LucaSpenglerPSoC5OneWire.a(ADC_DelSig_1.o) (ADC_DelSig_1_ISR1)
.\ARM_GCC_541\Debug\LucaSpenglerPSoC5OneWire.a(UART_1.o)
                              .\ARM_GCC_541\Debug\main.o (UART_1_Start)
.\ARM_GCC_541\Debug\LucaSpenglerPSoC5OneWire.a(ADC_DelSig_1_AMux.o)
                              .\ARM_GCC_541\Debug\LucaSpenglerPSoC5OneWire.a(ADC_DelSig_1.o) (ADC_DelSig_1_AMux_Select)
.\ARM_GCC_541\Debug\LucaSpenglerPSoC5OneWire.a(ADC_DelSig_1_Ext_CP_Clk.o)
                              .\ARM_GCC_541\Debug\LucaSpenglerPSoC5OneWire.a(ADC_DelSig_1.o) (ADC_DelSig_1_Ext_CP_Clk_SetDividerRegister)
.\ARM_GCC_541\Debug\LucaSpenglerPSoC5OneWire.a(ADC_DelSig_1_theACLK.o)
                              .\ARM_GCC_541\Debug\LucaSpenglerPSoC5OneWire.a(ADC_DelSig_1.o) (ADC_DelSig_1_theACLK_SetDividerRegister)
.\ARM_GCC_541\Debug\LucaSpenglerPSoC5OneWire.a(UART_1_IntClock.o)
                              .\ARM_GCC_541\Debug\LucaSpenglerPSoC5OneWire.a(UART_1.o) (UART_1_IntClock_Start)
.\ARM_GCC_541\Debug\LucaSpenglerPSoC5OneWire.a(CyLib.o)
                              .\ARM_GCC_541\Debug\Cm3Start.o (CyResetStatus)
.\ARM_GCC_541\Debug\LucaSpenglerPSoC5OneWire.a(cyPm.o)
                              .\ARM_GCC_541\Debug\LucaSpenglerPSoC5OneWire.a(CyLib.o) (CyPmReadStatus)
.\ARM_GCC_541\Debug\LucaSpenglerPSoC5OneWire.a(onewire_pin.o)
                              .\ARM_GCC_541\Debug\OneWire.o (onewire_pin_Write)
.\ARM_GCC_541\Debug\LucaSpenglerPSoC5OneWire.a(CyBootAsmGnu.o)
                              .\ARM_GCC_541\Debug\cyfitter_cfg.o (CyDelayCycles)
.\ARM_GCC_541\Debug\LucaSpenglerPSoC5OneWire.a(CyFlash.o)
                              .\ARM_GCC_541\Debug\LucaSpenglerPSoC5OneWire.a(cyPm.o) (CyFlash_SetWaitCycles)
.\ARM_GCC_541\Debug\LucaSpenglerPSoC5OneWire.a(CySpc.o)
                              .\ARM_GCC_541\Debug\LucaSpenglerPSoC5OneWire.a(CyFlash.o) (CySpcStart)
c:/program files (x86)/cypress/psoc creator/4.4/psoc creator/import/gnu/arm/5.4.1/bin/../lib/gcc/arm-none-eabi/5.4.1/armv7-m\libgcc.a(_arm_addsubdf3.o)
                              .\ARM_GCC_541\Debug\LucaSpenglerPSoC5OneWire.a(ADC_DelSig_1.o) (__aeabi_f2d)
c:/program files (x86)/cypress/psoc creator/4.4/psoc creator/import/gnu/arm/5.4.1/bin/../lib/gcc/arm-none-eabi/5.4.1/armv7-m\libgcc.a(_arm_cmpdf2.o)
                              .\ARM_GCC_541\Debug\LucaSpenglerPSoC5OneWire.a(ADC_DelSig_1.o) (__aeabi_dcmpgt)
c:/program files (x86)/cypress/psoc creator/4.4/psoc creator/import/gnu/arm/5.4.1/bin/../lib/gcc/arm-none-eabi/5.4.1/armv7-m\libgcc.a(_arm_addsubsf3.o)
                              .\ARM_GCC_541\Debug\LucaSpenglerPSoC5OneWire.a(ADC_DelSig_1.o) (__aeabi_ui2f)
c:/program files (x86)/cypress/psoc creator/4.4/psoc creator/import/gnu/arm/5.4.1/bin/../lib/gcc/arm-none-eabi/5.4.1/armv7-m\libgcc.a(_arm_muldivsf3.o)
                              .\ARM_GCC_541\Debug\LucaSpenglerPSoC5OneWire.a(ADC_DelSig_1.o) (__aeabi_fmul)
c:/program files (x86)/cypress/psoc creator/4.4/psoc creator/import/gnu/arm/5.4.1/bin/../lib/gcc/arm-none-eabi/5.4.1/armv7-m\libgcc.a(_arm_fixunssfsi.o)
                              .\ARM_GCC_541\Debug\LucaSpenglerPSoC5OneWire.a(ADC_DelSig_1.o) (__aeabi_f2uiz)
c:/program files (x86)/cypress/psoc creator/4.4/psoc creator/import/gnu/arm/5.4.1/bin/../lib/gcc/arm-none-eabi/5.4.1/../../../../arm-none-eabi/lib/armv7-m\libg_nano.a(lib_a-errno.o)
                              .\ARM_GCC_541\Debug\Cm3Start.o (__errno)
c:/program files (x86)/cypress/psoc creator/4.4/psoc creator/import/gnu/arm/5.4.1/bin/../lib/gcc/arm-none-eabi/5.4.1/../../../../arm-none-eabi/lib/armv7-m\libg_nano.a(lib_a-exit.o)
                              c:/program files (x86)/cypress/psoc creator/4.4/psoc creator/import/gnu/arm/5.4.1/bin/../lib/gcc/arm-none-eabi/5.4.1/../../../../arm-none-eabi/lib/armv7-m/crt0.o (exit)
c:/program files (x86)/cypress/psoc creator/4.4/psoc creator/import/gnu/arm/5.4.1/bin/../lib/gcc/arm-none-eabi/5.4.1/../../../../arm-none-eabi/lib/armv7-m\libg_nano.a(lib_a-impure.o)
                              c:/program files (x86)/cypress/psoc creator/4.4/psoc creator/import/gnu/arm/5.4.1/bin/../lib/gcc/arm-none-eabi/5.4.1/../../../../arm-none-eabi/lib/armv7-m\libg_nano.a(lib_a-exit.o) (_global_impure_ptr)
c:/program files (x86)/cypress/psoc creator/4.4/psoc creator/import/gnu/arm/5.4.1/bin/../lib/gcc/arm-none-eabi/5.4.1/../../../../arm-none-eabi/lib/armv7-m\libg_nano.a(lib_a-init.o)
                              c:/program files (x86)/cypress/psoc creator/4.4/psoc creator/import/gnu/arm/5.4.1/bin/../lib/gcc/arm-none-eabi/5.4.1/../../../../arm-none-eabi/lib/armv7-m/crt0.o (__libc_init_array)
[...]
Memory Configuration

Name             Origin             Length             Attributes
rom              0x00000000         0x00040000         xr
ram              0x1fff8000         0x00010000         xrw
*default*        0x00000000         0xffffffff

Linker script and memory map

LOAD c:/program files (x86)/cypress/psoc creator/4.4/psoc creator/import/gnu/arm/5.4.1/bin/../lib/gcc/arm-none-eabi/5.4.1/armv7-m/crti.o
LOAD c:/program files (x86)/cypress/psoc creator/4.4/psoc creator/import/gnu/arm/5.4.1/bin/../lib/gcc/arm-none-eabi/5.4.1/armv7-m/crtbegin.o
LOAD c:/program files (x86)/cypress/psoc creator/4.4/psoc creator/import/gnu/arm/5.4.1/bin/../lib/gcc/arm-none-eabi/5.4.1/../../../../arm-none-eabi/lib/armv7-m/crt0.o
START GROUP
LOAD .\ARM_GCC_541\Debug\main.o
LOAD .\ARM_GCC_541\Debug\OneWire.o
LOAD .\ARM_GCC_541\Debug\cyfitter_cfg.o
LOAD .\ARM_GCC_541\Debug\cymetadata.o
LOAD .\ARM_GCC_541\Debug\Cm3Start.o
LOAD .\ARM_GCC_541\Debug\LucaSpenglerPSoC5OneWire.a
LOAD C:\Program Files (x86)\Cypress\PSoC Creator\4.4\PSoC Creator\psoc\content\cycomponentlibrary\CyComponentLibrary.cylib\CortexM3\ARM_GCC_541\Debug\CyComponentLibrary.a
END GROUP
START GROUP
LOAD c:/program files (x86)/cypress/psoc creator/4.4/psoc creator/import/gnu/arm/5.4.1/bin/../lib/gcc/arm-none-eabi/5.4.1/armv7-m\libgcc.a
LOAD c:/program files (x86)/cypress/psoc creator/4.4/psoc creator/import/gnu/arm/5.4.1/bin/../lib/gcc/arm-none-eabi/5.4.1/../../../../arm-none-eabi/lib/armv7-m\libg_nano.a
LOAD c:/program files (x86)/cypress/psoc creator/4.4/psoc creator/import/gnu/arm/5.4.1/bin/../lib/gcc/arm-none-eabi/5.4.1/../../../../arm-none-eabi/lib/armv7-m\libc_nano.a
END GROUP
START GROUP
LOAD c:/program files (x86)/cypress/psoc creator/4.4/psoc creator/import/gnu/arm/5.4.1/bin/../lib/gcc/arm-none-eabi/5.4.1/armv7-m\libgcc.a
LOAD c:/program files (x86)/cypress/psoc creator/4.4/psoc creator/import/gnu/arm/5.4.1/bin/../lib/gcc/arm-none-eabi/5.4.1/../../../../arm-none-eabi/lib/armv7-m\libc_nano.a
END GROUP
LOAD c:/program files (x86)/cypress/psoc creator/4.4/psoc creator/import/gnu/arm/5.4.1/bin/../lib/gcc/arm-none-eabi/5.4.1/armv7-m/crtend.o
LOAD c:/program files (x86)/cypress/psoc creator/4.4/psoc creator/import/gnu/arm/5.4.1/bin/../lib/gcc/arm-none-eabi/5.4.1/armv7-m/crtn.o
START GROUP
LOAD c:/program files (x86)/cypress/psoc creator/4.4/psoc creator/import/gnu/arm/5.4.1/bin/../lib/gcc/arm-none-eabi/5.4.1/armv7-m\libgcc.a
LOAD c:/program files (x86)/cypress/psoc creator/4.4/psoc creator/import/gnu/arm/5.4.1/bin/../lib/gcc/arm-none-eabi/5.4.1/../../../../arm-none-eabi/lib/armv7-m\libc.a
LOAD c:/program files (x86)/cypress/psoc creator/4.4/psoc creator/import/gnu/arm/5.4.1/bin/../lib/gcc/arm-none-eabi/5.4.1/../../../../arm-none-eabi/lib/armv7-m\libnosys.a
END GROUP
                0x00000000                CY_APPL_ORIGIN = 0x0
                0x00000100                CY_FLASH_ROW_SIZE = 0x100
                0x00000020                CY_ECC_ROW_SIZE = 0x20
                0x00000000                CY_EE_IN_BTLDR = 0x0
                0x00000000                CY_APPL_LOADABLE = 0x0
                0x00000800                CY_EE_SIZE = 0x800
                0x00000001                CY_APPL_NUM = 0x1
                0x00000001                CY_APPL_MAX = 0x1
                0x00000040                CY_METADATA_SIZE = 0x40
                0x00000000                CY_APPL_LOADABLE = 0x0
                0x00000000                CY_CHECKSUM_EXCLUDE_SIZE = ALIGN (0x0, CY_FLASH_ROW_SIZE)
                [!provide]                PROVIDE (__cy_heap_start, _end)
                0x00000001                PROVIDE (__cy_region_num, ((__cy_regions_end - __cy_regions) / 0x10))
                0x20008000                PROVIDE (__cy_stack, (ORIGIN (ram) + LENGTH (ram)))
                [!provide]                PROVIDE (__cy_heap_end, (__cy_stack - 0x800))

.cybootloader   0x00000000        0x0
 *(.cybootloader)
                0x00000000                appl1_start = CY_APPL_ORIGIN?CY_APPL_ORIGIN:ALIGN (CY_FLASH_ROW_SIZE)
                0x0001ff00                appl2_start = (appl1_start + ALIGN ((((LENGTH (rom) - appl1_start) - (0x2 * CY_FLASH_ROW_SIZE)) / 0x2), CY_FLASH_ROW_SIZE))
                0x00000000                appl_start = (CY_APPL_NUM == 0x1)?appl1_start:appl2_start
                0x00000000                ecc_offset = ((appl_start / CY_FLASH_ROW_SIZE) * CY_ECC_ROW_SIZE)
                0x00000000                ee_offset = (CY_APPL_LOADABLE && ! (CY_EE_IN_BTLDR))?((CY_EE_SIZE / CY_APPL_MAX) * (CY_APPL_NUM - 0x1)):0x0
                0x00000800                ee_size = (CY_APPL_LOADABLE && ! (CY_EE_IN_BTLDR))?(CY_EE_SIZE / CY_APPL_MAX):CY_EE_SIZE
                [!provide]                PROVIDE (CY_ECC_OFFSET, ecc_offset)

.text           0x00000000     0x2514
 CREATE_OBJECT_SYMBOLS
                0x00000000                PROVIDE (__cy_interrupt_vector, RomVectors)
 *(.romvectors)
 .romvectors    0x00000000       0x10 .\ARM_GCC_541\Debug\Cm3Start.o
                0x00000000                RomVectors
                0x00000001                ASSERT ((. != __cy_interrupt_vector), No interrupt vector)
                0x00000001                ASSERT (CY_APPL_ORIGIN?(SIZEOF (.cybootloader) <= CY_APPL_ORIGIN):0x1, Wrong image location)
                0x00000010                PROVIDE (__cy_reset, Reset)
 *(.text.Reset)
 .text.Reset    0x00000010       0x18 .\ARM_GCC_541\Debug\Cm3Start.o
                0x00000010                Reset
                0x00000001                ASSERT ((. != __cy_reset), No reset code)
 *(.dma_init)
                0x00000001                ASSERT ((((appl_start + .) <= 0x10000) || 0x1), DMA Init must be within the first 64k of flash)
 *(.text .text.* .gnu.linkonce.t.*)
 .text          0x00000028       0x5c c:/program files (x86)/cypress/psoc creator/4.4/psoc creator/import/gnu/arm/5.4.1/bin/../lib/gcc/arm-none-eabi/5.4.1/armv7-m/crtbegin.o
 .text.main     0x00000084      0x2c8 .\ARM_GCC_541\Debug\main.o
                0x00000084                main
 .text.ResetBus
                0x0000034c       0x44 .\ARM_GCC_541\Debug\OneWire.o
                0x0000034c                ResetBus
 .text.WriteBit
                0x00000390       0x44 .\ARM_GCC_541\Debug\OneWire.o
                0x00000390                WriteBit
 .text.WriteByte
                0x000003d4       0x34 .\ARM_GCC_541\Debug\OneWire.o
                0x000003d4                WriteByte
 .text.ReadBit  0x00000408       0x38 .\ARM_GCC_541\Debug\OneWire.o
                0x00000408                ReadBit
 .text.ReadByte
                0x00000440       0x44 .\ARM_GCC_541\Debug\OneWire.o
                0x00000440                ReadByte
 .text.CYMEMZERO
                0x00000484       0x1c .\ARM_GCC_541\Debug\cyfitter_cfg.o
 .text.CYCONFIGCPY
                0x000004a0       0x20 .\ARM_GCC_541\Debug\cyfitter_cfg.o
 .text.CyClockStartupError
                0x000004c0        0xc .\ARM_GCC_541\Debug\cyfitter_cfg.o
 .text.cfg_write_bytes32
                0x000004cc       0x74 .\ARM_GCC_541\Debug\cyfitter_cfg.o
 .text.ClockSetup
                0x00000540      0x15c .\ARM_GCC_541\Debug\cyfitter_cfg.o
 .text.AnalogSetDefault
                0x0000069c       0x58 .\ARM_GCC_541\Debug\cyfitter_cfg.o
 .text.ADC_DelSig_1_AMux_Set
                0x000006f4       0x40 .\ARM_GCC_541\Debug\cyfitter_cfg.o
                0x000006f4                ADC_DelSig_1_AMux_Set
 .text.ADC_DelSig_1_AMux_Unset
                0x00000734       0x44 .\ARM_GCC_541\Debug\cyfitter_cfg.o
                0x00000734                ADC_DelSig_1_AMux_Unset
 .text.cyfitter_cfg
                0x00000778      0x19c .\ARM_GCC_541\Debug\cyfitter_cfg.o
                0x00000778                cyfitter_cfg
 .text.IntDefaultHandler
                0x00000914       0x14 .\ARM_GCC_541\Debug\Cm3Start.o
                0x00000914                IntDefaultHandler
 .text._sbrk    0x00000928       0x50 .\ARM_GCC_541\Debug\Cm3Start.o
                0x00000928                _sbrk
 .text.Start_c  0x00000978       0x98 .\ARM_GCC_541\Debug\Cm3Start.o
                0x00000978                Start_c
 .text.initialize_psoc
                0x00000a10       0x90 .\ARM_GCC_541\Debug\Cm3Start.o
                0x00000a10                initialize_psoc
 .text.ADC_DelSig_1_Init
                0x00000aa0      0x158 .\ARM_GCC_541\Debug\LucaSpenglerPSoC5OneWire.a(ADC_DelSig_1.o)
                0x00000aa0                ADC_DelSig_1_Init
 .text.ADC_DelSig_1_Enable
                0x00000bf8      0x158 .\ARM_GCC_541\Debug\LucaSpenglerPSoC5OneWire.a(ADC_DelSig_1.o)
                0x00000bf8                ADC_DelSig_1_Enable
 .text.ADC_DelSig_1_Start
                0x00000d50       0x30 .\ARM_GCC_541\Debug\LucaSpenglerPSoC5OneWire.a(ADC_DelSig_1.o)
                0x00000d50                ADC_DelSig_1_Start
 .text.ADC_DelSig_1_StartConvert
                0x00000d80       0x20 .\ARM_GCC_541\Debug\LucaSpenglerPSoC5OneWire.a(ADC_DelSig_1.o)
                0x00000d80                ADC_DelSig_1_StartConvert
 .text.ADC_DelSig_1_IsEndConversion
                0x00000da0       0x4c .\ARM_GCC_541\Debug\LucaSpenglerPSoC5OneWire.a(ADC_DelSig_1.o)
                0x00000da0                ADC_DelSig_1_IsEndConversion
 .text.ADC_DelSig_1_GetResult16
                0x00000dec       0x7c .\ARM_GCC_541\Debug\LucaSpenglerPSoC5OneWire.a(ADC_DelSig_1.o)
                0x00000dec                ADC_DelSig_1_GetResult16
 .text.ADC_DelSig_1_CountsTo_mVolts
                0x00000e68       0x3c .\ARM_GCC_541\Debug\LucaSpenglerPSoC5OneWire.a(ADC_DelSig_1.o)
                0x00000e68                ADC_DelSig_1_CountsTo_mVolts
 .text.ADC_DelSig_1_InitConfig
                0x00000ea4      0x410 .\ARM_GCC_541\Debug\LucaSpenglerPSoC5OneWire.a(ADC_DelSig_1.o)
 .text.ADC_DelSig_1_GainCompensation
                0x000012b4      0x170 .\ARM_GCC_541\Debug\LucaSpenglerPSoC5OneWire.a(ADC_DelSig_1.o)
 .text.ADC_DelSig_1_SetDSMRef0Reg
                0x00001424       0x7c .\ARM_GCC_541\Debug\LucaSpenglerPSoC5OneWire.a(ADC_DelSig_1.o)
 .text.ADC_DelSig_1_ISR1
                0x000014a0       0x18 .\ARM_GCC_541\Debug\LucaSpenglerPSoC5OneWire.a(ADC_DelSig_1_INT.o)
                0x000014a0                ADC_DelSig_1_ISR1
 .text.ADC_DelSig_1_ISR2
                0x000014b8        0xc .\ARM_GCC_541\Debug\LucaSpenglerPSoC5OneWire.a(ADC_DelSig_1_INT.o)
                0x000014b8                ADC_DelSig_1_ISR2
 .text.ADC_DelSig_1_ISR3
                0x000014c4        0xc .\ARM_GCC_541\Debug\LucaSpenglerPSoC5OneWire.a(ADC_DelSig_1_INT.o)
                0x000014c4                ADC_DelSig_1_ISR3
 .text.ADC_DelSig_1_ISR4
                0x000014d0        0xc .\ARM_GCC_541\Debug\LucaSpenglerPSoC5OneWire.a(ADC_DelSig_1_INT.o)
                0x000014d0                ADC_DelSig_1_ISR4
 .text.UART_1_Start
                0x000014dc       0x24 .\ARM_GCC_541\Debug\LucaSpenglerPSoC5OneWire.a(UART_1.o)
                0x000014dc                UART_1_Start
 .text.UART_1_Init
                0x00001500       0x40 .\ARM_GCC_541\Debug\LucaSpenglerPSoC5OneWire.a(UART_1.o)
                0x00001500                UART_1_Init
 .text.UART_1_Enable
                0x00001540       0x60 .\ARM_GCC_541\Debug\LucaSpenglerPSoC5OneWire.a(UART_1.o)
                0x00001540                UART_1_Enable
 .text.UART_1_GetChar
                0x000015a0       0x44 .\ARM_GCC_541\Debug\LucaSpenglerPSoC5OneWire.a(UART_1.o)
                0x000015a0                UART_1_GetChar
 .text.UART_1_PutChar
                0x000015e4       0x34 .\ARM_GCC_541\Debug\LucaSpenglerPSoC5OneWire.a(UART_1.o)
                0x000015e4                UART_1_PutChar
 .text.UART_1_PutString
                0x00001618       0x44 .\ARM_GCC_541\Debug\LucaSpenglerPSoC5OneWire.a(UART_1.o)
                0x00001618                UART_1_PutString
 .text.ADC_DelSig_1_AMux_Start
                0x0000165c       0x34 .\ARM_GCC_541\Debug\LucaSpenglerPSoC5OneWire.a(ADC_DelSig_1_AMux.o)
                0x0000165c                ADC_DelSig_1_AMux_Start
 .text.ADC_DelSig_1_AMux_Select
                0x00001690       0x28 .\ARM_GCC_541\Debug\LucaSpenglerPSoC5OneWire.a(ADC_DelSig_1_AMux.o)
                0x00001690                ADC_DelSig_1_AMux_Select
 .text.ADC_DelSig_1_Ext_CP_Clk_SetDividerRegister
                0x000016b8      0x164 .\ARM_GCC_541\Debug\LucaSpenglerPSoC5OneWire.a(ADC_DelSig_1_Ext_CP_Clk.o)
                0x000016b8                ADC_DelSig_1_Ext_CP_Clk_SetDividerRegister
 .text.ADC_DelSig_1_Ext_CP_Clk_GetDividerRegister
                0x0000181c       0x18 .\ARM_GCC_541\Debug\LucaSpenglerPSoC5OneWire.a(ADC_DelSig_1_Ext_CP_Clk.o)
                0x0000181c                ADC_DelSig_1_Ext_CP_Clk_GetDividerRegister
 .text.ADC_DelSig_1_Ext_CP_Clk_SetModeRegister
                0x00001834       0x34 .\ARM_GCC_541\Debug\LucaSpenglerPSoC5OneWire.a(ADC_DelSig_1_Ext_CP_Clk.o)
                0x00001834                ADC_DelSig_1_Ext_CP_Clk_SetModeRegister
 .text.ADC_DelSig_1_Ext_CP_Clk_GetSourceRegister
                0x00001868       0x1c .\ARM_GCC_541\Debug\LucaSpenglerPSoC5OneWire.a(ADC_DelSig_1_Ext_CP_Clk.o)
                0x00001868                ADC_DelSig_1_Ext_CP_Clk_GetSourceRegister
 .text.ADC_DelSig_1_theACLK_SetDividerRegister
                0x00001884      0x164 .\ARM_GCC_541\Debug\LucaSpenglerPSoC5OneWire.a(ADC_DelSig_1_theACLK.o)
                0x00001884                ADC_DelSig_1_theACLK_SetDividerRegister
 .text.ADC_DelSig_1_theACLK_GetDividerRegister
                0x000019e8       0x18 .\ARM_GCC_541\Debug\LucaSpenglerPSoC5OneWire.a(ADC_DelSig_1_theACLK.o)
                0x000019e8                ADC_DelSig_1_theACLK_GetDividerRegister
 .text.ADC_DelSig_1_theACLK_SetModeRegister
                0x00001a00       0x34 .\ARM_GCC_541\Debug\LucaSpenglerPSoC5OneWire.a(ADC_DelSig_1_theACLK.o)
                0x00001a00                ADC_DelSig_1_theACLK_SetModeRegister
 .text.ADC_DelSig_1_theACLK_GetSourceRegister
                0x00001a34       0x1c .\ARM_GCC_541\Debug\LucaSpenglerPSoC5OneWire.a(ADC_DelSig_1_theACLK.o)
                0x00001a34                ADC_DelSig_1_theACLK_GetSourceRegister
 .text.UART_1_IntClock_Start
                0x00001a50       0x34 .\ARM_GCC_541\Debug\LucaSpenglerPSoC5OneWire.a(UART_1_IntClock.o)
                0x00001a50                UART_1_IntClock_Start
 .text.CyHalt   0x00001a84       0x18 .\ARM_GCC_541\Debug\LucaSpenglerPSoC5OneWire.a(CyLib.o)
                0x00001a84                CyHalt
 .text.CyDelayUs
                0x00001a9c       0x28 .\ARM_GCC_541\Debug\LucaSpenglerPSoC5OneWire.a(CyLib.o)
                0x00001a9c                CyDelayUs
 .text.CyIntSetVector
                0x00001ac4       0x50 .\ARM_GCC_541\Debug\LucaSpenglerPSoC5OneWire.a(CyLib.o)
                0x00001ac4                CyIntSetVector
 .text.CyIntSetPriority
                0x00001b14       0x48 .\ARM_GCC_541\Debug\LucaSpenglerPSoC5OneWire.a(CyLib.o)
                0x00001b14                CyIntSetPriority
 .text.onewire_pin_Write
                0x00001b5c       0x3c .\ARM_GCC_541\Debug\LucaSpenglerPSoC5OneWire.a(onewire_pin.o)
                0x00001b5c                onewire_pin_Write
 .text.onewire_pin_SetDriveMode
                0x00001b98       0x3c .\ARM_GCC_541\Debug\LucaSpenglerPSoC5OneWire.a(onewire_pin.o)
                0x00001b98                onewire_pin_SetDriveMode
 .text.onewire_pin_Read
                0x00001bd4       0x20 .\ARM_GCC_541\Debug\LucaSpenglerPSoC5OneWire.a(onewire_pin.o)
                0x00001bd4                onewire_pin_Read
 *fill*         0x00001bf4        0x4 
 .text          0x00001bf8       0x54 .\ARM_GCC_541\Debug\LucaSpenglerPSoC5OneWire.a(CyBootAsmGnu.o)
                0x00001bf8                CyDelayCycles
                0x00001c36                CyEnterCriticalSection
                0x00001c3e                CyExitCriticalSection
 .text.__errno  0x00001c4c        0xc c:/program files (x86)/cypress/psoc creator/4.4/psoc creator/import/gnu/arm/5.4.1/bin/../lib/gcc/arm-none-eabi/5.4.1/../../../../arm-none-eabi/lib/armv7-m\libg_nano.a(lib_a-errno.o)
                0x00001c4c                __errno
 .text.__libc_init_array
                0x00001c58       0x4c c:/program files (x86)/cypress/psoc creator/4.4/psoc creator/import/gnu/arm/5.4.1/bin/../lib/gcc/arm-none-eabi/5.4.1/../../../../arm-none-eabi/lib/armv7-m\libg_nano.a(lib_a-init.o)
                0x00001c58                __libc_init_array
 .text.memcpy   0x00001ca4       0x16 c:/program files (x86)/cypress/psoc creator/4.4/psoc creator/import/gnu/arm/5.4.1/bin/../lib/gcc/arm-none-eabi/5.4.1/../../../../arm-none-eabi/lib/armv7-m\libg_nano.a(lib_a-memcpy-stub.o)
                0x00001ca4                memcpy
 .text.memset   0x00001cba       0x10 c:/program files (x86)/cypress/psoc creator/4.4/psoc creator/import/gnu/arm/5.4.1/bin/../lib/gcc/arm-none-eabi/5.4.1/../../../../arm-none-eabi/lib/armv7-m\libg_nano.a(lib_a-memset.o)
                0x00001cba                memset
 *fill*         0x00001cca        0x2 
 .text.sprintf  0x00001ccc       0x48 c:/program files (x86)/cypress/psoc creator/4.4/psoc creator/import/gnu/arm/5.4.1/bin/../lib/gcc/arm-none-eabi/5.4.1/../../../../arm-none-eabi/lib/armv7-m\libg_nano.a(lib_a-sprintf.o)
                0x00001ccc                siprintf
                0x00001ccc                sprintf
 .text.__ssputs_r
                0x00001d14       0xb2 c:/program files (x86)/cypress/psoc creator/4.4/psoc creator/import/gnu/arm/5.4.1/bin/../lib/gcc/arm-none-eabi/5.4.1/../../../../arm-none-eabi/lib/armv7-m\libg_nano.a(lib_a-nano-svfprintf.o)
                0x00001d14                __ssputs_r
 *fill*         0x00001dc6        0x2 
 .text._svfprintf_r
                0x00001dc8      0x1e8 c:/program files (x86)/cypress/psoc creator/4.4/psoc creator/import/gnu/arm/5.4.1/bin/../lib/gcc/arm-none-eabi/5.4.1/../../../../arm-none-eabi/lib/armv7-m\libg_nano.a(lib_a-nano-svfprintf.o)
                0x00001dc8                _svfiprintf_r
                0x00001dc8                _svfprintf_r
 .text._printf_common
                0x00001fb0       0xec c:/program files (x86)/cypress/psoc creator/4.4/psoc creator/import/gnu/arm/5.4.1/bin/../lib/gcc/arm-none-eabi/5.4.1/../../../../arm-none-eabi/lib/armv7-m\libg_nano.a(lib_a-nano-vfprintf_i.o)
                0x00001fb0                _printf_common
 .text._printf_i
                0x0000209c      0x24c c:/program files (x86)/cypress/psoc creator/4.4/psoc creator/import/gnu/arm/5.4.1/bin/../lib/gcc/arm-none-eabi/5.4.1/../../../../arm-none-eabi/lib/armv7-m\libg_nano.a(lib_a-nano-vfprintf_i.o)
                0x0000209c                _printf_i
 .text.memchr   0x000022e8       0x1c c:/program files (x86)/cypress/psoc creator/4.4/psoc creator/import/gnu/arm/5.4.1/bin/../lib/gcc/arm-none-eabi/5.4.1/../../../../arm-none-eabi/lib/armv7-m\libg_nano.a(lib_a-memchr-stub.o)
                0x000022e8                memchr
 .text.memmove  0x00002304       0x36 c:/program files (x86)/cypress/psoc creator/4.4/psoc creator/import/gnu/arm/5.4.1/bin/../lib/gcc/arm-none-eabi/5.4.1/../../../../arm-none-eabi/lib/armv7-m\libg_nano.a(lib_a-memmove.o)
                0x00002304                memmove
 *fill*         0x0000233a        0x2 
 .text._free_r  0x0000233c       0x98 c:/program files (x86)/cypress/psoc creator/4.4/psoc creator/import/gnu/arm/5.4.1/bin/../lib/gcc/arm-none-eabi/5.4.1/../../../../arm-none-eabi/lib/armv7-m\libg_nano.a(lib_a-nano-freer.o)
                0x0000233c                _free_r
 .text._malloc_r
                0x000023d4       0xbc c:/program files (x86)/cypress/psoc creator/4.4/psoc creator/import/gnu/arm/5.4.1/bin/../lib/gcc/arm-none-eabi/5.4.1/../../../../arm-none-eabi/lib/armv7-m\libg_nano.a(lib_a-nano-mallocr.o)
                0x000023d4                _malloc_r
 .text._realloc_r
                0x00002490       0x4c c:/program files (x86)/cypress/psoc creator/4.4/psoc creator/import/gnu/arm/5.4.1/bin/../lib/gcc/arm-none-eabi/5.4.1/../../../../arm-none-eabi/lib/armv7-m\libg_nano.a(lib_a-nano-reallocr.o)
                0x00002490                _realloc_r
 .text._sbrk_r  0x000024dc       0x20 c:/program files (x86)/cypress/psoc creator/4.4/psoc creator/import/gnu/arm/5.4.1/bin/../lib/gcc/arm-none-eabi/5.4.1/../../../../arm-none-eabi/lib/armv7-m\libg_nano.a(lib_a-sbrkr.o)
                0x000024dc                _sbrk_r
 .text.__malloc_lock
                0x000024fc        0x2 c:/program files (x86)/cypress/psoc creator/4.4/psoc creator/import/gnu/arm/5.4.1/bin/../lib/gcc/arm-none-eabi/5.4.1/../../../../arm-none-eabi/lib/armv7-m\libg_nano.a(lib_a-mlock.o)
                0x000024fc                __malloc_lock
 .text.__malloc_unlock
                0x000024fe        0x2 c:/program files (x86)/cypress/psoc creator/4.4/psoc creator/import/gnu/arm/5.4.1/bin/../lib/gcc/arm-none-eabi/5.4.1/../../../../arm-none-eabi/lib/armv7-m\libg_nano.a(lib_a-mlock.o)
                0x000024fe                __malloc_unlock
 .text._malloc_usable_size_r
                0x00002500       0x14 c:/program files (x86)/cypress/psoc creator/4.4/psoc creator/import/gnu/arm/5.4.1/bin/../lib/gcc/arm-none-eabi/5.4.1/../../../../arm-none-eabi/lib/armv7-m\libg_nano.a(lib_a-nano-msizer.o)
                0x00002500                _malloc_usable_size_r
 *(.plt)
 *(.gnu.warning)
 *(.glue_7t)
 .glue_7t       0x00002514        0x0 linker stubs
 *(.glue_7)
 .glue_7        0x00002514        0x0 linker stubs
 *(.vfp11_veneer)
 .vfp11_veneer  0x00002514        0x0 linker stubs
 *(.bootloader)
 *(.ARM.extab* .gnu.linkonce.armextab.*)
 *(.gcc_except_table)

.v4_bx          0x00002514        0x0
 .v4_bx         0x00002514        0x0 linker stubs

.iplt           0x00002514        0x0
 .iplt          0x00002514        0x0 c:/program files (x86)/cypress/psoc creator/4.4/psoc creator/import/gnu/arm/5.4.1/bin/../lib/gcc/arm-none-eabi/5.4.1/armv7-m/crtbegin.o

.eh_frame_hdr
 *(.eh_frame_hdr)

.eh_frame       0x00002514        0x4
 *(.eh_frame)
 .eh_frame      0x00002514        0x0 c:/program files (x86)/cypress/psoc creator/4.4/psoc creator/import/gnu/arm/5.4.1/bin/../lib/gcc/arm-none-eabi/5.4.1/armv7-m/crtbegin.o
 .eh_frame      0x00002514        0x4 c:/program files (x86)/cypress/psoc creator/4.4/psoc creator/import/gnu/arm/5.4.1/bin/../lib/gcc/arm-none-eabi/5.4.1/armv7-m/crtend.o
                [!provide]                PROVIDE (__exidx_start, .)

.ARM.exidx
 *(.ARM.exidx* .gnu.linkonce.armexidx.*)
                0x00002518                __exidx_end = .

.rodata         0x00002518      0x160
 *(.rodata .rodata.* .gnu.linkonce.r.*)
 .rodata        0x00002518       0xad .\ARM_GCC_541\Debug\main.o
 *fill*         0x000025c5        0x3 
 .rodata        0x000025c8       0x42 .\ARM_GCC_541\Debug\cyfitter_cfg.o
                0x000025c8                ADC_DelSig_1_AMux__addrTable
                0x000025d0                ADC_DelSig_1_AMux__maskTable
 .rodata.str1.1
                0x0000260a        0x2 c:/program files (x86)/cypress/psoc creator/4.4/psoc creator/import/gnu/arm/5.4.1/bin/../lib/gcc/arm-none-eabi/5.4.1/../../../../arm-none-eabi/lib/armv7-m\libg_nano.a(lib_a-impure.o)
 .rodata.str1.1
                0x0000260c       0x11 c:/program files (x86)/cypress/psoc creator/4.4/psoc creator/import/gnu/arm/5.4.1/bin/../lib/gcc/arm-none-eabi/5.4.1/../../../../arm-none-eabi/lib/armv7-m\libg_nano.a(lib_a-nano-svfprintf.o)
 .rodata.str1.1
                0x0000261d       0x22 c:/program files (x86)/cypress/psoc creator/4.4/psoc creator/import/gnu/arm/5.4.1/bin/../lib/gcc/arm-none-eabi/5.4.1/../../../../arm-none-eabi/lib/armv7-m\libg_nano.a(lib_a-nano-vfprintf_i.o)
                0x00002640                . = ALIGN (0x4)
 *fill*         0x0000263f        0x1 
 *(.init)
 .init          0x00002640        0x4 c:/program files (x86)/cypress/psoc creator/4.4/psoc creator/import/gnu/arm/5.4.1/bin/../lib/gcc/arm-none-eabi/5.4.1/armv7-m/crti.o
                0x00002640                _init
 .init          0x00002644        0x8 c:/program files (x86)/cypress/psoc creator/4.4/psoc creator/import/gnu/arm/5.4.1/bin/../lib/gcc/arm-none-eabi/5.4.1/armv7-m/crtn.o
                0x0000264c                . = ALIGN (0x4)
                0x0000264c                __preinit_array_start = .
 *(.preinit_array)
                0x0000264c                __preinit_array_end = .
                0x0000264c                . = ALIGN (0x4)
                0x0000264c                __init_array_start = .
 *(SORT(.init_array.*))
 *(.init_array)
 .init_array    0x0000264c        0x4 c:/program files (x86)/cypress/psoc creator/4.4/psoc creator/import/gnu/arm/5.4.1/bin/../lib/gcc/arm-none-eabi/5.4.1/armv7-m/crtbegin.o
 .init_array    0x00002650        0x4 .\ARM_GCC_541\Debug\Cm3Start.o
                0x00002654                __init_array_end = .
                0x00002654                . = ALIGN (0x4)
 *(.fini)
 .fini          0x00002654        0x4 c:/program files (x86)/cypress/psoc creator/4.4/psoc creator/import/gnu/arm/5.4.1/bin/../lib/gcc/arm-none-eabi/5.4.1/armv7-m/crti.o
                0x00002654                _fini
 .fini          0x00002658        0x8 c:/program files (x86)/cypress/psoc creator/4.4/psoc creator/import/gnu/arm/5.4.1/bin/../lib/gcc/arm-none-eabi/5.4.1/armv7-m/crtn.o
                0x00002660                . = ALIGN (0x4)
                0x00002660                __fini_array_start = .
 *(.fini_array)
 .fini_array    0x00002660        0x4 c:/program files (x86)/cypress/psoc creator/4.4/psoc creator/import/gnu/arm/5.4.1/bin/../lib/gcc/arm-none-eabi/5.4.1/armv7-m/crtbegin.o
 *(SORT(.fini_array.*))
                0x00002664                __fini_array_end = .
                0x00002664                . = ALIGN (0x4)
 *crtbegin.o(.ctors)
 *(EXCLUDE_FILE(*crtend.o) .ctors)
 *(SORT(.ctors.*))
 *crtend.o(.ctors)
                0x00002664                . = ALIGN (0x4)
 *crtbegin.o(.dtors)
 *(EXCLUDE_FILE(*crtend.o) .dtors)
 *(SORT(.dtors.*))
 *crtend.o(.dtors)
                0x00002664                . = ALIGN (0x4)
                0x00002664                __cy_regions = .
                0x00002664        0x4 LONG 0x2678 __cy_region_init_ram
                0x00002668        0x4 LONG 0x1fff80c8 __cy_region_start_data
                0x0000266c        0x4 LONG 0x80 __cy_region_init_size_ram
                0x00002670        0x4 LONG 0x50 __cy_region_zero_size_ram
                0x00002674                __cy_regions_end = .
                0x00002678                . = ALIGN (0x8)
 *fill*         0x00002674        0x4 
                0x00002678                _etext = .

.cy_checksum_exclude
                0x00002678        0x0
 *(.cy_checksum_exclude)

.ramvectors     0x1fff8000       0xc0
                0x1fff8000                __cy_region_start_ram = .
 *(.ramvectors)
 .ramvectors    0x1fff8000       0xc0 .\ARM_GCC_541\Debug\Cm3Start.o
                0x1fff8000                CyRamVectors

.noinit         0x1fff80c0        0x5
 *(.noinit)
 .noinit        0x1fff80c0        0x4 .\ARM_GCC_541\Debug\Cm3Start.o
 .noinit        0x1fff80c4        0x1 .\ARM_GCC_541\Debug\LucaSpenglerPSoC5OneWire.a(CyLib.o)
                0x1fff80c4                CyResetStatus

.data           0x1fff80c8       0x80 load address 0x00002678
                0x1fff80c8                __cy_region_start_data = .
 *(.jcr)
 .jcr           0x1fff80c8        0x0 c:/program files (x86)/cypress/psoc creator/4.4/psoc creator/import/gnu/arm/5.4.1/bin/../lib/gcc/arm-none-eabi/5.4.1/armv7-m/crtbegin.o
 .jcr           0x1fff80c8        0x4 c:/program files (x86)/cypress/psoc creator/4.4/psoc creator/import/gnu/arm/5.4.1/bin/../lib/gcc/arm-none-eabi/5.4.1/armv7-m/crtend.o
 *(.got.plt)
 *(.got)
 *(.shdata)
 *(.data .data.* .gnu.linkonce.d.*)
 .data          0x1fff80cc        0x4 .\ARM_GCC_541\Debug\Cm3Start.o
 .data          0x1fff80d0        0x1 .\ARM_GCC_541\Debug\LucaSpenglerPSoC5OneWire.a(ADC_DelSig_1.o)
                0x1fff80d0                ADC_DelSig_1_Config
 .data          0x1fff80d1        0x1 .\ARM_GCC_541\Debug\LucaSpenglerPSoC5OneWire.a(ADC_DelSig_1_AMux.o)
 *fill*         0x1fff80d2        0x2 
 .data          0x1fff80d4       0x10 .\ARM_GCC_541\Debug\LucaSpenglerPSoC5OneWire.a(CyLib.o)
                0x1fff80d4                cydelay_freq_hz
                0x1fff80d8                cydelay_freq_khz
                0x1fff80dc                cydelay_freq_mhz
                0x1fff80e0                cydelay_32k_ms
 .data.impure_data
                0x1fff80e4       0x60 c:/program files (x86)/cypress/psoc creator/4.4/psoc creator/import/gnu/arm/5.4.1/bin/../lib/gcc/arm-none-eabi/5.4.1/../../../../arm-none-eabi/lib/armv7-m\libg_nano.a(lib_a-impure.o)
 .data._impure_ptr
                0x1fff8144        0x4 c:/program files (x86)/cypress/psoc creator/4.4/psoc creator/import/gnu/arm/5.4.1/bin/../lib/gcc/arm-none-eabi/5.4.1/../../../../arm-none-eabi/lib/armv7-m\libg_nano.a(lib_a-impure.o)
                0x1fff8144                _impure_ptr
                0x1fff8148                . = ALIGN (0x8)
 *(.ram)
                0x1fff8148                _edata = .

.igot.plt       0x1fff8148        0x0 load address 0x000026f8
 .igot.plt      0x1fff8148        0x0 c:/program files (x86)/cypress/psoc creator/4.4/psoc creator/import/gnu/arm/5.4.1/bin/../lib/gcc/arm-none-eabi/5.4.1/armv7-m/crtbegin.o

.bss            0x1fff8148       0x50 load address 0x000026f8
                0x1fff8148                PROVIDE (__bss_start__, .)
 *(.shbss)
 *(.bss .bss.* .gnu.linkonce.b.*)
 .bss           0x1fff8148       0x1c c:/program files (x86)/cypress/psoc creator/4.4/psoc creator/import/gnu/arm/5.4.1/bin/../lib/gcc/arm-none-eabi/5.4.1/armv7-m/crtbegin.o
 .bss           0x1fff8164        0x1 .\ARM_GCC_541\Debug\main.o
                0x1fff8164                gADC_ISR
 *fill*         0x1fff8165        0x3 
 .bss           0x1fff8168       0x18 .\ARM_GCC_541\Debug\LucaSpenglerPSoC5OneWire.a(ADC_DelSig_1.o)
                0x1fff8168                ADC_DelSig_1_convDone
                0x1fff8169                ADC_DelSig_1_stopConversion
                0x1fff816a                ADC_DelSig_1_initVar
                0x1fff816b                ADC_DelSig_1_started
                0x1fff816c                ADC_DelSig_1_Offset
 .bss           0x1fff8180        0x2 .\ARM_GCC_541\Debug\LucaSpenglerPSoC5OneWire.a(UART_1.o)
                0x1fff8180                UART_1_initVar
 *fill*         0x1fff8182        0x2 
 .bss.__malloc_sbrk_start
                0x1fff8184        0x4 c:/program files (x86)/cypress/psoc creator/4.4/psoc creator/import/gnu/arm/5.4.1/bin/../lib/gcc/arm-none-eabi/5.4.1/../../../../arm-none-eabi/lib/armv7-m\libg_nano.a(lib_a-nano-mallocr.o)
                0x1fff8184                __malloc_sbrk_start
 .bss.__malloc_free_list
                0x1fff8188        0x4 c:/program files (x86)/cypress/psoc creator/4.4/psoc creator/import/gnu/arm/5.4.1/bin/../lib/gcc/arm-none-eabi/5.4.1/../../../../arm-none-eabi/lib/armv7-m\libg_nano.a(lib_a-nano-mallocr.o)
                0x1fff8188                __malloc_free_list
 *(COMMON)
 COMMON         0x1fff818c        0x4 .\ARM_GCC_541\Debug\LucaSpenglerPSoC5OneWire.a(ADC_DelSig_1.o)
                0x1fff818c                ADC_DelSig_1_CountsPerVolt
 COMMON         0x1fff8190        0x4 c:/program files (x86)/cypress/psoc creator/4.4/psoc creator/import/gnu/arm/5.4.1/bin/../lib/gcc/arm-none-eabi/5.4.1/../../../../arm-none-eabi/lib/armv7-m\libg_nano.a(lib_a-reent.o)
                0x1fff8190                errno
                0x1fff8198                . = ALIGN (0x8)
 *fill*         0x1fff8194        0x4 
 *(.ram.b)
                0x1fff8198                _end = .
                0x1fff8198                __end = .
                0x1fff8198                PROVIDE (end, .)
                0x1fff8198                PROVIDE (__bss_end__, .)
                0x00002678                __cy_region_init_ram = LOADADDR (.data)
                0x00000080                __cy_region_init_size_ram = (_edata - ADDR (.data))
                0x00000050                __cy_region_zero_size_ram = (_end - _edata)

.heap           0x1fff8198       0x80 load address 0x000026f8
                0x1fff8198                . = _end
                0x1fff8218                . = (. + 0x80)
 *fill*         0x1fff8198       0x80 
                0x1fff8218                __cy_heap_limit = .

.stack          0x20007800      0x800
                0x20007800                __cy_stack_limit = .
                0x20008000                . = (. + 0x800)
 *fill*         0x20007800      0x800 
                0x00000001                ASSERT ((__cy_stack_limit >= __cy_heap_limit), region RAM overflowed with stack)
                0x00000000                cy_checksum_exclude_size = (CY_APPL_LOADABLE == 0x1)?SIZEOF (.cy_checksum_exclude):0x0
                0x00000001                ASSERT ((cy_checksum_exclude_size <= CY_CHECKSUM_EXCLUDE_SIZE), CY_BOOT: Section .cy_checksum_exclude size exceedes specified limit.)

.cyloadermeta
 *(.cyloadermeta)

.cyloadablemeta
 *(.cyloadablemeta)

.cyconfigecc    0x80000000      0x3a0
 *(.cyconfigecc)
 .cyconfigecc   0x80000000      0x3a0 .\ARM_GCC_541\Debug\cymetadata.o
                0x80000000                cy_meta_configecc

.cycustnvl      0x90000000        0x4
 *(.cycustnvl)
 .cycustnvl     0x90000000        0x4 .\ARM_GCC_541\Debug\cymetadata.o
                0x90000000                cy_meta_custnvl

.cywolatch      0x90100000        0x4
 *(.cywolatch)
 .cywolatch     0x90100000        0x4 .\ARM_GCC_541\Debug\cymetadata.o
                0x90100000                cy_meta_wonvl

.cyeeprom       0x90200000        0x0
 *(.cyeeprom)
                0x00000001                ASSERT ((. <= ((0x90200000 + ee_offset) + ee_size)), .cyeeprom data will not fit in EEPROM)

.cyflashprotect
                0x90400000      0x100
 *(.cyflashprotect)
 .cyflashprotect
                0x90400000      0x100 .\ARM_GCC_541\Debug\cymetadata.o
                0x90400000                cy_meta_flashprotect

.cymeta         0x90500000        0xc
 *(.cymeta)
 .cymeta        0x90500000        0xc .\ARM_GCC_541\Debug\cymetadata.o
                0x90500000                cy_metadata

.rel.dyn        0x000026f8        0x0 load address 0x9050000c
 .rel.iplt      0x000026f8        0x0 c:/program files (x86)/cypress/psoc creator/4.4/psoc creator/import/gnu/arm/5.4.1/bin/../lib/gcc/arm-none-eabi/5.4.1/armv7-m/crtbegin.o

.stab
 *(.stab)

.stabstr
 *(.stabstr)

.debug
 *(.debug)

.line
 *(.line)

.debug_srcinfo
 *(.debug_srcinfo)

.debug_sfnames
 *(.debug_sfnames)

.debug_aranges  0x00000000      0x968
 *(.debug_aranges)
 .debug_aranges
                0x00000000       0x20 .\ARM_GCC_541\Debug\main.o
 .debug_aranges
                0x00000020       0x40 .\ARM_GCC_541\Debug\OneWire.o
 .debug_aranges
                0x00000060       0x70 .\ARM_GCC_541\Debug\cyfitter_cfg.o
 .debug_aranges
                0x000000d0       0x18 .\ARM_GCC_541\Debug\cymetadata.o
 .debug_aranges
                0x000000e8       0x48 .\ARM_GCC_541\Debug\Cm3Start.o
 .debug_aranges
                0x00000130       0xe8 .\ARM_GCC_541\Debug\LucaSpenglerPSoC5OneWire.a(ADC_DelSig_1.o)
 .debug_aranges
                0x00000218       0x38 .\ARM_GCC_541\Debug\LucaSpenglerPSoC5OneWire.a(ADC_DelSig_1_INT.o)
 .debug_aranges
                0x00000250       0xf0 .\ARM_GCC_541\Debug\LucaSpenglerPSoC5OneWire.a(UART_1.o)
 .debug_aranges
                0x00000340       0x30 .\ARM_GCC_541\Debug\LucaSpenglerPSoC5OneWire.a(ADC_DelSig_1_AMux.o)
 .debug_aranges
                0x00000370       0x70 .\ARM_GCC_541\Debug\LucaSpenglerPSoC5OneWire.a(ADC_DelSig_1_Ext_CP_Clk.o)
 .debug_aranges
                0x000003e0       0x80 .\ARM_GCC_541\Debug\LucaSpenglerPSoC5OneWire.a(ADC_DelSig_1_theACLK.o)
 .debug_aranges
                0x00000460       0x70 .\ARM_GCC_541\Debug\LucaSpenglerPSoC5OneWire.a(UART_1_IntClock.o)
 .debug_aranges
                0x000004d0      0x2a0 .\ARM_GCC_541\Debug\LucaSpenglerPSoC5OneWire.a(CyLib.o)
 .debug_aranges
                0x00000770       0x98 .\ARM_GCC_541\Debug\LucaSpenglerPSoC5OneWire.a(cyPm.o)
 .debug_aranges
                0x00000808       0x38 .\ARM_GCC_541\Debug\LucaSpenglerPSoC5OneWire.a(onewire_pin.o)
 .debug_aranges
                0x00000840       0x20 .\ARM_GCC_541\Debug\LucaSpenglerPSoC5OneWire.a(CyBootAsmGnu.o)
 .debug_aranges
                0x00000860       0x88 .\ARM_GCC_541\Debug\LucaSpenglerPSoC5OneWire.a(CyFlash.o)
 .debug_aranges
                0x000008e8       0x80 .\ARM_GCC_541\Debug\LucaSpenglerPSoC5OneWire.a(CySpc.o)

.debug_pubnames
 *(.debug_pubnames)

.debug_info     0x00000000     0x40e3
 *(.debug_info .gnu.linkonce.wi.*)
 .debug_info    0x00000000      0x239 .\ARM_GCC_541\Debug\main.o
 .debug_info    0x00000239      0x1a8 .\ARM_GCC_541\Debug\OneWire.o
 .debug_info    0x000003e1      0x500 .\ARM_GCC_541\Debug\cyfitter_cfg.o
 .debug_info    0x000008e1      0x135 .\ARM_GCC_541\Debug\cymetadata.o
 .debug_info    0x00000a16      0x32b .\ARM_GCC_541\Debug\Cm3Start.o
 .debug_info    0x00000d41      0x72c .\ARM_GCC_541\Debug\LucaSpenglerPSoC5OneWire.a(ADC_DelSig_1.o)
 .debug_info    0x0000146d       0xef .\ARM_GCC_541\Debug\LucaSpenglerPSoC5OneWire.a(ADC_DelSig_1_INT.o)
 .debug_info    0x0000155c      0x50a .\ARM_GCC_541\Debug\LucaSpenglerPSoC5OneWire.a(UART_1.o)
 .debug_info    0x00001a66      0x10a .\ARM_GCC_541\Debug\LucaSpenglerPSoC5OneWire.a(ADC_DelSig_1_AMux.o)
 .debug_info    0x00001b70      0x25d .\ARM_GCC_541\Debug\LucaSpenglerPSoC5OneWire.a(ADC_DelSig_1_Ext_CP_Clk.o)
 .debug_info    0x00001dcd      0x299 .\ARM_GCC_541\Debug\LucaSpenglerPSoC5OneWire.a(ADC_DelSig_1_theACLK.o)
 .debug_info    0x00002066      0x25d .\ARM_GCC_541\Debug\LucaSpenglerPSoC5OneWire.a(UART_1_IntClock.o)
 .debug_info    0x000022c3      0xe51 .\ARM_GCC_541\Debug\LucaSpenglerPSoC5OneWire.a(CyLib.o)
 .debug_info    0x00003114      0x57a .\ARM_GCC_541\Debug\LucaSpenglerPSoC5OneWire.a(cyPm.o)
 .debug_info    0x0000368e      0x11e .\ARM_GCC_541\Debug\LucaSpenglerPSoC5OneWire.a(onewire_pin.o)
 .debug_info    0x000037ac       0xbe .\ARM_GCC_541\Debug\LucaSpenglerPSoC5OneWire.a(CyBootAsmGnu.o)
 .debug_info    0x0000386a      0x3b9 .\ARM_GCC_541\Debug\LucaSpenglerPSoC5OneWire.a(CyFlash.o)
 .debug_info    0x00003c23      0x4c0 .\ARM_GCC_541\Debug\LucaSpenglerPSoC5OneWire.a(CySpc.o)

.debug_abbrev   0x00000000     0x1388
 *(.debug_abbrev)
 .debug_abbrev  0x00000000       0xcb .\ARM_GCC_541\Debug\main.o
 .debug_abbrev  0x000000cb       0xb7 .\ARM_GCC_541\Debug\OneWire.o
 .debug_abbrev  0x00000182      0x1ca .\ARM_GCC_541\Debug\cyfitter_cfg.o
 .debug_abbrev  0x0000034c       0x66 .\ARM_GCC_541\Debug\cymetadata.o
 .debug_abbrev  0x000003b2      0x1d6 .\ARM_GCC_541\Debug\Cm3Start.o
 .debug_abbrev  0x00000588      0x19d .\ARM_GCC_541\Debug\LucaSpenglerPSoC5OneWire.a(ADC_DelSig_1.o)
 .debug_abbrev  0x00000725       0x67 .\ARM_GCC_541\Debug\LucaSpenglerPSoC5OneWire.a(ADC_DelSig_1_INT.o)
 .debug_abbrev  0x0000078c      0x163 .\ARM_GCC_541\Debug\LucaSpenglerPSoC5OneWire.a(UART_1.o)
 .debug_abbrev  0x000008ef       0x6f .\ARM_GCC_541\Debug\LucaSpenglerPSoC5OneWire.a(ADC_DelSig_1_AMux.o)
 .debug_abbrev  0x0000095e      0x11d .\ARM_GCC_541\Debug\LucaSpenglerPSoC5OneWire.a(ADC_DelSig_1_Ext_CP_Clk.o)
 .debug_abbrev  0x00000a7b      0x11d .\ARM_GCC_541\Debug\LucaSpenglerPSoC5OneWire.a(ADC_DelSig_1_theACLK.o)
 .debug_abbrev  0x00000b98      0x11d .\ARM_GCC_541\Debug\LucaSpenglerPSoC5OneWire.a(UART_1_IntClock.o)
 .debug_abbrev  0x00000cb5      0x217 .\ARM_GCC_541\Debug\LucaSpenglerPSoC5OneWire.a(CyLib.o)
 .debug_abbrev  0x00000ecc      0x161 .\ARM_GCC_541\Debug\LucaSpenglerPSoC5OneWire.a(cyPm.o)
 .debug_abbrev  0x0000102d       0x90 .\ARM_GCC_541\Debug\LucaSpenglerPSoC5OneWire.a(onewire_pin.o)
 .debug_abbrev  0x000010bd       0x14 .\ARM_GCC_541\Debug\LucaSpenglerPSoC5OneWire.a(CyBootAsmGnu.o)
 .debug_abbrev  0x000010d1      0x14b .\ARM_GCC_541\Debug\LucaSpenglerPSoC5OneWire.a(CyFlash.o)
 .debug_abbrev  0x0000121c      0x16c .\ARM_GCC_541\Debug\LucaSpenglerPSoC5OneWire.a(CySpc.o)

.debug_line     0x00000000     0x27f4
 *(.debug_line)
 .debug_line    0x00000000      0x1dd .\ARM_GCC_541\Debug\main.o
 .debug_line    0x000001dd      0x1e5 .\ARM_GCC_541\Debug\OneWire.o
 .debug_line    0x000003c2      0x24b .\ARM_GCC_541\Debug\cyfitter_cfg.o
 .debug_line    0x0000060d      0x141 .\ARM_GCC_541\Debug\cymetadata.o
 .debug_line    0x0000074e      0x1dc .\ARM_GCC_541\Debug\Cm3Start.o
 .debug_line    0x0000092a      0x3d7 .\ARM_GCC_541\Debug\LucaSpenglerPSoC5OneWire.a(ADC_DelSig_1.o)
 .debug_line    0x00000d01       0xa5 .\ARM_GCC_541\Debug\LucaSpenglerPSoC5OneWire.a(ADC_DelSig_1_INT.o)
 .debug_line    0x00000da6      0x2e4 .\ARM_GCC_541\Debug\LucaSpenglerPSoC5OneWire.a(UART_1.o)
 .debug_line    0x0000108a       0xa6 .\ARM_GCC_541\Debug\LucaSpenglerPSoC5OneWire.a(ADC_DelSig_1_AMux.o)
 .debug_line    0x00001130      0x1b6 .\ARM_GCC_541\Debug\LucaSpenglerPSoC5OneWire.a(ADC_DelSig_1_Ext_CP_Clk.o)
 .debug_line    0x000012e6      0x1d7 .\ARM_GCC_541\Debug\LucaSpenglerPSoC5OneWire.a(ADC_DelSig_1_theACLK.o)
 .debug_line    0x000014bd      0x1ae .\ARM_GCC_541\Debug\LucaSpenglerPSoC5OneWire.a(UART_1_IntClock.o)
 .debug_line    0x0000166b      0x883 .\ARM_GCC_541\Debug\LucaSpenglerPSoC5OneWire.a(CyLib.o)
 .debug_line    0x00001eee      0x38e .\ARM_GCC_541\Debug\LucaSpenglerPSoC5OneWire.a(cyPm.o)
 .debug_line    0x0000227c       0x9b .\ARM_GCC_541\Debug\LucaSpenglerPSoC5OneWire.a(onewire_pin.o)
 .debug_line    0x00002317       0x7d .\ARM_GCC_541\Debug\LucaSpenglerPSoC5OneWire.a(CyBootAsmGnu.o)
 .debug_line    0x00002394      0x22f .\ARM_GCC_541\Debug\LucaSpenglerPSoC5OneWire.a(CyFlash.o)
 .debug_line    0x000025c3      0x231 .\ARM_GCC_541\Debug\LucaSpenglerPSoC5OneWire.a(CySpc.o)

.debug_frame    0x00000000     0x2994
 *(.debug_frame)
 .debug_frame   0x00000000       0x34 .\ARM_GCC_541\Debug\main.o
 .debug_frame   0x00000034       0xd8 .\ARM_GCC_541\Debug\OneWire.o
 .debug_frame   0x0000010c      0x1bc .\ARM_GCC_541\Debug\cyfitter_cfg.o
 .debug_frame   0x000002c8       0xd8 .\ARM_GCC_541\Debug\Cm3Start.o
 .debug_frame   0x000003a0      0x40c .\ARM_GCC_541\Debug\LucaSpenglerPSoC5OneWire.a(ADC_DelSig_1.o)
 .debug_frame   0x000007ac       0xa0 .\ARM_GCC_541\Debug\LucaSpenglerPSoC5OneWire.a(ADC_DelSig_1_INT.o)
 .debug_frame   0x0000084c      0x42c .\ARM_GCC_541\Debug\LucaSpenglerPSoC5OneWire.a(UART_1.o)
 .debug_frame   0x00000c78       0x88 .\ARM_GCC_541\Debug\LucaSpenglerPSoC5OneWire.a(ADC_DelSig_1_AMux.o)
 .debug_frame   0x00000d00      0x1b4 .\ARM_GCC_541\Debug\LucaSpenglerPSoC5OneWire.a(ADC_DelSig_1_Ext_CP_Clk.o)
 .debug_frame   0x00000eb4      0x200 .\ARM_GCC_541\Debug\LucaSpenglerPSoC5OneWire.a(ADC_DelSig_1_theACLK.o)
 .debug_frame   0x000010b4      0x1b4 .\ARM_GCC_541\Debug\LucaSpenglerPSoC5OneWire.a(UART_1_IntClock.o)
 .debug_frame   0x00001268      0xc0c .\ARM_GCC_541\Debug\LucaSpenglerPSoC5OneWire.a(CyLib.o)
 .debug_frame   0x00001e74      0x234 .\ARM_GCC_541\Debug\LucaSpenglerPSoC5OneWire.a(cyPm.o)
 .debug_frame   0x000020a8       0xa8 .\ARM_GCC_541\Debug\LucaSpenglerPSoC5OneWire.a(onewire_pin.o)
 .debug_frame   0x00002150      0x238 .\ARM_GCC_541\Debug\LucaSpenglerPSoC5OneWire.a(CyFlash.o)
 .debug_frame   0x00002388      0x228 .\ARM_GCC_541\Debug\LucaSpenglerPSoC5OneWire.a(CySpc.o)
 .debug_frame   0x000025b0       0x20 c:/program files (x86)/cypress/psoc creator/4.4/psoc creator/import/gnu/arm/5.4.1/bin/../lib/gcc/arm-none-eabi/5.4.1/../../../../arm-none-eabi/lib/armv7-m\libg_nano.a(lib_a-errno.o)
 .debug_frame   0x000025d0       0x28 c:/program files (x86)/cypress/psoc creator/4.4/psoc creator/import/gnu/arm/5.4.1/bin/../lib/gcc/arm-none-eabi/5.4.1/../../../../arm-none-eabi/lib/armv7-m\libg_nano.a(lib_a-exit.o)
 .debug_frame   0x000025f8       0x2c c:/program files (x86)/cypress/psoc creator/4.4/psoc creator/import/gnu/arm/5.4.1/bin/../lib/gcc/arm-none-eabi/5.4.1/../../../../arm-none-eabi/lib/armv7-m\libg_nano.a(lib_a-init.o)
 .debug_frame   0x00002624       0x28 c:/program files (x86)/cypress/psoc creator/4.4/psoc creator/import/gnu/arm/5.4.1/bin/../lib/gcc/arm-none-eabi/5.4.1/../../../../arm-none-eabi/lib/armv7-m\libg_nano.a(lib_a-memcpy-stub.o)
 .debug_frame   0x0000264c       0x20 c:/program files (x86)/cypress/psoc creator/4.4/psoc creator/import/gnu/arm/5.4.1/bin/../lib/gcc/arm-none-eabi/5.4.1/../../../../arm-none-eabi/lib/armv7-m\libg_nano.a(lib_a-memset.o)
 .debug_frame   0x0000266c       0x70 c:/program files (x86)/cypress/psoc creator/4.4/psoc creator/import/gnu/arm/5.4.1/bin/../lib/gcc/arm-none-eabi/5.4.1/../../../../arm-none-eabi/lib/armv7-m\libg_nano.a(lib_a-sprintf.o)
 .debug_frame   0x000026dc       0x90 c:/program files (x86)/cypress/psoc creator/4.4/psoc creator/import/gnu/arm/5.4.1/bin/../lib/gcc/arm-none-eabi/5.4.1/../../../../arm-none-eabi/lib/armv7-m\libg_nano.a(lib_a-nano-svfprintf.o)
 .debug_frame   0x0000276c       0x60 c:/program files (x86)/cypress/psoc creator/4.4/psoc creator/import/gnu/arm/5.4.1/bin/../lib/gcc/arm-none-eabi/5.4.1/../../../../arm-none-eabi/lib/armv7-m\libg_nano.a(lib_a-nano-vfprintf_i.o)
 .debug_frame   0x000027cc       0x28 c:/program files (x86)/cypress/psoc creator/4.4/psoc creator/import/gnu/arm/5.4.1/bin/../lib/gcc/arm-none-eabi/5.4.1/../../../../arm-none-eabi/lib/armv7-m\libg_nano.a(lib_a-memchr-stub.o)
 .debug_frame   0x000027f4       0x28 c:/program files (x86)/cypress/psoc creator/4.4/psoc creator/import/gnu/arm/5.4.1/bin/../lib/gcc/arm-none-eabi/5.4.1/../../../../arm-none-eabi/lib/armv7-m\libg_nano.a(lib_a-memmove.o)
 .debug_frame   0x0000281c       0x38 c:/program files (x86)/cypress/psoc creator/4.4/psoc creator/import/gnu/arm/5.4.1/bin/../lib/gcc/arm-none-eabi/5.4.1/../../../../arm-none-eabi/lib/armv7-m\libg_nano.a(lib_a-nano-freer.o)
 .debug_frame   0x00002854       0x2c c:/program files (x86)/cypress/psoc creator/4.4/psoc creator/import/gnu/arm/5.4.1/bin/../lib/gcc/arm-none-eabi/5.4.1/../../../../arm-none-eabi/lib/armv7-m\libg_nano.a(lib_a-nano-mallocr.o)
 .debug_frame   0x00002880       0x3c c:/program files (x86)/cypress/psoc creator/4.4/psoc creator/import/gnu/arm/5.4.1/bin/../lib/gcc/arm-none-eabi/5.4.1/../../../../arm-none-eabi/lib/armv7-m\libg_nano.a(lib_a-nano-reallocr.o)
 .debug_frame   0x000028bc       0x2c c:/program files (x86)/cypress/psoc creator/4.4/psoc creator/import/gnu/arm/5.4.1/bin/../lib/gcc/arm-none-eabi/5.4.1/../../../../arm-none-eabi/lib/armv7-m\libg_nano.a(lib_a-sbrkr.o)
 .debug_frame   0x000028e8       0x30 c:/program files (x86)/cypress/psoc creator/4.4/psoc creator/import/gnu/arm/5.4.1/bin/../lib/gcc/arm-none-eabi/5.4.1/../../../../arm-none-eabi/lib/armv7-m\libg_nano.a(lib_a-mlock.o)
 .debug_frame   0x00002918       0x20 c:/program files (x86)/cypress/psoc creator/4.4/psoc creator/import/gnu/arm/5.4.1/bin/../lib/gcc/arm-none-eabi/5.4.1/../../../../arm-none-eabi/lib/armv7-m\libg_nano.a(lib_a-nano-msizer.o)
 .debug_frame   0x00002938       0x5c c:/program files (x86)/cypress/psoc creator/4.4/psoc creator/import/gnu/arm/5.4.1/bin/../lib/gcc/arm-none-eabi/5.4.1/../../../../arm-none-eabi/lib/armv7-m\libg_nano.a(lib_a-reent.o)

.debug_str      0x00000000     0x2250
 *(.debug_str)
 .debug_str     0x00000000      0x24d .\ARM_GCC_541\Debug\main.o
                                0x2a2 (size before relaxing)
 .debug_str     0x0000024d       0x63 .\ARM_GCC_541\Debug\OneWire.o
                                0x23d (size before relaxing)
 .debug_str     0x000002b0      0x200 .\ARM_GCC_541\Debug\cyfitter_cfg.o
                                0x3d6 (size before relaxing)
 .debug_str     0x000004b0       0x7f .\ARM_GCC_541\Debug\cymetadata.o
                                0x212 (size before relaxing)
 .debug_str     0x0000052f      0x117 .\ARM_GCC_541\Debug\Cm3Start.o
                                0x305 (size before relaxing)
 .debug_str     0x00000646      0x43e .\ARM_GCC_541\Debug\LucaSpenglerPSoC5OneWire.a(ADC_DelSig_1.o)
                                0x651 (size before relaxing)
 .debug_str     0x00000a84       0x72 .\ARM_GCC_541\Debug\LucaSpenglerPSoC5OneWire.a(ADC_DelSig_1_INT.o)
                                0x22a (size before relaxing)
 .debug_str     0x00000af6      0x2a1 .\ARM_GCC_541\Debug\LucaSpenglerPSoC5OneWire.a(UART_1.o)
                                0x489 (size before relaxing)
 .debug_str     0x00000d97       0x9c .\ARM_GCC_541\Debug\LucaSpenglerPSoC5OneWire.a(ADC_DelSig_1_AMux.o)
                                0x23e (size before relaxing)
 .debug_str     0x00000e33      0x220 .\ARM_GCC_541\Debug\LucaSpenglerPSoC5OneWire.a(ADC_DelSig_1_Ext_CP_Clk.o)
                                0x3dc (size before relaxing)
 .debug_str     0x00001053      0x208 .\ARM_GCC_541\Debug\LucaSpenglerPSoC5OneWire.a(ADC_DelSig_1_theACLK.o)
                                0x40d (size before relaxing)
 .debug_str     0x0000125b      0x177 .\ARM_GCC_541\Debug\LucaSpenglerPSoC5OneWire.a(UART_1_IntClock.o)
                                0x37c (size before relaxing)
 .debug_str     0x000013d2      0x806 .\ARM_GCC_541\Debug\LucaSpenglerPSoC5OneWire.a(CyLib.o)
                                0xa18 (size before relaxing)
 .debug_str     0x00001bd8      0x371 .\ARM_GCC_541\Debug\LucaSpenglerPSoC5OneWire.a(cyPm.o)
                                0x571 (size before relaxing)
 .debug_str     0x00001f49       0x84 .\ARM_GCC_541\Debug\LucaSpenglerPSoC5OneWire.a(onewire_pin.o)
                                0x22e (size before relaxing)
 .debug_str     0x00001fcd      0x156 .\ARM_GCC_541\Debug\LucaSpenglerPSoC5OneWire.a(CyFlash.o)
                                0x335 (size before relaxing)
 .debug_str     0x00002123      0x12d .\ARM_GCC_541\Debug\LucaSpenglerPSoC5OneWire.a(CySpc.o)
                                0x32f (size before relaxing)

.debug_loc
 *(.debug_loc)

.debug_macinfo
 *(.debug_macinfo)

.debug_ranges   0x00000000      0x830
 *(.debug_ranges)
 .debug_ranges  0x00000000       0x10 .\ARM_GCC_541\Debug\main.o
 .debug_ranges  0x00000010       0x30 .\ARM_GCC_541\Debug\OneWire.o
 .debug_ranges  0x00000040       0x60 .\ARM_GCC_541\Debug\cyfitter_cfg.o
 .debug_ranges  0x000000a0       0x38 .\ARM_GCC_541\Debug\Cm3Start.o
 .debug_ranges  0x000000d8       0xd8 .\ARM_GCC_541\Debug\LucaSpenglerPSoC5OneWire.a(ADC_DelSig_1.o)
 .debug_ranges  0x000001b0       0x28 .\ARM_GCC_541\Debug\LucaSpenglerPSoC5OneWire.a(ADC_DelSig_1_INT.o)
 .debug_ranges  0x000001d8       0xe0 .\ARM_GCC_541\Debug\LucaSpenglerPSoC5OneWire.a(UART_1.o)
 .debug_ranges  0x000002b8       0x20 .\ARM_GCC_541\Debug\LucaSpenglerPSoC5OneWire.a(ADC_DelSig_1_AMux.o)
 .debug_ranges  0x000002d8       0x60 .\ARM_GCC_541\Debug\LucaSpenglerPSoC5OneWire.a(ADC_DelSig_1_Ext_CP_Clk.o)
 .debug_ranges  0x00000338       0x70 .\ARM_GCC_541\Debug\LucaSpenglerPSoC5OneWire.a(ADC_DelSig_1_theACLK.o)
 .debug_ranges  0x000003a8       0x60 .\ARM_GCC_541\Debug\LucaSpenglerPSoC5OneWire.a(UART_1_IntClock.o)
 .debug_ranges  0x00000408      0x290 .\ARM_GCC_541\Debug\LucaSpenglerPSoC5OneWire.a(CyLib.o)
 .debug_ranges  0x00000698       0x88 .\ARM_GCC_541\Debug\LucaSpenglerPSoC5OneWire.a(cyPm.o)
 .debug_ranges  0x00000720       0x28 .\ARM_GCC_541\Debug\LucaSpenglerPSoC5OneWire.a(onewire_pin.o)
 .debug_ranges  0x00000748       0x78 .\ARM_GCC_541\Debug\LucaSpenglerPSoC5OneWire.a(CyFlash.o)
 .debug_ranges  0x000007c0       0x70 .\ARM_GCC_541\Debug\LucaSpenglerPSoC5OneWire.a(CySpc.o)

.comment        0x00000000       0x6e
 .comment       0x00000000       0x6e .\ARM_GCC_541\Debug\main.o
                                 0x6f (size before relaxing)
 .comment       0x0000006e       0x6f .\ARM_GCC_541\Debug\OneWire.o
 .comment       0x0000006e       0x6f .\ARM_GCC_541\Debug\cyfitter_cfg.o
 .comment       0x0000006e       0x6f .\ARM_GCC_541\Debug\cymetadata.o
 .comment       0x0000006e       0x6f .\ARM_GCC_541\Debug\Cm3Start.o
 .comment       0x0000006e       0x6f .\ARM_GCC_541\Debug\LucaSpenglerPSoC5OneWire.a(ADC_DelSig_1.o)
 .comment       0x0000006e       0x6f .\ARM_GCC_541\Debug\LucaSpenglerPSoC5OneWire.a(ADC_DelSig_1_INT.o)
 .comment       0x0000006e       0x6f .\ARM_GCC_541\Debug\LucaSpenglerPSoC5OneWire.a(UART_1.o)
 .comment       0x0000006e       0x6f .\ARM_GCC_541\Debug\LucaSpenglerPSoC5OneWire.a(ADC_DelSig_1_AMux.o)
 .comment       0x0000006e       0x6f .\ARM_GCC_541\Debug\LucaSpenglerPSoC5OneWire.a(ADC_DelSig_1_Ext_CP_Clk.o)
 .comment       0x0000006e       0x6f .\ARM_GCC_541\Debug\LucaSpenglerPSoC5OneWire.a(ADC_DelSig_1_theACLK.o)
 .comment       0x0000006e       0x6f .\ARM_GCC_541\Debug\LucaSpenglerPSoC5OneWire.a(UART_1_IntClock.o)
 .comment       0x0000006e       0x6f .\ARM_GCC_541\Debug\LucaSpenglerPSoC5OneWire.a(CyLib.o)
 .comment       0x0000006e       0x6f .\ARM_GCC_541\Debug\LucaSpenglerPSoC5OneWire.a(cyPm.o)
 .comment       0x0000006e       0x6f .\ARM_GCC_541\Debug\LucaSpenglerPSoC5OneWire.a(onewire_pin.o)
 .comment       0x0000006e       0x6f .\ARM_GCC_541\Debug\LucaSpenglerPSoC5OneWire.a(CyFlash.o)
 .comment       0x0000006e       0x6f .\ARM_GCC_541\Debug\LucaSpenglerPSoC5OneWire.a(CySpc.o)

.debug_weaknames
 *(.debug_weaknames)

.debug_funcnames
 *(.debug_funcnames)

.debug_typenames
 *(.debug_typenames)

.debug_varnames
 *(.debug_varnames)

.note.gnu.arm.ident
 *(.note.gnu.arm.ident)

.ARM.attributes
                0x00000000       0x29
 *(.ARM.attributes)
 .ARM.attributes
                0x00000000       0x1d c:/program files (x86)/cypress/psoc creator/4.4/psoc creator/import/gnu/arm/5.4.1/bin/../lib/gcc/arm-none-eabi/5.4.1/armv7-m/crti.o
 .ARM.attributes
                0x0000001d       0x2d c:/program files (x86)/cypress/psoc creator/4.4/psoc creator/import/gnu/arm/5.4.1/bin/../lib/gcc/arm-none-eabi/5.4.1/armv7-m/crtbegin.o
 .ARM.attributes
                0x0000004a       0x1b c:/program files (x86)/cypress/psoc creator/4.4/psoc creator/import/gnu/arm/5.4.1/bin/../lib/gcc/arm-none-eabi/5.4.1/../../../../arm-none-eabi/lib/armv7-m/crt0.o
 .ARM.attributes
                0x00000065       0x33 .\ARM_GCC_541\Debug\main.o
 .ARM.attributes
                0x00000098       0x33 .\ARM_GCC_541\Debug\OneWire.o
 .ARM.attributes
                0x000000cb       0x33 .\ARM_GCC_541\Debug\cyfitter_cfg.o
 .ARM.attributes
                0x000000fe       0x33 .\ARM_GCC_541\Debug\cymetadata.o
 .ARM.attributes
                0x00000131       0x33 .\ARM_GCC_541\Debug\Cm3Start.o
 .ARM.attributes
                0x00000164       0x33 .\ARM_GCC_541\Debug\LucaSpenglerPSoC5OneWire.a(ADC_DelSig_1.o)
 .ARM.attributes
                0x00000197       0x33 .\ARM_GCC_541\Debug\LucaSpenglerPSoC5OneWire.a(ADC_DelSig_1_INT.o)
 .ARM.attributes
                0x000001ca       0x33 .\ARM_GCC_541\Debug\LucaSpenglerPSoC5OneWire.a(UART_1.o)
 .ARM.attributes
                0x000001fd       0x33 .\ARM_GCC_541\Debug\LucaSpenglerPSoC5OneWire.a(ADC_DelSig_1_AMux.o)
 .ARM.attributes
                0x00000230       0x33 .\ARM_GCC_541\Debug\LucaSpenglerPSoC5OneWire.a(ADC_DelSig_1_Ext_CP_Clk.o)
 .ARM.attributes
                0x00000263       0x33 .\ARM_GCC_541\Debug\LucaSpenglerPSoC5OneWire.a(ADC_DelSig_1_theACLK.o)
 .ARM.attributes
                0x00000296       0x33 .\ARM_GCC_541\Debug\LucaSpenglerPSoC5OneWire.a(UART_1_IntClock.o)
 .ARM.attributes
                0x000002c9       0x33 .\ARM_GCC_541\Debug\LucaSpenglerPSoC5OneWire.a(CyLib.o)
 .ARM.attributes
                0x000002fc       0x33 .\ARM_GCC_541\Debug\LucaSpenglerPSoC5OneWire.a(cyPm.o)
 .ARM.attributes
                0x0000032f       0x33 .\ARM_GCC_541\Debug\LucaSpenglerPSoC5OneWire.a(onewire_pin.o)
 .ARM.attributes
                0x00000362       0x21 .\ARM_GCC_541\Debug\LucaSpenglerPSoC5OneWire.a(CyBootAsmGnu.o)
 .ARM.attributes
                0x00000383       0x33 .\ARM_GCC_541\Debug\LucaSpenglerPSoC5OneWire.a(CyFlash.o)
 .ARM.attributes
                0x000003b6       0x33 .\ARM_GCC_541\Debug\LucaSpenglerPSoC5OneWire.a(CySpc.o)
 .ARM.attributes
                0x000003e9       0x1d c:/program files (x86)/cypress/psoc creator/4.4/psoc creator/import/gnu/arm/5.4.1/bin/../lib/gcc/arm-none-eabi/5.4.1/armv7-m\libgcc.a(_arm_addsubdf3.o)
 .ARM.attributes
                0x00000406       0x1d c:/program files (x86)/cypress/psoc creator/4.4/psoc creator/import/gnu/arm/5.4.1/bin/../lib/gcc/arm-none-eabi/5.4.1/armv7-m\libgcc.a(_arm_cmpdf2.o)
 .ARM.attributes
                0x00000423       0x1d c:/program files (x86)/cypress/psoc creator/4.4/psoc creator/import/gnu/arm/5.4.1/bin/../lib/gcc/arm-none-eabi/5.4.1/armv7-m\libgcc.a(_arm_addsubsf3.o)
 .ARM.attributes
                0x00000440       0x1d c:/program files (x86)/cypress/psoc creator/4.4/psoc creator/import/gnu/arm/5.4.1/bin/../lib/gcc/arm-none-eabi/5.4.1/armv7-m\libgcc.a(_arm_muldivsf3.o)
 .ARM.attributes
                0x0000045d       0x1d c:/program files (x86)/cypress/psoc creator/4.4/psoc creator/import/gnu/arm/5.4.1/bin/../lib/gcc/arm-none-eabi/5.4.1/armv7-m\libgcc.a(_arm_fixunssfsi.o)
 .ARM.attributes
                0x0000047a       0x2d c:/program files (x86)/cypress/psoc creator/4.4/psoc creator/import/gnu/arm/5.4.1/bin/../lib/gcc/arm-none-eabi/5.4.1/../../../../arm-none-eabi/lib/armv7-m\libg_nano.a(lib_a-errno.o)
 .ARM.attributes
                0x000004a7       0x2d c:/program files (x86)/cypress/psoc creator/4.4/psoc creator/import/gnu/arm/5.4.1/bin/../lib/gcc/arm-none-eabi/5.4.1/../../../../arm-none-eabi/lib/armv7-m\libg_nano.a(lib_a-exit.o)
 .ARM.attributes
                0x000004d4       0x2d c:/program files (x86)/cypress/psoc creator/4.4/psoc creator/import/gnu/arm/5.4.1/bin/../lib/gcc/arm-none-eabi/5.4.1/../../../../arm-none-eabi/lib/armv7-m\libg_nano.a(lib_a-impure.o)
 .ARM.attributes
                0x00000501       0x2d c:/program files (x86)/cypress/psoc creator/4.4/psoc creator/import/gnu/arm/5.4.1/bin/../lib/gcc/arm-none-eabi/5.4.1/../../../../arm-none-eabi/lib/armv7-m\libg_nano.a(lib_a-init.o)
 .ARM.attributes
                0x0000052e       0x2d c:/program files (x86)/cypress/psoc creator/4.4/psoc creator/import/gnu/arm/5.4.1/bin/../lib/gcc/arm-none-eabi/5.4.1/../../../../arm-none-eabi/lib/armv7-m\libg_nano.a(lib_a-memcpy-stub.o)
 .ARM.attributes
                0x0000055b       0x2d c:/program files (x86)/cypress/psoc creator/4.4/psoc creator/import/gnu/arm/5.4.1/bin/../lib/gcc/arm-none-eabi/5.4.1/../../../../arm-none-eabi/lib/armv7-m\libg_nano.a(lib_a-memset.o)
 .ARM.attributes
                0x00000588       0x2d c:/program files (x86)/cypress/psoc creator/4.4/psoc creator/import/gnu/arm/5.4.1/bin/../lib/gcc/arm-none-eabi/5.4.1/../../../../arm-none-eabi/lib/armv7-m\libg_nano.a(lib_a-sprintf.o)
 .ARM.attributes
                0x000005b5       0x2d c:/program files (x86)/cypress/psoc creator/4.4/psoc creator/import/gnu/arm/5.4.1/bin/../lib/gcc/arm-none-eabi/5.4.1/../../../../arm-none-eabi/lib/armv7-m\libg_nano.a(lib_a-nano-svfprintf.o)
 .ARM.attributes
                0x000005e2       0x2d c:/program files (x86)/cypress/psoc creator/4.4/psoc creator/import/gnu/arm/5.4.1/bin/../lib/gcc/arm-none-eabi/5.4.1/../../../../arm-none-eabi/lib/armv7-m\libg_nano.a(lib_a-nano-vfprintf_i.o)
 .ARM.attributes
                0x0000060f       0x2d c:/program files (x86)/cypress/psoc creator/4.4/psoc creator/import/gnu/arm/5.4.1/bin/../lib/gcc/arm-none-eabi/5.4.1/../../../../arm-none-eabi/lib/armv7-m\libg_nano.a(lib_a-memchr-stub.o)
 .ARM.attributes
                0x0000063c       0x2d c:/program files (x86)/cypress/psoc creator/4.4/psoc creator/import/gnu/arm/5.4.1/bin/../lib/gcc/arm-none-eabi/5.4.1/../../../../arm-none-eabi/lib/armv7-m\libg_nano.a(lib_a-memmove.o)
 .ARM.attributes
                0x00000669       0x2d c:/program files (x86)/cypress/psoc creator/4.4/psoc creator/import/gnu/arm/5.4.1/bin/../lib/gcc/arm-none-eabi/5.4.1/../../../../arm-none-eabi/lib/armv7-m\libg_nano.a(lib_a-nano-freer.o)
 .ARM.attributes
                0x00000696       0x2d c:/program files (x86)/cypress/psoc creator/4.4/psoc creator/import/gnu/arm/5.4.1/bin/../lib/gcc/arm-none-eabi/5.4.1/../../../../arm-none-eabi/lib/armv7-m\libg_nano.a(lib_a-nano-mallocr.o)
 .ARM.attributes
                0x000006c3       0x2d c:/program files (x86)/cypress/psoc creator/4.4/psoc creator/import/gnu/arm/5.4.1/bin/../lib/gcc/arm-none-eabi/5.4.1/../../../../arm-none-eabi/lib/armv7-m\libg_nano.a(lib_a-nano-reallocr.o)
 .ARM.attributes
                0x000006f0       0x2d c:/program files (x86)/cypress/psoc creator/4.4/psoc creator/import/gnu/arm/5.4.1/bin/../lib/gcc/arm-none-eabi/5.4.1/../../../../arm-none-eabi/lib/armv7-m\libg_nano.a(lib_a-sbrkr.o)
 .ARM.attributes
                0x0000071d       0x2d c:/program files (x86)/cypress/psoc creator/4.4/psoc creator/import/gnu/arm/5.4.1/bin/../lib/gcc/arm-none-eabi/5.4.1/../../../../arm-none-eabi/lib/armv7-m\libg_nano.a(lib_a-mlock.o)
 .ARM.attributes
                0x0000074a       0x2d c:/program files (x86)/cypress/psoc creator/4.4/psoc creator/import/gnu/arm/5.4.1/bin/../lib/gcc/arm-none-eabi/5.4.1/../../../../arm-none-eabi/lib/armv7-m\libg_nano.a(lib_a-nano-msizer.o)
 .ARM.attributes
                0x00000777       0x2d c:/program files (x86)/cypress/psoc creator/4.4/psoc creator/import/gnu/arm/5.4.1/bin/../lib/gcc/arm-none-eabi/5.4.1/../../../../arm-none-eabi/lib/armv7-m\libg_nano.a(lib_a-reent.o)
 .ARM.attributes
                0x000007a4       0x2d c:/program files (x86)/cypress/psoc creator/4.4/psoc creator/import/gnu/arm/5.4.1/bin/../lib/gcc/arm-none-eabi/5.4.1/armv7-m/crtend.o
 .ARM.attributes
                0x000007d1       0x1d c:/program files (x86)/cypress/psoc creator/4.4/psoc creator/import/gnu/arm/5.4.1/bin/../lib/gcc/arm-none-eabi/5.4.1/armv7-m/crtn.o

/DISCARD/
 *(.note.GNU-stack)
OUTPUT(C:\UserData\z004e6he\OneDrive - Siemens AG\Documents\PSoC Creator\PSoC\Exercise5\LucaSpenglerPSoC5OneWire.cydsn\ARM_GCC_541\Debug\LucaSpenglerPSoC5OneWire.elf elf32-littlearm)
