ARM GAS  C:\Users\z004e6he\AppData\Local\Temp\ccOxclzf.s 			page 1


   1              		.syntax unified
   2              		.cpu cortex-m3
   3              		.fpu softvfp
   4              		.eabi_attribute 20, 1
   5              		.eabi_attribute 21, 1
   6              		.eabi_attribute 23, 3
   7              		.eabi_attribute 24, 1
   8              		.eabi_attribute 25, 1
   9              		.eabi_attribute 26, 1
  10              		.eabi_attribute 30, 1
  11              		.eabi_attribute 34, 1
  12              		.eabi_attribute 18, 4
  13              		.thumb
  14              		.syntax unified
  15              		.file	"ADC_INT.c"
  16              		.text
  17              	.Ltext0:
  18              		.cfi_sections	.debug_frame
  19              		.section	.text.ADC_ISR1,"ax",%progbits
  20              		.align	2
  21              		.global	ADC_ISR1
  22              		.thumb
  23              		.thumb_func
  24              		.type	ADC_ISR1, %function
  25              	ADC_ISR1:
  26              	.LFB0:
  27              		.file 1 "Generated_Source\\PSoC5\\ADC_INT.c"
   1:Generated_Source\PSoC5/ADC_INT.c **** /*******************************************************************************
   2:Generated_Source\PSoC5/ADC_INT.c **** * File Name: ADC_INT.c
   3:Generated_Source\PSoC5/ADC_INT.c **** * Version 3.30
   4:Generated_Source\PSoC5/ADC_INT.c **** *
   5:Generated_Source\PSoC5/ADC_INT.c **** * Description:
   6:Generated_Source\PSoC5/ADC_INT.c **** *  This file contains the code that operates during the ADC_DelSig interrupt
   7:Generated_Source\PSoC5/ADC_INT.c **** *  service routine.
   8:Generated_Source\PSoC5/ADC_INT.c **** *
   9:Generated_Source\PSoC5/ADC_INT.c **** * Note:
  10:Generated_Source\PSoC5/ADC_INT.c **** *
  11:Generated_Source\PSoC5/ADC_INT.c **** ********************************************************************************
  12:Generated_Source\PSoC5/ADC_INT.c **** * Copyright 2008-2017, Cypress Semiconductor Corporation.  All rights reserved.
  13:Generated_Source\PSoC5/ADC_INT.c **** * You may use this file only in accordance with the license, terms, conditions,
  14:Generated_Source\PSoC5/ADC_INT.c **** * disclaimers, and limitations in the end user license agreement accompanying
  15:Generated_Source\PSoC5/ADC_INT.c **** * the software package with which this file was provided.
  16:Generated_Source\PSoC5/ADC_INT.c **** *******************************************************************************/
  17:Generated_Source\PSoC5/ADC_INT.c **** 
  18:Generated_Source\PSoC5/ADC_INT.c **** #include "ADC.h"
  19:Generated_Source\PSoC5/ADC_INT.c **** #include "cyapicallbacks.h"
  20:Generated_Source\PSoC5/ADC_INT.c **** 
  21:Generated_Source\PSoC5/ADC_INT.c **** 
  22:Generated_Source\PSoC5/ADC_INT.c **** /*******************************************************************************
  23:Generated_Source\PSoC5/ADC_INT.c **** * Custom Declarations and Variables
  24:Generated_Source\PSoC5/ADC_INT.c **** * - add user include files, prototypes and variables between the following
  25:Generated_Source\PSoC5/ADC_INT.c **** *   #START and #END tags
  26:Generated_Source\PSoC5/ADC_INT.c **** *******************************************************************************/
  27:Generated_Source\PSoC5/ADC_INT.c **** /* `#START ADC_SYS_VAR`  */
  28:Generated_Source\PSoC5/ADC_INT.c **** uint8 gADC_ISR = 0;
  29:Generated_Source\PSoC5/ADC_INT.c **** 
  30:Generated_Source\PSoC5/ADC_INT.c **** /* `#END`  */
ARM GAS  C:\Users\z004e6he\AppData\Local\Temp\ccOxclzf.s 			page 2


  31:Generated_Source\PSoC5/ADC_INT.c **** 
  32:Generated_Source\PSoC5/ADC_INT.c **** #if(ADC_IRQ_REMOVE == 0u)
  33:Generated_Source\PSoC5/ADC_INT.c **** 
  34:Generated_Source\PSoC5/ADC_INT.c **** 
  35:Generated_Source\PSoC5/ADC_INT.c ****     /*****************************************************************************
  36:Generated_Source\PSoC5/ADC_INT.c ****     * Function Name: ADC_ISR1
  37:Generated_Source\PSoC5/ADC_INT.c ****     ******************************************************************************
  38:Generated_Source\PSoC5/ADC_INT.c ****     *
  39:Generated_Source\PSoC5/ADC_INT.c ****     * Summary:
  40:Generated_Source\PSoC5/ADC_INT.c ****     *  Handle Interrupt Service Routine.
  41:Generated_Source\PSoC5/ADC_INT.c ****     *
  42:Generated_Source\PSoC5/ADC_INT.c ****     * Parameters:
  43:Generated_Source\PSoC5/ADC_INT.c ****     *  None
  44:Generated_Source\PSoC5/ADC_INT.c ****     *
  45:Generated_Source\PSoC5/ADC_INT.c ****     * Return:
  46:Generated_Source\PSoC5/ADC_INT.c ****     *  None
  47:Generated_Source\PSoC5/ADC_INT.c ****     *
  48:Generated_Source\PSoC5/ADC_INT.c ****     * Reentrant:
  49:Generated_Source\PSoC5/ADC_INT.c ****     *  No
  50:Generated_Source\PSoC5/ADC_INT.c ****     *
  51:Generated_Source\PSoC5/ADC_INT.c ****     *****************************************************************************/
  52:Generated_Source\PSoC5/ADC_INT.c ****     CY_ISR( ADC_ISR1)
  53:Generated_Source\PSoC5/ADC_INT.c ****     {
  28              		.loc 1 53 0
  29              		.cfi_startproc
  30              		@ args = 0, pretend = 0, frame = 0
  31              		@ frame_needed = 0, uses_anonymous_args = 0
  32              		@ link register save eliminated.
  54:Generated_Source\PSoC5/ADC_INT.c ****         #ifdef ADC_ISR1_ENTRY_CALLBACK
  55:Generated_Source\PSoC5/ADC_INT.c ****             ADC_ISR1_EntryCallback();
  56:Generated_Source\PSoC5/ADC_INT.c ****         #endif /* ADC_ISR1_ENTRY_CALLBACK */
  57:Generated_Source\PSoC5/ADC_INT.c ****         
  58:Generated_Source\PSoC5/ADC_INT.c **** 
  59:Generated_Source\PSoC5/ADC_INT.c ****         /**************************************************************************
  60:Generated_Source\PSoC5/ADC_INT.c ****         *  Custom Code
  61:Generated_Source\PSoC5/ADC_INT.c ****         *  - add user ISR code between the following #START and #END tags
  62:Generated_Source\PSoC5/ADC_INT.c ****         **************************************************************************/
  63:Generated_Source\PSoC5/ADC_INT.c ****         /* `#START MAIN_ADC_ISR1`  */
  64:Generated_Source\PSoC5/ADC_INT.c ****         gADC_ISR = 1;
  33              		.loc 1 64 0
  34 0000 0122     		movs	r2, #1
  35 0002 014B     		ldr	r3, .L2
  36 0004 1A70     		strb	r2, [r3]
  37 0006 7047     		bx	lr
  38              	.L3:
  39              		.align	2
  40              	.L2:
  41 0008 00000000 		.word	.LANCHOR0
  42              		.cfi_endproc
  43              	.LFE0:
  44              		.size	ADC_ISR1, .-ADC_ISR1
  45              		.section	.text.ADC_ISR2,"ax",%progbits
  46              		.align	2
  47              		.global	ADC_ISR2
  48              		.thumb
  49              		.thumb_func
  50              		.type	ADC_ISR2, %function
ARM GAS  C:\Users\z004e6he\AppData\Local\Temp\ccOxclzf.s 			page 3


  51              	ADC_ISR2:
  52              	.LFB1:
  65:Generated_Source\PSoC5/ADC_INT.c ****         /* `#END`  */
  66:Generated_Source\PSoC5/ADC_INT.c ****         
  67:Generated_Source\PSoC5/ADC_INT.c ****         /* Stop the conversion if conversion mode is single sample and resolution
  68:Generated_Source\PSoC5/ADC_INT.c ****         *  is above 16 bits.
  69:Generated_Source\PSoC5/ADC_INT.c ****         */
  70:Generated_Source\PSoC5/ADC_INT.c ****         #if(ADC_CFG1_RESOLUTION > 16 && \
  71:Generated_Source\PSoC5/ADC_INT.c ****             ADC_CFG1_CONV_MODE == ADC_MODE_SINGLE_SAMPLE)
  72:Generated_Source\PSoC5/ADC_INT.c ****             ADC_StopConvert();
  73:Generated_Source\PSoC5/ADC_INT.c ****             /* Software flag for checking conversion complete or not. Will be used when
  74:Generated_Source\PSoC5/ADC_INT.c ****             *  resolution is above 16 bits and conversion mode is single sample 
  75:Generated_Source\PSoC5/ADC_INT.c **** 			*/
  76:Generated_Source\PSoC5/ADC_INT.c ****             ADC_convDone = ADC_DEC_CONV_DONE;
  77:Generated_Source\PSoC5/ADC_INT.c ****         #endif /* Single sample conversion mode with resolution above 16 bits */
  78:Generated_Source\PSoC5/ADC_INT.c **** 
  79:Generated_Source\PSoC5/ADC_INT.c ****         #ifdef ADC_ISR1_EXIT_CALLBACK
  80:Generated_Source\PSoC5/ADC_INT.c ****             ADC_ISR1_ExitCallback();
  81:Generated_Source\PSoC5/ADC_INT.c ****         #endif /* ADC_ISR1_EXIT_CALLBACK */
  82:Generated_Source\PSoC5/ADC_INT.c ****     }
  83:Generated_Source\PSoC5/ADC_INT.c **** 
  84:Generated_Source\PSoC5/ADC_INT.c **** 
  85:Generated_Source\PSoC5/ADC_INT.c ****     /*****************************************************************************
  86:Generated_Source\PSoC5/ADC_INT.c ****     * Function Name: ADC_ISR2
  87:Generated_Source\PSoC5/ADC_INT.c ****     ******************************************************************************
  88:Generated_Source\PSoC5/ADC_INT.c ****     *
  89:Generated_Source\PSoC5/ADC_INT.c ****     * Summary:
  90:Generated_Source\PSoC5/ADC_INT.c ****     *  Handle Interrupt Service Routine.
  91:Generated_Source\PSoC5/ADC_INT.c ****     *
  92:Generated_Source\PSoC5/ADC_INT.c ****     * Parameters:
  93:Generated_Source\PSoC5/ADC_INT.c ****     *  None
  94:Generated_Source\PSoC5/ADC_INT.c ****     *
  95:Generated_Source\PSoC5/ADC_INT.c ****     * Return:
  96:Generated_Source\PSoC5/ADC_INT.c ****     *  None
  97:Generated_Source\PSoC5/ADC_INT.c ****     *
  98:Generated_Source\PSoC5/ADC_INT.c ****     * Reentrant:
  99:Generated_Source\PSoC5/ADC_INT.c ****     *  No
 100:Generated_Source\PSoC5/ADC_INT.c ****     *
 101:Generated_Source\PSoC5/ADC_INT.c ****     *****************************************************************************/
 102:Generated_Source\PSoC5/ADC_INT.c ****     CY_ISR( ADC_ISR2)
 103:Generated_Source\PSoC5/ADC_INT.c ****     {
  53              		.loc 1 103 0
  54              		.cfi_startproc
  55              		@ args = 0, pretend = 0, frame = 0
  56              		@ frame_needed = 0, uses_anonymous_args = 0
  57              		@ link register save eliminated.
  58 0000 7047     		bx	lr
  59              		.cfi_endproc
  60              	.LFE1:
  61              		.size	ADC_ISR2, .-ADC_ISR2
  62 0002 00BF     		.section	.text.ADC_ISR3,"ax",%progbits
  63              		.align	2
  64              		.global	ADC_ISR3
  65              		.thumb
  66              		.thumb_func
  67              		.type	ADC_ISR3, %function
  68              	ADC_ISR3:
ARM GAS  C:\Users\z004e6he\AppData\Local\Temp\ccOxclzf.s 			page 4


  69              	.LFB2:
 104:Generated_Source\PSoC5/ADC_INT.c ****         #ifdef ADC_ISR2_ENTRY_CALLBACK
 105:Generated_Source\PSoC5/ADC_INT.c ****             ADC_ISR2_EntryCallback();
 106:Generated_Source\PSoC5/ADC_INT.c ****         #endif /* ADC_ISR2_ENTRY_CALLBACK */
 107:Generated_Source\PSoC5/ADC_INT.c ****         
 108:Generated_Source\PSoC5/ADC_INT.c ****         
 109:Generated_Source\PSoC5/ADC_INT.c ****         /***************************************************************************
 110:Generated_Source\PSoC5/ADC_INT.c ****         *  Custom Code
 111:Generated_Source\PSoC5/ADC_INT.c ****         *  - add user ISR code between the following #START and #END tags
 112:Generated_Source\PSoC5/ADC_INT.c ****         **************************************************************************/
 113:Generated_Source\PSoC5/ADC_INT.c ****         /* `#START MAIN_ADC_ISR2`  */
 114:Generated_Source\PSoC5/ADC_INT.c **** 
 115:Generated_Source\PSoC5/ADC_INT.c ****         /* `#END`  */
 116:Generated_Source\PSoC5/ADC_INT.c **** 
 117:Generated_Source\PSoC5/ADC_INT.c ****         /* Stop the conversion conversion mode is single sample and resolution
 118:Generated_Source\PSoC5/ADC_INT.c ****         *  is above 16 bits.
 119:Generated_Source\PSoC5/ADC_INT.c ****         */
 120:Generated_Source\PSoC5/ADC_INT.c ****         #if(ADC_CFG2_RESOLUTION > 16 && \
 121:Generated_Source\PSoC5/ADC_INT.c ****             ADC_CFG2_CONVMODE == ADC_MODE_SINGLE_SAMPLE)
 122:Generated_Source\PSoC5/ADC_INT.c ****             ADC_StopConvert();
 123:Generated_Source\PSoC5/ADC_INT.c ****             /* Software flag for checking conversion complete or not. Will be used when
 124:Generated_Source\PSoC5/ADC_INT.c ****             *   resolution is above 16 bits and conversion mode is single sample 
 125:Generated_Source\PSoC5/ADC_INT.c **** 			*/
 126:Generated_Source\PSoC5/ADC_INT.c ****             ADC_convDone = ADC_DEC_CONV_DONE;
 127:Generated_Source\PSoC5/ADC_INT.c ****         #endif /* Single sample conversion mode with resolution above 16 bits */
 128:Generated_Source\PSoC5/ADC_INT.c **** 
 129:Generated_Source\PSoC5/ADC_INT.c ****         #ifdef ADC_ISR2_EXIT_CALLBACK
 130:Generated_Source\PSoC5/ADC_INT.c ****             ADC_ISR2_ExitCallback();
 131:Generated_Source\PSoC5/ADC_INT.c ****         #endif /* ADC_ISR2_EXIT_CALLBACK */
 132:Generated_Source\PSoC5/ADC_INT.c ****     }
 133:Generated_Source\PSoC5/ADC_INT.c **** 
 134:Generated_Source\PSoC5/ADC_INT.c **** 
 135:Generated_Source\PSoC5/ADC_INT.c ****     /*****************************************************************************
 136:Generated_Source\PSoC5/ADC_INT.c ****     * Function Name: ADC_ISR3
 137:Generated_Source\PSoC5/ADC_INT.c ****     ******************************************************************************
 138:Generated_Source\PSoC5/ADC_INT.c ****     *
 139:Generated_Source\PSoC5/ADC_INT.c ****     * Summary:
 140:Generated_Source\PSoC5/ADC_INT.c ****     *  Handle Interrupt Service Routine.
 141:Generated_Source\PSoC5/ADC_INT.c ****     *
 142:Generated_Source\PSoC5/ADC_INT.c ****     * Parameters:
 143:Generated_Source\PSoC5/ADC_INT.c ****     *  None
 144:Generated_Source\PSoC5/ADC_INT.c ****     *
 145:Generated_Source\PSoC5/ADC_INT.c ****     * Return:
 146:Generated_Source\PSoC5/ADC_INT.c ****     *  None
 147:Generated_Source\PSoC5/ADC_INT.c ****     *
 148:Generated_Source\PSoC5/ADC_INT.c ****     * Reentrant:
 149:Generated_Source\PSoC5/ADC_INT.c ****     *  No
 150:Generated_Source\PSoC5/ADC_INT.c ****     *
 151:Generated_Source\PSoC5/ADC_INT.c ****     *****************************************************************************/
 152:Generated_Source\PSoC5/ADC_INT.c ****     CY_ISR( ADC_ISR3)
 153:Generated_Source\PSoC5/ADC_INT.c ****     {
  70              		.loc 1 153 0
  71              		.cfi_startproc
  72              		@ args = 0, pretend = 0, frame = 0
  73              		@ frame_needed = 0, uses_anonymous_args = 0
  74              		@ link register save eliminated.
  75 0000 7047     		bx	lr
ARM GAS  C:\Users\z004e6he\AppData\Local\Temp\ccOxclzf.s 			page 5


  76              		.cfi_endproc
  77              	.LFE2:
  78              		.size	ADC_ISR3, .-ADC_ISR3
  79 0002 00BF     		.section	.text.ADC_ISR4,"ax",%progbits
  80              		.align	2
  81              		.global	ADC_ISR4
  82              		.thumb
  83              		.thumb_func
  84              		.type	ADC_ISR4, %function
  85              	ADC_ISR4:
  86              	.LFB3:
 154:Generated_Source\PSoC5/ADC_INT.c ****         #ifdef ADC_ISR3_ENTRY_CALLBACK
 155:Generated_Source\PSoC5/ADC_INT.c ****             ADC_ISR3_EntryCallback();
 156:Generated_Source\PSoC5/ADC_INT.c ****         #endif /* ADC_ISR3_ENTRY_CALLBACK */        
 157:Generated_Source\PSoC5/ADC_INT.c **** 
 158:Generated_Source\PSoC5/ADC_INT.c ****         
 159:Generated_Source\PSoC5/ADC_INT.c ****         /***************************************************************************
 160:Generated_Source\PSoC5/ADC_INT.c ****         *  Custom Code
 161:Generated_Source\PSoC5/ADC_INT.c ****         *  - add user ISR code between the following #START and #END tags
 162:Generated_Source\PSoC5/ADC_INT.c ****         **************************************************************************/
 163:Generated_Source\PSoC5/ADC_INT.c ****         /* `#START MAIN_ADC_ISR3`  */
 164:Generated_Source\PSoC5/ADC_INT.c **** 
 165:Generated_Source\PSoC5/ADC_INT.c ****         /* `#END`  */
 166:Generated_Source\PSoC5/ADC_INT.c ****         
 167:Generated_Source\PSoC5/ADC_INT.c ****         /* Stop the conversion if conversion mode is set to single sample and
 168:Generated_Source\PSoC5/ADC_INT.c ****         *  resolution is above 16 bits.
 169:Generated_Source\PSoC5/ADC_INT.c ****         */
 170:Generated_Source\PSoC5/ADC_INT.c ****         #if(ADC_CFG3_RESOLUTION > 16 && \
 171:Generated_Source\PSoC5/ADC_INT.c ****             ADC_CFG3_CONVMODE == ADC_MODE_SINGLE_SAMPLE)
 172:Generated_Source\PSoC5/ADC_INT.c ****             ADC_StopConvert();
 173:Generated_Source\PSoC5/ADC_INT.c ****             /* Software flag for checking conversion complete or not. Will be used when
 174:Generated_Source\PSoC5/ADC_INT.c ****             *  resolution is above 16 bits and conversion mode is single sample 
 175:Generated_Source\PSoC5/ADC_INT.c **** 			*/
 176:Generated_Source\PSoC5/ADC_INT.c ****             ADC_convDone = ADC_DEC_CONV_DONE;
 177:Generated_Source\PSoC5/ADC_INT.c ****         #endif /* Single sample conversion mode with resolution above 16 bits */
 178:Generated_Source\PSoC5/ADC_INT.c **** 
 179:Generated_Source\PSoC5/ADC_INT.c ****         #ifdef ADC_ISR3_EXIT_CALLBACK
 180:Generated_Source\PSoC5/ADC_INT.c ****             ADC_ISR3_ExitCallback();
 181:Generated_Source\PSoC5/ADC_INT.c ****         #endif /* ADC_ISR3_EXIT_CALLBACK */        
 182:Generated_Source\PSoC5/ADC_INT.c ****     }
 183:Generated_Source\PSoC5/ADC_INT.c **** 
 184:Generated_Source\PSoC5/ADC_INT.c **** 
 185:Generated_Source\PSoC5/ADC_INT.c ****     /*****************************************************************************
 186:Generated_Source\PSoC5/ADC_INT.c ****     * Function Name: ADC_ISR4
 187:Generated_Source\PSoC5/ADC_INT.c ****     ******************************************************************************
 188:Generated_Source\PSoC5/ADC_INT.c ****     *
 189:Generated_Source\PSoC5/ADC_INT.c ****     * Summary:
 190:Generated_Source\PSoC5/ADC_INT.c ****     *  Handle Interrupt Service Routine.
 191:Generated_Source\PSoC5/ADC_INT.c ****     *
 192:Generated_Source\PSoC5/ADC_INT.c ****     * Parameters:
 193:Generated_Source\PSoC5/ADC_INT.c ****     *  None
 194:Generated_Source\PSoC5/ADC_INT.c ****     *
 195:Generated_Source\PSoC5/ADC_INT.c ****     * Return:
 196:Generated_Source\PSoC5/ADC_INT.c ****     *  None
 197:Generated_Source\PSoC5/ADC_INT.c ****     *
 198:Generated_Source\PSoC5/ADC_INT.c ****     * Reentrant:
 199:Generated_Source\PSoC5/ADC_INT.c ****     *  No
ARM GAS  C:\Users\z004e6he\AppData\Local\Temp\ccOxclzf.s 			page 6


 200:Generated_Source\PSoC5/ADC_INT.c ****     *
 201:Generated_Source\PSoC5/ADC_INT.c ****     *****************************************************************************/
 202:Generated_Source\PSoC5/ADC_INT.c ****     CY_ISR( ADC_ISR4)
 203:Generated_Source\PSoC5/ADC_INT.c ****     {
  87              		.loc 1 203 0
  88              		.cfi_startproc
  89              		@ args = 0, pretend = 0, frame = 0
  90              		@ frame_needed = 0, uses_anonymous_args = 0
  91              		@ link register save eliminated.
  92 0000 7047     		bx	lr
  93              		.cfi_endproc
  94              	.LFE3:
  95              		.size	ADC_ISR4, .-ADC_ISR4
  96              		.global	gADC_ISR
  97 0002 00BF     		.bss
  98              		.set	.LANCHOR0,. + 0
  99              		.type	gADC_ISR, %object
 100              		.size	gADC_ISR, 1
 101              	gADC_ISR:
 102 0000 00       		.space	1
 103              		.text
 104              	.Letext0:
 105              		.file 2 "Generated_Source\\PSoC5\\cytypes.h"
 106              		.section	.debug_info,"",%progbits
 107              	.Ldebug_info0:
 108 0000 EC000000 		.4byte	0xec
 109 0004 0400     		.2byte	0x4
 110 0006 00000000 		.4byte	.Ldebug_abbrev0
 111 000a 04       		.byte	0x4
 112 000b 01       		.uleb128 0x1
 113 000c 79000000 		.4byte	.LASF18
 114 0010 0C       		.byte	0xc
 115 0011 C1010000 		.4byte	.LASF19
 116 0015 0E000000 		.4byte	.LASF20
 117 0019 00000000 		.4byte	.Ldebug_ranges0+0
 118 001d 00000000 		.4byte	0
 119 0021 00000000 		.4byte	.Ldebug_line0
 120 0025 02       		.uleb128 0x2
 121 0026 01       		.byte	0x1
 122 0027 06       		.byte	0x6
 123 0028 96010000 		.4byte	.LASF0
 124 002c 02       		.uleb128 0x2
 125 002d 01       		.byte	0x1
 126 002e 08       		.byte	0x8
 127 002f 3C010000 		.4byte	.LASF1
 128 0033 02       		.uleb128 0x2
 129 0034 02       		.byte	0x2
 130 0035 05       		.byte	0x5
 131 0036 B7010000 		.4byte	.LASF2
 132 003a 02       		.uleb128 0x2
 133 003b 02       		.byte	0x2
 134 003c 07       		.byte	0x7
 135 003d 83010000 		.4byte	.LASF3
 136 0041 02       		.uleb128 0x2
 137 0042 04       		.byte	0x4
 138 0043 05       		.byte	0x5
 139 0044 61010000 		.4byte	.LASF4
ARM GAS  C:\Users\z004e6he\AppData\Local\Temp\ccOxclzf.s 			page 7


 140 0048 02       		.uleb128 0x2
 141 0049 04       		.byte	0x4
 142 004a 07       		.byte	0x7
 143 004b 0D010000 		.4byte	.LASF5
 144 004f 02       		.uleb128 0x2
 145 0050 08       		.byte	0x8
 146 0051 05       		.byte	0x5
 147 0052 00000000 		.4byte	.LASF6
 148 0056 02       		.uleb128 0x2
 149 0057 08       		.byte	0x8
 150 0058 07       		.byte	0x7
 151 0059 1F010000 		.4byte	.LASF7
 152 005d 03       		.uleb128 0x3
 153 005e 04       		.byte	0x4
 154 005f 05       		.byte	0x5
 155 0060 696E7400 		.ascii	"int\000"
 156 0064 02       		.uleb128 0x2
 157 0065 04       		.byte	0x4
 158 0066 07       		.byte	0x7
 159 0067 6C000000 		.4byte	.LASF8
 160 006b 04       		.uleb128 0x4
 161 006c 07010000 		.4byte	.LASF21
 162 0070 02       		.byte	0x2
 163 0071 E801     		.2byte	0x1e8
 164 0073 2C000000 		.4byte	0x2c
 165 0077 02       		.uleb128 0x2
 166 0078 04       		.byte	0x4
 167 0079 04       		.byte	0x4
 168 007a 36010000 		.4byte	.LASF9
 169 007e 02       		.uleb128 0x2
 170 007f 08       		.byte	0x8
 171 0080 04       		.byte	0x4
 172 0081 6A010000 		.4byte	.LASF10
 173 0085 02       		.uleb128 0x2
 174 0086 01       		.byte	0x1
 175 0087 08       		.byte	0x8
 176 0088 53010000 		.4byte	.LASF11
 177 008c 02       		.uleb128 0x2
 178 008d 08       		.byte	0x8
 179 008e 04       		.byte	0x4
 180 008f A2010000 		.4byte	.LASF12
 181 0093 02       		.uleb128 0x2
 182 0094 04       		.byte	0x4
 183 0095 07       		.byte	0x7
 184 0096 E2010000 		.4byte	.LASF13
 185 009a 05       		.uleb128 0x5
 186 009b 71010000 		.4byte	.LASF14
 187 009f 01       		.byte	0x1
 188 00a0 34       		.byte	0x34
 189 00a1 00000000 		.4byte	.LFB0
 190 00a5 0C000000 		.4byte	.LFE0-.LFB0
 191 00a9 01       		.uleb128 0x1
 192 00aa 9C       		.byte	0x9c
 193 00ab 05       		.uleb128 0x5
 194 00ac 7A010000 		.4byte	.LASF15
 195 00b0 01       		.byte	0x1
 196 00b1 66       		.byte	0x66
ARM GAS  C:\Users\z004e6he\AppData\Local\Temp\ccOxclzf.s 			page 8


 197 00b2 00000000 		.4byte	.LFB1
 198 00b6 02000000 		.4byte	.LFE1-.LFB1
 199 00ba 01       		.uleb128 0x1
 200 00bb 9C       		.byte	0x9c
 201 00bc 05       		.uleb128 0x5
 202 00bd 4A010000 		.4byte	.LASF16
 203 00c1 01       		.byte	0x1
 204 00c2 98       		.byte	0x98
 205 00c3 00000000 		.4byte	.LFB2
 206 00c7 02000000 		.4byte	.LFE2-.LFB2
 207 00cb 01       		.uleb128 0x1
 208 00cc 9C       		.byte	0x9c
 209 00cd 05       		.uleb128 0x5
 210 00ce 58010000 		.4byte	.LASF17
 211 00d2 01       		.byte	0x1
 212 00d3 CA       		.byte	0xca
 213 00d4 00000000 		.4byte	.LFB3
 214 00d8 02000000 		.4byte	.LFE3-.LFB3
 215 00dc 01       		.uleb128 0x1
 216 00dd 9C       		.byte	0x9c
 217 00de 06       		.uleb128 0x6
 218 00df AE010000 		.4byte	.LASF22
 219 00e3 01       		.byte	0x1
 220 00e4 1C       		.byte	0x1c
 221 00e5 6B000000 		.4byte	0x6b
 222 00e9 05       		.uleb128 0x5
 223 00ea 03       		.byte	0x3
 224 00eb 00000000 		.4byte	gADC_ISR
 225 00ef 00       		.byte	0
 226              		.section	.debug_abbrev,"",%progbits
 227              	.Ldebug_abbrev0:
 228 0000 01       		.uleb128 0x1
 229 0001 11       		.uleb128 0x11
 230 0002 01       		.byte	0x1
 231 0003 25       		.uleb128 0x25
 232 0004 0E       		.uleb128 0xe
 233 0005 13       		.uleb128 0x13
 234 0006 0B       		.uleb128 0xb
 235 0007 03       		.uleb128 0x3
 236 0008 0E       		.uleb128 0xe
 237 0009 1B       		.uleb128 0x1b
 238 000a 0E       		.uleb128 0xe
 239 000b 55       		.uleb128 0x55
 240 000c 17       		.uleb128 0x17
 241 000d 11       		.uleb128 0x11
 242 000e 01       		.uleb128 0x1
 243 000f 10       		.uleb128 0x10
 244 0010 17       		.uleb128 0x17
 245 0011 00       		.byte	0
 246 0012 00       		.byte	0
 247 0013 02       		.uleb128 0x2
 248 0014 24       		.uleb128 0x24
 249 0015 00       		.byte	0
 250 0016 0B       		.uleb128 0xb
 251 0017 0B       		.uleb128 0xb
 252 0018 3E       		.uleb128 0x3e
 253 0019 0B       		.uleb128 0xb
ARM GAS  C:\Users\z004e6he\AppData\Local\Temp\ccOxclzf.s 			page 9


 254 001a 03       		.uleb128 0x3
 255 001b 0E       		.uleb128 0xe
 256 001c 00       		.byte	0
 257 001d 00       		.byte	0
 258 001e 03       		.uleb128 0x3
 259 001f 24       		.uleb128 0x24
 260 0020 00       		.byte	0
 261 0021 0B       		.uleb128 0xb
 262 0022 0B       		.uleb128 0xb
 263 0023 3E       		.uleb128 0x3e
 264 0024 0B       		.uleb128 0xb
 265 0025 03       		.uleb128 0x3
 266 0026 08       		.uleb128 0x8
 267 0027 00       		.byte	0
 268 0028 00       		.byte	0
 269 0029 04       		.uleb128 0x4
 270 002a 16       		.uleb128 0x16
 271 002b 00       		.byte	0
 272 002c 03       		.uleb128 0x3
 273 002d 0E       		.uleb128 0xe
 274 002e 3A       		.uleb128 0x3a
 275 002f 0B       		.uleb128 0xb
 276 0030 3B       		.uleb128 0x3b
 277 0031 05       		.uleb128 0x5
 278 0032 49       		.uleb128 0x49
 279 0033 13       		.uleb128 0x13
 280 0034 00       		.byte	0
 281 0035 00       		.byte	0
 282 0036 05       		.uleb128 0x5
 283 0037 2E       		.uleb128 0x2e
 284 0038 00       		.byte	0
 285 0039 3F       		.uleb128 0x3f
 286 003a 19       		.uleb128 0x19
 287 003b 03       		.uleb128 0x3
 288 003c 0E       		.uleb128 0xe
 289 003d 3A       		.uleb128 0x3a
 290 003e 0B       		.uleb128 0xb
 291 003f 3B       		.uleb128 0x3b
 292 0040 0B       		.uleb128 0xb
 293 0041 27       		.uleb128 0x27
 294 0042 19       		.uleb128 0x19
 295 0043 11       		.uleb128 0x11
 296 0044 01       		.uleb128 0x1
 297 0045 12       		.uleb128 0x12
 298 0046 06       		.uleb128 0x6
 299 0047 40       		.uleb128 0x40
 300 0048 18       		.uleb128 0x18
 301 0049 9742     		.uleb128 0x2117
 302 004b 19       		.uleb128 0x19
 303 004c 00       		.byte	0
 304 004d 00       		.byte	0
 305 004e 06       		.uleb128 0x6
 306 004f 34       		.uleb128 0x34
 307 0050 00       		.byte	0
 308 0051 03       		.uleb128 0x3
 309 0052 0E       		.uleb128 0xe
 310 0053 3A       		.uleb128 0x3a
ARM GAS  C:\Users\z004e6he\AppData\Local\Temp\ccOxclzf.s 			page 10


 311 0054 0B       		.uleb128 0xb
 312 0055 3B       		.uleb128 0x3b
 313 0056 0B       		.uleb128 0xb
 314 0057 49       		.uleb128 0x49
 315 0058 13       		.uleb128 0x13
 316 0059 3F       		.uleb128 0x3f
 317 005a 19       		.uleb128 0x19
 318 005b 02       		.uleb128 0x2
 319 005c 18       		.uleb128 0x18
 320 005d 00       		.byte	0
 321 005e 00       		.byte	0
 322 005f 00       		.byte	0
 323              		.section	.debug_aranges,"",%progbits
 324 0000 34000000 		.4byte	0x34
 325 0004 0200     		.2byte	0x2
 326 0006 00000000 		.4byte	.Ldebug_info0
 327 000a 04       		.byte	0x4
 328 000b 00       		.byte	0
 329 000c 0000     		.2byte	0
 330 000e 0000     		.2byte	0
 331 0010 00000000 		.4byte	.LFB0
 332 0014 0C000000 		.4byte	.LFE0-.LFB0
 333 0018 00000000 		.4byte	.LFB1
 334 001c 02000000 		.4byte	.LFE1-.LFB1
 335 0020 00000000 		.4byte	.LFB2
 336 0024 02000000 		.4byte	.LFE2-.LFB2
 337 0028 00000000 		.4byte	.LFB3
 338 002c 02000000 		.4byte	.LFE3-.LFB3
 339 0030 00000000 		.4byte	0
 340 0034 00000000 		.4byte	0
 341              		.section	.debug_ranges,"",%progbits
 342              	.Ldebug_ranges0:
 343 0000 00000000 		.4byte	.LFB0
 344 0004 0C000000 		.4byte	.LFE0
 345 0008 00000000 		.4byte	.LFB1
 346 000c 02000000 		.4byte	.LFE1
 347 0010 00000000 		.4byte	.LFB2
 348 0014 02000000 		.4byte	.LFE2
 349 0018 00000000 		.4byte	.LFB3
 350 001c 02000000 		.4byte	.LFE3
 351 0020 00000000 		.4byte	0
 352 0024 00000000 		.4byte	0
 353              		.section	.debug_line,"",%progbits
 354              	.Ldebug_line0:
 355 0000 8C000000 		.section	.debug_str,"MS",%progbits,1
 355      02004400 
 355      00000201 
 355      FB0E0D00 
 355      01010101 
 356              	.LASF6:
 357 0000 6C6F6E67 		.ascii	"long long int\000"
 357      206C6F6E 
 357      6720696E 
 357      7400
 358              	.LASF20:
 359 000e 433A5C55 		.ascii	"C:\\UserData\\z004e6he\\OneDrive - Siemens AG\\Docu"
 359      73657244 
ARM GAS  C:\Users\z004e6he\AppData\Local\Temp\ccOxclzf.s 			page 11


 359      6174615C 
 359      7A303034 
 359      65366865 
 360 003d 6D656E74 		.ascii	"ments\\PSoC Creator\\PSoC\\Project\\Design01.cydsn\000"
 360      735C5053 
 360      6F432043 
 360      72656174 
 360      6F725C50 
 361              	.LASF8:
 362 006c 756E7369 		.ascii	"unsigned int\000"
 362      676E6564 
 362      20696E74 
 362      00
 363              	.LASF18:
 364 0079 474E5520 		.ascii	"GNU C11 5.4.1 20160609 (release) [ARM/embedded-5-br"
 364      43313120 
 364      352E342E 
 364      31203230 
 364      31363036 
 365 00ac 616E6368 		.ascii	"anch revision 237715] -mcpu=cortex-m3 -mthumb -g -O"
 365      20726576 
 365      6973696F 
 365      6E203233 
 365      37373135 
 366 00df 67202D66 		.ascii	"g -ffunction-sections -ffat-lto-objects\000"
 366      66756E63 
 366      74696F6E 
 366      2D736563 
 366      74696F6E 
 367              	.LASF21:
 368 0107 75696E74 		.ascii	"uint8\000"
 368      3800
 369              	.LASF5:
 370 010d 6C6F6E67 		.ascii	"long unsigned int\000"
 370      20756E73 
 370      69676E65 
 370      6420696E 
 370      7400
 371              	.LASF7:
 372 011f 6C6F6E67 		.ascii	"long long unsigned int\000"
 372      206C6F6E 
 372      6720756E 
 372      7369676E 
 372      65642069 
 373              	.LASF9:
 374 0136 666C6F61 		.ascii	"float\000"
 374      7400
 375              	.LASF1:
 376 013c 756E7369 		.ascii	"unsigned char\000"
 376      676E6564 
 376      20636861 
 376      7200
 377              	.LASF16:
 378 014a 4144435F 		.ascii	"ADC_ISR3\000"
 378      49535233 
 378      00
 379              	.LASF11:
ARM GAS  C:\Users\z004e6he\AppData\Local\Temp\ccOxclzf.s 			page 12


 380 0153 63686172 		.ascii	"char\000"
 380      00
 381              	.LASF17:
 382 0158 4144435F 		.ascii	"ADC_ISR4\000"
 382      49535234 
 382      00
 383              	.LASF4:
 384 0161 6C6F6E67 		.ascii	"long int\000"
 384      20696E74 
 384      00
 385              	.LASF10:
 386 016a 646F7562 		.ascii	"double\000"
 386      6C6500
 387              	.LASF14:
 388 0171 4144435F 		.ascii	"ADC_ISR1\000"
 388      49535231 
 388      00
 389              	.LASF15:
 390 017a 4144435F 		.ascii	"ADC_ISR2\000"
 390      49535232 
 390      00
 391              	.LASF3:
 392 0183 73686F72 		.ascii	"short unsigned int\000"
 392      7420756E 
 392      7369676E 
 392      65642069 
 392      6E7400
 393              	.LASF0:
 394 0196 7369676E 		.ascii	"signed char\000"
 394      65642063 
 394      68617200 
 395              	.LASF12:
 396 01a2 6C6F6E67 		.ascii	"long double\000"
 396      20646F75 
 396      626C6500 
 397              	.LASF22:
 398 01ae 67414443 		.ascii	"gADC_ISR\000"
 398      5F495352 
 398      00
 399              	.LASF2:
 400 01b7 73686F72 		.ascii	"short int\000"
 400      7420696E 
 400      7400
 401              	.LASF19:
 402 01c1 47656E65 		.ascii	"Generated_Source\\PSoC5\\ADC_INT.c\000"
 402      72617465 
 402      645F536F 
 402      75726365 
 402      5C50536F 
 403              	.LASF13:
 404 01e2 73697A65 		.ascii	"sizetype\000"
 404      74797065 
 404      00
 405              		.ident	"GCC: (GNU Tools for ARM Embedded Processors) 5.4.1 20160609 (release) [ARM/embedded-5-bran
